[DEBUG] Program starting...
[DEBUG] Arguments validated...
[INFO] Using observation config: policy/sonic_v1_1/observation_config.yaml
[INFO] Using encoder file: policy/sonic_v1_1/model_encoder.onnx
[INFO] Using planner file: planner/target_vel/V2/planner_sonic.onnx
[INFO] Using input type: zmq_manager
[INFO] Using output type: all
[INFO] CRC checking disabled for MuJoCo simulation
[DEBUG] Creating G1Deploy object...
1787402848.426004 [0] g1_deploy_: selected interface "lo" is not multicast-capable: disabling multicast
G1 type: 5
Reading motion data from CSV files in: reference/example/
Found 13 motion folders
✓ Loaded tired_one_leg_jumping_R_001__A359 (500 timesteps)
✓ Loaded macarena_001__A545 (1375 timesteps)
✓ Loaded tired_forward_lunge_R_001__A359_M (810 timesteps)
✓ Loaded forward_lunge_R_001__A359_M (399 timesteps)
✓ Loaded squat_001__A359 (424 timesteps)
✓ Loaded macarena_001__A545_M (1375 timesteps)
✓ Loaded walking_quip_360_R_002__A428_M (455 timesteps)
✓ Loaded dance_in_da_party_001__A464_M (497 timesteps)
✓ Loaded tired_one_leg_jumping_R_001__A359_M (500 timesteps)
✓ Loaded neutral_kick_R_001__A543_M (165 timesteps)
✓ Loaded dance_in_da_party_001__A464 (497 timesteps)
✓ Loaded walking_quip_360_R_002__A428 (455 timesteps)
✓ Loaded neutral_kick_R_001__A543 (165 timesteps)
✓ Motion data loaded successfully!
Started with motion: tired_one_leg_jumping_R_001__A359 (paused at frame 0)
Loading policy model...
hash value in file 8966bfebdd001b742319ae77394cc3307eb888201accfdb625766909cdc7021f
hash of onnx/gpu type 8966bfebdd001b742319ae77394cc3307eb888201accfdb625766909cdc7021f
INFO [/opt/gear_sonic_deploy/src/TRTInference/InferenceEngine.cpp(35)]: Loaded engine size: 142 MiB
INFO [/opt/gear_sonic_deploy/src/TRTInference/InferenceEngine.cpp(35)]: [MemUsageChange] TensorRT-managed allocation in IExecutionContext creation: CPU +0, GPU +0, now: CPU 0, GPU 142 (MiB)
INFO [/opt/gear_sonic_deploy/src/TRTInference/InferenceEngine.cpp(476)]: INPUT Tensor: obs_dict [1, 994]. 994 elements of type FLOAT
INFO [/opt/gear_sonic_deploy/src/TRTInference/InferenceEngine.cpp(476)]: OUTPUT Tensor: action [1, 29]. 29 elements of type FLOAT
✓ Successfully converted ONNX to TRT: policy/sonic_v1_1/policy_model_decoder.trt
✓ Policy engine initialized successfully!
  Model: policy/sonic_v1_1/model_decoder.onnx
  Input dimension: 994
  Action dimension: 29
  Input tensor: obs_dict
  Output tensor: action
  Precision: FP32
Capturing control policy CUDA graph...
✓ Control policy CUDA graph captured successfully!
✓ Policy model loaded successfully!
Loading observation configuration...
Using observation config file: policy/sonic_v1_1/observation_config.yaml
Parsing observation config file: policy/sonic_v1_1/observation_config.yaml
Found observations section at line 9
  Parsed observation: token_state -> enabled
  Parsed observation: his_base_angular_velocity_10frame_step1 -> enabled
  Parsed observation: his_body_joint_positions_10frame_step1 -> enabled
  Parsed observation: his_body_joint_velocities_10frame_step1 -> enabled
  Parsed observation: his_last_actions_10frame_step1 -> enabled
  Parsed observation: his_gravity_dir_10frame_step1 -> enabled
Found encoder section at line 23
  Encoder dimension: 64
  Encoder use_fp16: false
  Found encoder_observations subsection
    Encoder obs: encoder_mode_4 -> enabled
    Encoder obs: motion_joint_positions_10frame_step5 -> enabled
    Encoder obs: motion_joint_velocities_10frame_step5 -> enabled
    Encoder obs: motion_anchor_orientation_heading_10frame_step5 -> enabled
    Encoder obs: motion_anchor_orientation_heading -> enabled
    Encoder obs: motion_joint_positions_lowerbody_10frame_step5 -> enabled
    Encoder obs: motion_joint_velocities_lowerbody_10frame_step5 -> enabled
    Encoder obs: vr_3point_local_target -> enabled
    Encoder obs: vr_3point_local_orn_target -> enabled
    Encoder obs: smpl_joints_10frame_step1 -> enabled
    Encoder obs: smpl_anchor_orientation_heading_10frame_step1 -> enabled
    Encoder obs: motion_joint_positions_wrists_10frame_step1 -> enabled
  Found encoder_modes subsection (after encoder_observations)
    Found mode: g1
      Mode ID: 0
      Found required_observations for mode g1
        - encoder_mode_4
        - motion_joint_positions_10frame_step5
        - motion_joint_velocities_10frame_step5
        - motion_anchor_orientation_heading_10frame_step5
    Saved mode 'g1' with 4 observations
    Found mode: teleop
      Mode ID: 1
      Found required_observations for mode teleop
        - encoder_mode_4
        - motion_joint_positions_lowerbody_10frame_step5
        - motion_joint_velocities_lowerbody_10frame_step5
        - vr_3point_local_target
        - vr_3point_local_orn_target
        - motion_anchor_orientation_heading
    Saved mode 'teleop' with 6 observations
    Found mode: smpl
      Mode ID: 2
      Found required_observations for mode smpl
        - encoder_mode_4
        - smpl_joints_10frame_step1
        - smpl_anchor_orientation_heading_10frame_step1
        - motion_joint_positions_wrists_10frame_step1
    Saved mode 'smpl' with 4 observations
✓ Token state observation validated with encoder configuration
Successfully parsed 6 observations
Encoder config found with 12 input observations
✓ Token state buffer initialized (size: 64)
Initializing encoder...
Loading encoder model...
hash value in file 3abc48371235e2ccd69cfe7e8db2f3997bd07b2cbaea52e817a6ba848e7c29f8
hash of onnx/gpu type 3abc48371235e2ccd69cfe7e8db2f3997bd07b2cbaea52e817a6ba848e7c29f8
INFO [/opt/gear_sonic_deploy/src/TRTInference/InferenceEngine.cpp(35)]: Loaded engine size: 47 MiB
INFO [/opt/gear_sonic_deploy/src/TRTInference/InferenceEngine.cpp(35)]: [MS] Running engine with multi stream info
INFO [/opt/gear_sonic_deploy/src/TRTInference/InferenceEngine.cpp(35)]: [MS] Number of aux streams is 2
INFO [/opt/gear_sonic_deploy/src/TRTInference/InferenceEngine.cpp(35)]: [MS] Number of total worker streams is 3
INFO [/opt/gear_sonic_deploy/src/TRTInference/InferenceEngine.cpp(35)]: [MS] The main stream provided by execute/enqueue calls is the first worker stream
INFO [/opt/gear_sonic_deploy/src/TRTInference/InferenceEngine.cpp(35)]: [MemUsageChange] TensorRT-managed allocation in IExecutionContext creation: CPU +0, GPU +0, now: CPU 0, GPU 189 (MiB)
INFO [/opt/gear_sonic_deploy/src/TRTInference/InferenceEngine.cpp(476)]: INPUT Tensor: obs_dict [1, 1751]. 1751 elements of type FLOAT
INFO [/opt/gear_sonic_deploy/src/TRTInference/InferenceEngine.cpp(476)]: OUTPUT Tensor: encoded_tokens [1, 64]. 64 elements of type FLOAT
✓ Encoder initialized successfully!
  Model: policy/sonic_v1_1/model_encoder.onnx
  Input dimension: 1751
  Token dimension: 64
  Input tensor: obs_dict
  Output tensor: encoded_tokens
Capturing encoder CUDA graph...
✓ Encoder CUDA graph captured successfully!
✓ Encoder model loaded successfully!
Setting encode_mode for 13 loaded reference motions...
  Motion 'tired_one_leg_jumping_R_001__A359' encode_mode set to: 0
  Motion 'macarena_001__A545' encode_mode set to: 0
  Motion 'tired_forward_lunge_R_001__A359_M' encode_mode set to: 0
  Motion 'forward_lunge_R_001__A359_M' encode_mode set to: 0
  Motion 'squat_001__A359' encode_mode set to: 0
  Motion 'macarena_001__A545_M' encode_mode set to: 0
  Motion 'walking_quip_360_R_002__A428_M' encode_mode set to: 0
  Motion 'dance_in_da_party_001__A464_M' encode_mode set to: 0
  Motion 'tired_one_leg_jumping_R_001__A359_M' encode_mode set to: 0
  Motion 'neutral_kick_R_001__A543_M' encode_mode set to: 0
  Motion 'dance_in_da_party_001__A464' encode_mode set to: 0
  Motion 'walking_quip_360_R_002__A428' encode_mode set to: 0
  Motion 'neutral_kick_R_001__A543' encode_mode set to: 0
Planner motion encode_mode set to: 0
LocalMotionPlannerBase constructor
config_.version: 2
config_.motion_look_ahead_steps: 2
config_.default_height: 0.78874
config_.initial_random_seed: 1234
Available modes number: 27
Initialize Engine...
hash value in file 8aadbaeb35cbfdebe85eb328eb2ae826228a703c12045b353a02eb5bdce59601
hash of onnx/gpu type 8aadbaeb35cbfdebe85eb328eb2ae826228a703c12045b353a02eb5bdce59601
INFO [/opt/gear_sonic_deploy/src/TRTInference/InferenceEngine.cpp(35)]: Loaded engine size: 710 MiB
INFO [/opt/gear_sonic_deploy/src/TRTInference/InferenceEngine.cpp(35)]: [MS] Running engine with multi stream info
INFO [/opt/gear_sonic_deploy/src/TRTInference/InferenceEngine.cpp(35)]: [MS] Number of aux streams is 1
INFO [/opt/gear_sonic_deploy/src/TRTInference/InferenceEngine.cpp(35)]: [MS] Number of total worker streams is 2
INFO [/opt/gear_sonic_deploy/src/TRTInference/InferenceEngine.cpp(35)]: [MS] The main stream provided by execute/enqueue calls is the first worker stream
INFO [/opt/gear_sonic_deploy/src/TRTInference/InferenceEngine.cpp(35)]: [MemUsageChange] TensorRT-managed allocation in IExecutionContext creation: CPU +0, GPU +1, now: CPU 0, GPU 897 (MiB)
INFO [/opt/gear_sonic_deploy/src/TRTInference/InferenceEngine.cpp(476)]: INPUT Tensor: context_mujoco_qpos [1, 4, 36]. 144 elements of type FLOAT
INFO [/opt/gear_sonic_deploy/src/TRTInference/InferenceEngine.cpp(476)]: INPUT Tensor: target_vel [1]. 1 elements of type FLOAT
INFO [/opt/gear_sonic_deploy/src/TRTInference/InferenceEngine.cpp(476)]: INPUT Tensor: mode [1]. 1 elements of type INT64
INFO [/opt/gear_sonic_deploy/src/TRTInference/InferenceEngine.cpp(476)]: INPUT Tensor: movement_direction [1, 3]. 3 elements of type FLOAT
INFO [/opt/gear_sonic_deploy/src/TRTInference/InferenceEngine.cpp(476)]: INPUT Tensor: facing_direction [1, 3]. 3 elements of type FLOAT
INFO [/opt/gear_sonic_deploy/src/TRTInference/InferenceEngine.cpp(476)]: INPUT Tensor: random_seed [1]. 1 elements of type INT64
INFO [/opt/gear_sonic_deploy/src/TRTInference/InferenceEngine.cpp(476)]: INPUT Tensor: has_specific_target [1, 1]. 1 elements of type INT64
INFO [/opt/gear_sonic_deploy/src/TRTInference/InferenceEngine.cpp(476)]: INPUT Tensor: specific_target_positions [1, 4, 3]. 12 elements of type FLOAT
INFO [/opt/gear_sonic_deploy/src/TRTInference/InferenceEngine.cpp(476)]: INPUT Tensor: specific_target_headings [1, 4]. 4 elements of type FLOAT
INFO [/opt/gear_sonic_deploy/src/TRTInference/InferenceEngine.cpp(476)]: INPUT Tensor: allowed_pred_num_tokens [1, 11]. 11 elements of type INT64
INFO [/opt/gear_sonic_deploy/src/TRTInference/InferenceEngine.cpp(476)]: INPUT Tensor: height [1]. 1 elements of type FLOAT
INFO [/opt/gear_sonic_deploy/src/TRTInference/InferenceEngine.cpp(476)]: OUTPUT Tensor: mujoco_qpos [1, 64, 36]. 2304 elements of type FLOAT
INFO [/opt/gear_sonic_deploy/src/TRTInference/InferenceEngine.cpp(476)]: OUTPUT Tensor: num_pred_frames [1]. 1 elements of type INT32
✓ Successfully converted ONNX to TRT: planner/target_vel/V2/planner_planner_sonic.trt
Input tensors:
  allowed_pred_num_tokens 1 11 int64
  context_mujoco_qpos 1 4 36 float
  facing_direction 1 3 float
  has_specific_target 1 1 int64
  height 1 float
  mode 1 int64
  movement_direction 1 3 float
  random_seed 1 int64
  specific_target_headings 1 4 float
  specific_target_positions 1 4 3 float
  target_vel 1 float
Output tensors:
  mujoco_qpos 1 64 36 float
  num_pred_frames 1 int32
✓ TensorRT planner model loaded successfully!
Initializing encoder observations...
✓ Initialized 12 encoder observations (total dim: 1751)

=== Observation Configuration ===
Active policy observations (runtime order):
  1. token_state (64D) [offset: 0]
  2. his_base_angular_velocity_10frame_step1 (30D) [offset: 64]
  3. his_body_joint_positions_10frame_step1 (290D) [offset: 94]
  4. his_body_joint_velocities_10frame_step1 (290D) [offset: 384]
  5. his_last_actions_10frame_step1 (290D) [offset: 674]
  6. his_gravity_dir_10frame_step1 (30D) [offset: 964]

Policy Summary:
  Total dimension: 994
  Model dimension: 994
  ✓ Dimension match: Configuration is valid!

--- Encoder Observations ---
  1. encoder_mode_4 (4D) [offset: 0]
  2. motion_joint_positions_10frame_step5 (290D) [offset: 4]
  3. motion_joint_velocities_10frame_step5 (290D) [offset: 294]
  4. motion_anchor_orientation_heading_10frame_step5 (60D) [offset: 584]
  5. motion_anchor_orientation_heading (6D) [offset: 644]
  6. motion_joint_positions_lowerbody_10frame_step5 (120D) [offset: 650]
  7. motion_joint_velocities_lowerbody_10frame_step5 (120D) [offset: 770]
  8. vr_3point_local_target (9D) [offset: 890]
  9. vr_3point_local_orn_target (12D) [offset: 899]
  10. smpl_joints_10frame_step1 (720D) [offset: 911]
  11. smpl_anchor_orientation_heading_10frame_step1 (60D) [offset: 1631]
  12. motion_joint_positions_wrists_10frame_step1 (60D) [offset: 1691]

Encoder Summary:
  Total dimension: 1751
  Model dimension: 1751
  ✓ Dimension match: Encoder configuration is valid!
================================

[ZMQEndpointInterface] Connected to localhost:5556 topic='pose'
[ZMQEndpointInterface] Press ENTER to toggle between loaded motions and ZMQ stream
[ZMQManager] Initialized (default: PLANNER mode)
  - Host: localhost:5556
  - Command topic: 'command' (start/stop/mode)
    Format: { start: bool, stop: bool, planner: bool }
  - Planner topic: 'planner' (movement)
  - Pose topic: 'pose' (streamed motion)
Initialized ZMQ manager
  Host: localhost:5556
  Pose topic: pose
  Command topic: command
  Planner topic: planner
  Conflate: disabled
  Initial encoder mode: 0
[INFO] Initial VR 3-point compliance: [0.5, 0.5, 0]
[INFO] Initial hand max close ratio: 1 (1.0 = full closure allowed, 0.2 = limited)
[INFO] Keyboard controls: g/h = left hand +/- 0.1, b/v = right hand +/- 0.1 (range: 0.01-0.5)
[INFO] Keyboard controls: x/c = hand max close ratio +/- 0.1 (range: 0.2-1.0)

┌─────────────────────────────────────────────────────────────────────────────┐
│  Compliance control: DISABLED                                               │
│  Policy does not observe 'vr_3point_compliance'.                            │
│  Keyboard controls (g/h/b/v) will be ignored for this policy.               │
│  To enable, use a compliance-aware policy that observes it natively.        │
└─────────────────────────────────────────────────────────────────────────────┘

Initializing realtime debug socket
Binding to port: 5557 and topic: g1_debug
[INFO] Realtime debug socket bound to port: 5557
[ZMQ Output DEBUG] ZMQOutputHandler initialized with topics: 'g1_debug' (combined state+viz), 'robot_config' (config)
Initialized ZMQ output interface
[ZMQ Output] Robot config cached (10 fields, 339 bytes)
Total output interfaces initialized: 1
[ZMQManager] Planner enabled
[DEBUG] G1Deploy object created successfully!
Initializing planner...
Setting planner_motion encode mode to 0
Replanning with mode: IDLE, target_height: -1, target_vel: -1, movement: [0, 0, 0], facing: [1, 0, 0]
Planner Init timing - Model: 2888us, Extract: 48us
Planner initialized
Planner initialized successfully!
[ZMQManager] Waiting for planner to be initialized
Planner() no data in planner_motion_, returning. If control loop is started, this should only happen once when planner is initialized. If control loop is not started, this should keep returning until control loop is started.
[ZMQManager] Waiting for planner to be initialized
Planner() no data in planner_motion_, returning. If control loop is started, this should only happen once when planner is initialized. If control loop is not started, this should keep returning until control loop is started.
Planner() no data in planner_motion_, returning. If control loop is started, this should only happen once when planner is initialized. If control loop is not started, this should keep returning until control loop is started.
[ZMQManager] Waiting for planner to be initialized
Planner() no data in planner_motion_, returning. If control loop is started, this should only happen once when planner is initialized. If control loop is not started, this should keep returning until control loop is started.
[ZMQManager] Waiting for planner to be initialized
Planner() no data in planner_motion_, returning. If control loop is started, this should only happen once when planner is initialized. If control loop is not started, this should keep returning until control loop is started.
[ZMQManager] Waiting for planner to be initialized
Planner() no data in planner_motion_, returning. If control loop is started, this should only happen once when planner is initialized. If control loop is not started, this should keep returning until control loop is started.
[ZMQManager] Waiting for planner to be initialized
Planner() no data in planner_motion_, returning. If control loop is started, this should only happen once when planner is initialized. If control loop is not started, this should keep returning until control loop is started.
[ZMQManager] Waiting for planner to be initialized
Planner() no data in planner_motion_, returning. If control loop is started, this should only happen once when planner is initialized. If control loop is not started, this should keep returning until control loop is started.
[ZMQManager] Waiting for planner to be initialized
Planner() no data in planner_motion_, returning. If control loop is started, this should only happen once when planner is initialized. If control loop is not started, this should keep returning until control loop is started.
[ZMQManager] Waiting for planner to be initialized
Planner() no data in planner_motion_, returning. If control loop is started, this should only happen once when planner is initialized. If control loop is not started, this should keep returning until control loop is started.
[ZMQManager] Waiting for planner to be initialized
Planner() no data in planner_motion_, returning. If control loop is started, this should only happen once when planner is initialized. If control loop is not started, this should keep returning until control loop is started.
[ZMQManager] Waiting for planner to be initialized
Planner() no data in planner_motion_, returning. If control loop is started, this should only happen once when planner is initialized. If control loop is not started, this should keep returning until control loop is started.
[ZMQManager] Waiting for planner to be initialized
Planner() no data in planner_motion_, returning. If control loop is started, this should only happen once when planner is initialized. If control loop is not started, this should keep returning until control loop is started.
[ZMQManager] Waiting for planner to be initialized
Planner() no data in planner_motion_, returning. If control loop is started, this should only happen once when planner is initialized. If control loop is not started, this should keep returning until control loop is started.
[ZMQManager] Waiting for planner to be initialized
Planner() no data in planner_motion_, returning. If control loop is started, this should only happen once when planner is initialized. If control loop is not started, this should keep returning until control loop is started.
[ZMQManager] Waiting for planner to be initialized
Planner() no data in planner_motion_, returning. If control loop is started, this should only happen once when planner is initialized. If control loop is not started, this should keep returning until control loop is started.
[ZMQManager] Waiting for planner to be initialized
Planner() no data in planner_motion_, returning. If control loop is started, this should only happen once when planner is initialized. If control loop is not started, this should keep returning until control loop is started.
[ZMQManager] Waiting for planner to be initialized
Planner() no data in planner_motion_, returning. If control loop is started, this should only happen once when planner is initialized. If control loop is not started, this should keep returning until control loop is started.
[ZMQManager] Waiting for planner to be initialized
Planner() no data in planner_motion_, returning. If control loop is started, this should only happen once when planner is initialized. If control loop is not started, this should keep returning until control loop is started.
[ZMQManager] Waiting for planner to be initialized
Planner() no data in planner_motion_, returning. If control loop is started, this should only happen once when planner is initialized. If control loop is not started, this should keep returning until control loop is started.
[ZMQManager] Waiting for planner to be initialized
Planner() no data in planner_motion_, returning. If control loop is started, this should only happen once when planner is initialized. If control loop is not started, this should keep returning until control loop is started.
[ZMQManager] Waiting for planner to be initialized
Planner() no data in planner_motion_, returning. If control loop is started, this should only happen once when planner is initialized. If control loop is not started, this should keep returning until control loop is started.
[ZMQManager] Waiting for planner to be initialized
Planner() no data in planner_motion_, returning. If control loop is started, this should only happen once when planner is initialized. If control loop is not started, this should keep returning until control loop is started.
[ZMQManager] Waiting for planner to be initialized
Planner() no data in planner_motion_, returning. If control loop is started, this should only happen once when planner is initialized. If control loop is not started, this should keep returning until control loop is started.
[ZMQManager] Waiting for planner to be initialized
Planner() no data in planner_motion_, returning. If control loop is started, this should only happen once when planner is initialized. If control loop is not started, this should keep returning until control loop is started.
[ZMQManager] Waiting for planner to be initialized
Planner() no data in planner_motion_, returning. If control loop is started, this should only happen once when planner is initialized. If control loop is not started, this should keep returning until control loop is started.
[ZMQManager] Waiting for planner to be initialized
Planner() no data in planner_motion_, returning. If control loop is started, this should only happen once when planner is initialized. If control loop is not started, this should keep returning until control loop is started.
[ZMQManager] Waiting for planner to be initialized
Planner() no data in planner_motion_, returning. If control loop is started, this should only happen once when planner is initialized. If control loop is not started, this should keep returning until control loop is started.
[ZMQManager] Waiting for planner to be initialized
Planner() no data in planner_motion_, returning. If control loop is started, this should only happen once when planner is initialized. If control loop is not started, this should keep returning until control loop is started.
[ZMQManager] Waiting for planner to be initialized
Init Done
[Control] DEBUG: operator_state.start=true, transitioning to CONTROL state
Planner() no data in planner_motion_, returning. If control loop is started, this should only happen once when planner is initialized. If control loop is not started, this should keep returning until control loop is started.
[ZMQManager] Waiting for planner to be initialized
Reset heading state to 0.707388, 0, 0, 0.706825
Reset delta heading to 0
Reset init reference data root rotation to current frame: -0.701854, 0.04748, 0.042075, 0.70949
**********************************************************
Reference motion name: tired_one_leg_jumping_R_001__A359
**********************************************************
[Mode Filter] Switched to mode 'g1' (ID=0) with 4 required observations
Reset heading state to 0.707388, 0, 0, 0.706825
Reset delta heading to 0
Reset init reference data root rotation to current frame: 0.510301, 0.520776, 0.478994, -0.488826
**********************************************************
Reference motion name: planner_motion
**********************************************************
Replanning with mode: IDLE, target_height: 0, target_vel: 0, movement: [0, 0, 0], facing: [1, 0, 0]
[ZMQManager] Waiting for planner to be initialized
[ZMQManager] motion name is planner_motion
Replanning with mode: IDLE, target_height: -1, target_vel: -1, movement: [0, 0, 0], facing: [1, 0, 0]
Loop timing - LowState age: 7.488ms, Streaming data mean delay: 0ms, Streaming data std delay: 0ms, IMU age: 7.495ms, Obs: 257us, Policy: 245us, Obs 2 Motor Command: 503us, Post processing: 28us, Planner - Gather Input: 64us, Model: 3180us, Convert50Hz: 63us, Total: 3307us | HandCloseRatio: 1
Loop timing - LowState age: 6.026ms, Streaming data mean delay: 0ms, Streaming data std delay: 0ms, IMU age: 5.881ms, Obs: 169us, Policy: 206us, Obs 2 Motor Command: 376us, Post processing: 15us, Planner - Gather Input: 64us, Model: 3180us, Convert50Hz: 63us, Total: 3307us | HandCloseRatio: 1
Loop timing - LowState age: 3.477ms, Streaming data mean delay: 0ms, Streaming data std delay: 0ms, IMU age: 3.445ms, Obs: 338us, Policy: 214us, Obs 2 Motor Command: 553us, Post processing: 35us, Planner - Gather Input: 64us, Model: 3180us, Convert50Hz: 63us, Total: 3307us | HandCloseRatio: 1
Loop timing - LowState age: 0.88ms, Streaming data mean delay: 0ms, Streaming data std delay: 0ms, IMU age: 0.825ms, Obs: 313us, Policy: 211us, Obs 2 Motor Command: 525us, Post processing: 34us, Planner - Gather Input: 64us, Model: 3180us, Convert50Hz: 63us, Total: 3307us | HandCloseRatio: 1
Loop timing - LowState age: 8.66ms, Streaming data mean delay: 0ms, Streaming data std delay: 0ms, IMU age: 8.621ms, Obs: 216us, Policy: 204us, Obs 2 Motor Command: 421us, Post processing: 28us, Planner - Gather Input: 64us, Model: 3180us, Convert50Hz: 63us, Total: 3307us | HandCloseRatio: 1
Loop timing - LowState age: 9.565ms, Streaming data mean delay: 0ms, Streaming data std delay: 0ms, IMU age: 9.499ms, Obs: 175us, Policy: 200us, Obs 2 Motor Command: 375us, Post processing: 17us, Planner - Gather Input: 64us, Model: 3180us, Convert50Hz: 63us, Total: 3307us | HandCloseRatio: 1
Loop timing - LowState age: 7.314ms, Streaming data mean delay: 0ms, Streaming data std delay: 0ms, IMU age: 7.305ms, Obs: 290us, Policy: 212us, Obs 2 Motor Command: 503us, Post processing: 29us, Planner - Gather Input: 64us, Model: 3180us, Convert50Hz: 63us, Total: 3307us | HandCloseRatio: 1
Loop timing - LowState age: 1.627ms, Streaming data mean delay: 0ms, Streaming data std delay: 0ms, IMU age: 1.614ms, Obs: 253us, Policy: 206us, Obs 2 Motor Command: 460us, Post processing: 70us, Planner - Gather Input: 64us, Model: 3180us, Convert50Hz: 63us, Total: 3307us | HandCloseRatio: 1
Loop timing - LowState age: 4.681ms, Streaming data mean delay: 0ms, Streaming data std delay: 0ms, IMU age: 4.617ms, Obs: 314us, Policy: 212us, Obs 2 Motor Command: 526us, Post processing: 28us, Planner - Gather Input: 64us, Model: 3180us, Convert50Hz: 63us, Total: 3307us | HandCloseRatio: 1
Loop timing - LowState age: 30.916ms, Streaming data mean delay: 0ms, Streaming data std delay: 0ms, IMU age: 30.897ms, Obs: 227us, Policy: 206us, Obs 2 Motor Command: 433us, Post processing: 16us, Planner - Gather Input: 64us, Model: 3180us, Convert50Hz: 63us, Total: 3307us | HandCloseRatio: 1
Loop timing - LowState age: 2.76ms, Streaming data mean delay: 0ms, Streaming data std delay: 0ms, IMU age: 2.787ms, Obs: 231us, Policy: 206us, Obs 2 Motor Command: 437us, Post processing: 27us, Planner - Gather Input: 64us, Model: 3180us, Convert50Hz: 63us, Total: 3307us | HandCloseRatio: 1
Loop timing - LowState age: 9.299ms, Streaming data mean delay: 0ms, Streaming data std delay: 0ms, IMU age: 9.19ms, Obs: 215us, Policy: 207us, Obs 2 Motor Command: 422us, Post processing: 28us, Planner - Gather Input: 64us, Model: 3180us, Convert50Hz: 63us, Total: 3307us | HandCloseRatio: 1
Loop timing - LowState age: 7.053ms, Streaming data mean delay: 0ms, Streaming data std delay: 0ms, IMU age: 7.056ms, Obs: 1801us, Policy: 283us, Obs 2 Motor Command: 2085us, Post processing: 31us, Planner - Gather Input: 64us, Model: 3180us, Convert50Hz: 63us, Total: 3307us | HandCloseRatio: 1
Loop timing - LowState age: 0.629ms, Streaming data mean delay: 0ms, Streaming data std delay: 0ms, IMU age: 0.594ms, Obs: 238us, Policy: 206us, Obs 2 Motor Command: 445us, Post processing: 28us, Planner - Gather Input: 64us, Model: 3180us, Convert50Hz: 63us, Total: 3307us | HandCloseRatio: 1
Loop timing - LowState age: 5.945ms, Streaming data mean delay: 0ms, Streaming data std delay: 0ms, IMU age: 5.902ms, Obs: 3108us, Policy: 298us, Obs 2 Motor Command: 3406us, Post processing: 47us, Planner - Gather Input: 64us, Model: 3180us, Convert50Hz: 63us, Total: 3307us | HandCloseRatio: 1
Loop timing - LowState age: 1.645ms, Streaming data mean delay: 0ms, Streaming data std delay: 0ms, IMU age: 1.611ms, Obs: 227us, Policy: 204us, Obs 2 Motor Command: 432us, Post processing: 23us, Planner - Gather Input: 64us, Model: 3180us, Convert50Hz: 63us, Total: 3307us | HandCloseRatio: 1
Loop timing - LowState age: 0.934ms, Streaming data mean delay: 0ms, Streaming data std delay: 0ms, IMU age: 1.077ms, Obs: 238us, Policy: 201us, Obs 2 Motor Command: 439us, Post processing: 14us, Planner - Gather Input: 64us, Model: 3180us, Convert50Hz: 63us, Total: 3307us | HandCloseRatio: 1
Loop timing - LowState age: 3.471ms, Streaming data mean delay: 0ms, Streaming data std delay: 0ms, IMU age: 3.441ms, Obs: 218us, Policy: 204us, Obs 2 Motor Command: 423us, Post processing: 29us, Planner - Gather Input: 64us, Model: 3180us, Convert50Hz: 63us, Total: 3307us | HandCloseRatio: 1
Loop timing - LowState age: 12.637ms, Streaming data mean delay: 0ms, Streaming data std delay: 0ms, IMU age: 12.643ms, Obs: 319us, Policy: 212us, Obs 2 Motor Command: 532us, Post processing: 30us, Planner - Gather Input: 64us, Model: 3180us, Convert50Hz: 63us, Total: 3307us | HandCloseRatio: 1
Loop timing - LowState age: 1.853ms, Streaming data mean delay: 0ms, Streaming data std delay: 0ms, IMU age: 1.809ms, Obs: 218us, Policy: 205us, Obs 2 Motor Command: 423us, Post processing: 29us, Planner - Gather Input: 64us, Model: 3180us, Convert50Hz: 63us, Total: 3307us | HandCloseRatio: 1
Loop timing - LowState age: 4.868ms, Streaming data mean delay: 0ms, Streaming data std delay: 0ms, IMU age: 4.85ms, Obs: 1889us, Policy: 2472us, Obs 2 Motor Command: 4361us, Post processing: 36us, Planner - Gather Input: 64us, Model: 3180us, Convert50Hz: 63us, Total: 3307us | HandCloseRatio: 1
Loop timing - LowState age: 4.116ms, Streaming data mean delay: 0ms, Streaming data std delay: 0ms, IMU age: 4.122ms, Obs: 232us, Policy: 206us, Obs 2 Motor Command: 439us, Post processing: 26us, Planner - Gather Input: 64us, Model: 3180us, Convert50Hz: 63us, Total: 3307us | HandCloseRatio: 1
Loop timing - LowState age: 7.463ms, Streaming data mean delay: 0ms, Streaming data std delay: 0ms, IMU age: 7.379ms, Obs: 277us, Policy: 225us, Obs 2 Motor Command: 503us, Post processing: 23us, Planner - Gather Input: 64us, Model: 3180us, Convert50Hz: 63us, Total: 3307us | HandCloseRatio: 1
Loop timing - LowState age: 11.737ms, Streaming data mean delay: 0ms, Streaming data std delay: 0ms, IMU age: 11.729ms, Obs: 356us, Policy: 216us, Obs 2 Motor Command: 573us, Post processing: 46us, Planner - Gather Input: 64us, Model: 3180us, Convert50Hz: 63us, Total: 3307us | HandCloseRatio: 1
Loop timing - LowState age: 5.275ms, Streaming data mean delay: 0ms, Streaming data std delay: 0ms, IMU age: 5.295ms, Obs: 299us, Policy: 1429us, Obs 2 Motor Command: 1729us, Post processing: 36us, Planner - Gather Input: 64us, Model: 3180us, Convert50Hz: 63us, Total: 3307us | HandCloseRatio: 1
Loop timing - LowState age: 2.163ms, Streaming data mean delay: 0ms, Streaming data std delay: 0ms, IMU age: 2.168ms, Obs: 255us, Policy: 203us, Obs 2 Motor Command: 458us, Post processing: 18us, Planner - Gather Input: 64us, Model: 3180us, Convert50Hz: 63us, Total: 3307us | HandCloseRatio: 1
Loop timing - LowState age: 1.035ms, Streaming data mean delay: 0ms, Streaming data std delay: 0ms, IMU age: 1.027ms, Obs: 250us, Policy: 203us, Obs 2 Motor Command: 453us, Post processing: 15us, Planner - Gather Input: 64us, Model: 3180us, Convert50Hz: 63us, Total: 3307us | HandCloseRatio: 1
Loop timing - LowState age: 1.352ms, Streaming data mean delay: 0ms, Streaming data std delay: 0ms, IMU age: 1.335ms, Obs: 200us, Policy: 210us, Obs 2 Motor Command: 410us, Post processing: 25us, Planner - Gather Input: 64us, Model: 3180us, Convert50Hz: 63us, Total: 3307us | HandCloseRatio: 1
Loop timing - LowState age: 1.694ms, Streaming data mean delay: 0ms, Streaming data std delay: 0ms, IMU age: 12.222ms, Obs: 1423us, Policy: 212us, Obs 2 Motor Command: 1635us, Post processing: 26us, Planner - Gather Input: 64us, Model: 3180us, Convert50Hz: 63us, Total: 3307us | HandCloseRatio: 1
Loop timing - LowState age: 1.849ms, Streaming data mean delay: 0ms, Streaming data std delay: 0ms, IMU age: 1.882ms, Obs: 236us, Policy: 205us, Obs 2 Motor Command: 441us, Post processing: 27us, Planner - Gather Input: 64us, Model: 3180us, Convert50Hz: 63us, Total: 3307us | HandCloseRatio: 1
Loop timing - LowState age: 1.945ms, Streaming data mean delay: 0ms, Streaming data std delay: 0ms, IMU age: 2.06ms, Obs: 287us, Policy: 218us, Obs 2 Motor Command: 505us, Post processing: 27us, Planner - Gather Input: 64us, Model: 3180us, Convert50Hz: 63us, Total: 3307us | HandCloseRatio: 1
Loop timing - LowState age: 2.797ms, Streaming data mean delay: 0ms, Streaming data std delay: 0ms, IMU age: 2.782ms, Obs: 178us, Policy: 206us, Obs 2 Motor Command: 385us, Post processing: 16us, Planner - Gather Input: 64us, Model: 3180us, Convert50Hz: 63us, Total: 3307us | HandCloseRatio: 1
Loop timing - LowState age: 8.971ms, Streaming data mean delay: 0ms, Streaming data std delay: 0ms, IMU age: 8.943ms, Obs: 243us, Policy: 203us, Obs 2 Motor Command: 446us, Post processing: 16us, Planner - Gather Input: 64us, Model: 3180us, Convert50Hz: 63us, Total: 3307us | HandCloseRatio: 1
Loop timing - LowState age: 8.837ms, Streaming data mean delay: 0ms, Streaming data std delay: 0ms, IMU age: 8.902ms, Obs: 225us, Policy: 207us, Obs 2 Motor Command: 432us, Post processing: 24us, Planner - Gather Input: 64us, Model: 3180us, Convert50Hz: 63us, Total: 3307us | HandCloseRatio: 1
Loop timing - LowState age: 2.844ms, Streaming data mean delay: 0ms, Streaming data std delay: 0ms, IMU age: 2.781ms, Obs: 165us, Policy: 200us, Obs 2 Motor Command: 366us, Post processing: 17us, Planner - Gather Input: 64us, Model: 3180us, Convert50Hz: 63us, Total: 3307us | HandCloseRatio: 1
Loop timing - LowState age: 6.778ms, Streaming data mean delay: 0ms, Streaming data std delay: 0ms, IMU age: 6.723ms, Obs: 242us, Policy: 213us, Obs 2 Motor Command: 456us, Post processing: 27us, Planner - Gather Input: 64us, Model: 3180us, Convert50Hz: 63us, Total: 3307us | HandCloseRatio: 1
Loop timing - LowState age: 1.64ms, Streaming data mean delay: 0ms, Streaming data std delay: 0ms, IMU age: 1.592ms, Obs: 277us, Policy: 228us, Obs 2 Motor Command: 506us, Post processing: 39us, Planner - Gather Input: 64us, Model: 3180us, Convert50Hz: 63us, Total: 3307us | HandCloseRatio: 1
Loop timing - LowState age: 8.889ms, Streaming data mean delay: 0ms, Streaming data std delay: 0ms, IMU age: 8.892ms, Obs: 297us, Policy: 210us, Obs 2 Motor Command: 507us, Post processing: 30us, Planner - Gather Input: 64us, Model: 3180us, Convert50Hz: 63us, Total: 3307us | HandCloseRatio: 1
Loop timing - LowState age: 1.888ms, Streaming data mean delay: 0ms, Streaming data std delay: 0ms, IMU age: 1.842ms, Obs: 251us, Policy: 213us, Obs 2 Motor Command: 465us, Post processing: 62us, Planner - Gather Input: 64us, Model: 3180us, Convert50Hz: 63us, Total: 3307us | HandCloseRatio: 1
Loop timing - LowState age: 0.964ms, Streaming data mean delay: 0ms, Streaming data std delay: 0ms, IMU age: 0.96ms, Obs: 230us, Policy: 211us, Obs 2 Motor Command: 441us, Post processing: 24us, Planner - Gather Input: 64us, Model: 3180us, Convert50Hz: 63us, Total: 3307us | HandCloseRatio: 1
Loop timing - LowState age: 0.52ms, Streaming data mean delay: 0ms, Streaming data std delay: 0ms, IMU age: 0.505ms, Obs: 179us, Policy: 203us, Obs 2 Motor Command: 383us, Post processing: 17us, Planner - Gather Input: 64us, Model: 3180us, Convert50Hz: 63us, Total: 3307us | HandCloseRatio: 1
Loop timing - LowState age: 8.063ms, Streaming data mean delay: 0ms, Streaming data std delay: 0ms, IMU age: 8.004ms, Obs: 373us, Policy: 305us, Obs 2 Motor Command: 678us, Post processing: 40us, Planner - Gather Input: 64us, Model: 3180us, Convert50Hz: 63us, Total: 3307us | HandCloseRatio: 1
Loop timing - LowState age: 11.319ms, Streaming data mean delay: 0ms, Streaming data std delay: 0ms, IMU age: 11.211ms, Obs: 165us, Policy: 202us, Obs 2 Motor Command: 368us, Post processing: 14us, Planner - Gather Input: 64us, Model: 3180us, Convert50Hz: 63us, Total: 3307us | HandCloseRatio: 1
Loop timing - LowState age: 1.288ms, Streaming data mean delay: 0ms, Streaming data std delay: 0ms, IMU age: 1.204ms, Obs: 331us, Policy: 211us, Obs 2 Motor Command: 543us, Post processing: 30us, Planner - Gather Input: 64us, Model: 3180us, Convert50Hz: 63us, Total: 3307us | HandCloseRatio: 1
Loop timing - LowState age: 1.861ms, Streaming data mean delay: 0ms, Streaming data std delay: 0ms, IMU age: 1.857ms, Obs: 204us, Policy: 210us, Obs 2 Motor Command: 414us, Post processing: 24us, Planner - Gather Input: 64us, Model: 3180us, Convert50Hz: 63us, Total: 3307us | HandCloseRatio: 1
Loop timing - LowState age: 5.215ms, Streaming data mean delay: 0ms, Streaming data std delay: 0ms, IMU age: 5.22ms, Obs: 2186us, Policy: 2655us, Obs 2 Motor Command: 4841us, Post processing: 28us, Planner - Gather Input: 64us, Model: 3180us, Convert50Hz: 63us, Total: 3307us | HandCloseRatio: 1
Loop timing - LowState age: 7.232ms, Streaming data mean delay: 0ms, Streaming data std delay: 0ms, IMU age: 7.193ms, Obs: 238us, Policy: 200us, Obs 2 Motor Command: 439us, Post processing: 15us, Planner - Gather Input: 64us, Model: 3180us, Convert50Hz: 63us, Total: 3307us | HandCloseRatio: 1
Loop timing - LowState age: 1.849ms, Streaming data mean delay: 0ms, Streaming data std delay: 0ms, IMU age: 1.811ms, Obs: 241us, Policy: 202us, Obs 2 Motor Command: 444us, Post processing: 17us, Planner - Gather Input: 64us, Model: 3180us, Convert50Hz: 63us, Total: 3307us | HandCloseRatio: 1
Loop timing - LowState age: 7.326ms, Streaming data mean delay: 0ms, Streaming data std delay: 0ms, IMU age: 7.272ms, Obs: 179us, Policy: 207us, Obs 2 Motor Command: 387us, Post processing: 18us, Planner - Gather Input: 64us, Model: 3180us, Convert50Hz: 63us, Total: 3307us | HandCloseRatio: 1
Loop timing - LowState age: 0.812ms, Streaming data mean delay: 0ms, Streaming data std delay: 0ms, IMU age: 0.745ms, Obs: 244us, Policy: 207us, Obs 2 Motor Command: 452us, Post processing: 56us, Planner - Gather Input: 64us, Model: 3180us, Convert50Hz: 63us, Total: 3307us | HandCloseRatio: 1
Loop timing - LowState age: 8.321ms, Streaming data mean delay: 0ms, Streaming data std delay: 0ms, IMU age: 8.35ms, Obs: 223us, Policy: 207us, Obs 2 Motor Command: 431us, Post processing: 29us, Planner - Gather Input: 64us, Model: 3180us, Convert50Hz: 63us, Total: 3307us | HandCloseRatio: 1
Loop timing - LowState age: 1.901ms, Streaming data mean delay: 0ms, Streaming data std delay: 0ms, IMU age: 1.909ms, Obs: 220us, Policy: 204us, Obs 2 Motor Command: 425us, Post processing: 25us, Planner - Gather Input: 64us, Model: 3180us, Convert50Hz: 63us, Total: 3307us | HandCloseRatio: 1
Loop timing - LowState age: 29.048ms, Streaming data mean delay: 0ms, Streaming data std delay: 0ms, IMU age: 29.044ms, Obs: 1671us, Policy: 2493us, Obs 2 Motor Command: 4165us, Post processing: 33us, Planner - Gather Input: 64us, Model: 3180us, Convert50Hz: 63us, Total: 3307us | HandCloseRatio: 1
Loop timing - LowState age: 3.659ms, Streaming data mean delay: 0ms, Streaming data std delay: 0ms, IMU age: 3.557ms, Obs: 237us, Policy: 200us, Obs 2 Motor Command: 438us, Post processing: 15us, Planner - Gather Input: 64us, Model: 3180us, Convert50Hz: 63us, Total: 3307us | HandCloseRatio: 1
Loop timing - LowState age: 0.781ms, Streaming data mean delay: 0ms, Streaming data std delay: 0ms, IMU age: 0.736ms, Obs: 168us, Policy: 205us, Obs 2 Motor Command: 374us, Post processing: 17us, Planner - Gather Input: 64us, Model: 3180us, Convert50Hz: 63us, Total: 3307us | HandCloseRatio: 1
Loop timing - LowState age: 2.85ms, Streaming data mean delay: 0ms, Streaming data std delay: 0ms, IMU age: 2.857ms, Obs: 265us, Policy: 205us, Obs 2 Motor Command: 471us, Post processing: 20us, Planner - Gather Input: 64us, Model: 3180us, Convert50Hz: 63us, Total: 3307us | HandCloseRatio: 1
Loop timing - LowState age: 6.441ms, Streaming data mean delay: 0ms, Streaming data std delay: 0ms, IMU age: 6.483ms, Obs: 303us, Policy: 217us, Obs 2 Motor Command: 520us, Post processing: 30us, Planner - Gather Input: 64us, Model: 3180us, Convert50Hz: 63us, Total: 3307us | HandCloseRatio: 1
Loop timing - LowState age: 1.942ms, Streaming data mean delay: 0ms, Streaming data std delay: 0ms, IMU age: 1.89ms, Obs: 238us, Policy: 212us, Obs 2 Motor Command: 450us, Post processing: 59us, Planner - Gather Input: 64us, Model: 3180us, Convert50Hz: 63us, Total: 3307us | HandCloseRatio: 1
Loop timing - LowState age: 5.562ms, Streaming data mean delay: 0ms, Streaming data std delay: 0ms, IMU age: 5.538ms, Obs: 175us, Policy: 204us, Obs 2 Motor Command: 379us, Post processing: 17us, Planner - Gather Input: 64us, Model: 3180us, Convert50Hz: 63us, Total: 3307us | HandCloseRatio: 1
Loop timing - LowState age: 3.41ms, Streaming data mean delay: 0ms, Streaming data std delay: 0ms, IMU age: 3.371ms, Obs: 225us, Policy: 211us, Obs 2 Motor Command: 437us, Post processing: 27us, Planner - Gather Input: 64us, Model: 3180us, Convert50Hz: 63us, Total: 3307us | HandCloseRatio: 1
Loop timing - LowState age: 1.979ms, Streaming data mean delay: 0ms, Streaming data std delay: 0ms, IMU age: 1.914ms, Obs: 344us, Policy: 497us, Obs 2 Motor Command: 841us, Post processing: 44us, Planner - Gather Input: 64us, Model: 3180us, Convert50Hz: 63us, Total: 3307us | HandCloseRatio: 1
Loop timing - LowState age: 3.338ms, Streaming data mean delay: 0ms, Streaming data std delay: 0ms, IMU age: 3.319ms, Obs: 216us, Policy: 207us, Obs 2 Motor Command: 424us, Post processing: 23us, Planner - Gather Input: 64us, Model: 3180us, Convert50Hz: 63us, Total: 3307us | HandCloseRatio: 1
Loop timing - LowState age: 2.214ms, Streaming data mean delay: 0ms, Streaming data std delay: 0ms, IMU age: 2.178ms, Obs: 250us, Policy: 207us, Obs 2 Motor Command: 457us, Post processing: 53us, Planner - Gather Input: 64us, Model: 3180us, Convert50Hz: 63us, Total: 3307us | HandCloseRatio: 1
Loop timing - LowState age: 0.918ms, Streaming data mean delay: 0ms, Streaming data std delay: 0ms, IMU age: 0.89ms, Obs: 257us, Policy: 238us, Obs 2 Motor Command: 495us, Post processing: 35us, Planner - Gather Input: 64us, Model: 3180us, Convert50Hz: 63us, Total: 3307us | HandCloseRatio: 1
Loop timing - LowState age: 3.735ms, Streaming data mean delay: 0ms, Streaming data std delay: 0ms, IMU age: 3.697ms, Obs: 291us, Policy: 213us, Obs 2 Motor Command: 505us, Post processing: 28us, Planner - Gather Input: 64us, Model: 3180us, Convert50Hz: 63us, Total: 3307us | HandCloseRatio: 1
Loop timing - LowState age: 1.771ms, Streaming data mean delay: 0ms, Streaming data std delay: 0ms, IMU age: 1.741ms, Obs: 1227us, Policy: 215us, Obs 2 Motor Command: 1442us, Post processing: 24us, Planner - Gather Input: 64us, Model: 3180us, Convert50Hz: 63us, Total: 3307us | HandCloseRatio: 1
Loop timing - LowState age: 3.348ms, Streaming data mean delay: 0ms, Streaming data std delay: 0ms, IMU age: 3.345ms, Obs: 165us, Policy: 203us, Obs 2 Motor Command: 369us, Post processing: 15us, Planner - Gather Input: 64us, Model: 3180us, Convert50Hz: 63us, Total: 3307us | HandCloseRatio: 1
Loop timing - LowState age: 7.957ms, Streaming data mean delay: 0ms, Streaming data std delay: 0ms, IMU age: 7.945ms, Obs: 1398us, Policy: 300us, Obs 2 Motor Command: 1698us, Post processing: 53us, Planner - Gather Input: 64us, Model: 3180us, Convert50Hz: 63us, Total: 3307us | HandCloseRatio: 1
Loop timing - LowState age: 1.51ms, Streaming data mean delay: 0ms, Streaming data std delay: 0ms, IMU age: 1.492ms, Obs: 243us, Policy: 208us, Obs 2 Motor Command: 451us, Post processing: 58us, Planner - Gather Input: 64us, Model: 3180us, Convert50Hz: 63us, Total: 3307us | HandCloseRatio: 1
Loop timing - LowState age: 1.747ms, Streaming data mean delay: 0ms, Streaming data std delay: 0ms, IMU age: 1.722ms, Obs: 204us, Policy: 205us, Obs 2 Motor Command: 409us, Post processing: 22us, Planner - Gather Input: 64us, Model: 3180us, Convert50Hz: 63us, Total: 3307us | HandCloseRatio: 1
Loop timing - LowState age: 2.443ms, Streaming data mean delay: 0ms, Streaming data std delay: 0ms, IMU age: 2.433ms, Obs: 236us, Policy: 207us, Obs 2 Motor Command: 443us, Post processing: 27us, Planner - Gather Input: 64us, Model: 3180us, Convert50Hz: 63us, Total: 3307us | HandCloseRatio: 1
Loop timing - LowState age: 1.025ms, Streaming data mean delay: 0ms, Streaming data std delay: 0ms, IMU age: 0.994ms, Obs: 274us, Policy: 227us, Obs 2 Motor Command: 502us, Post processing: 31us, Planner - Gather Input: 64us, Model: 3180us, Convert50Hz: 63us, Total: 3307us | HandCloseRatio: 1
Loop timing - LowState age: 9.259ms, Streaming data mean delay: 0ms, Streaming data std delay: 0ms, IMU age: 9.258ms, Obs: 286us, Policy: 221us, Obs 2 Motor Command: 507us, Post processing: 38us, Planner - Gather Input: 64us, Model: 3180us, Convert50Hz: 63us, Total: 3307us | HandCloseRatio: 1
Loop timing - LowState age: 8.075ms, Streaming data mean delay: 0ms, Streaming data std delay: 0ms, IMU age: 8.102ms, Obs: 233us, Policy: 207us, Obs 2 Motor Command: 441us, Post processing: 25us, Planner - Gather Input: 64us, Model: 3180us, Convert50Hz: 63us, Total: 3307us | HandCloseRatio: 1
Loop timing - LowState age: 1.905ms, Streaming data mean delay: 0ms, Streaming data std delay: 0ms, IMU age: 1.812ms, Obs: 389us, Policy: 216us, Obs 2 Motor Command: 606us, Post processing: 32us, Planner - Gather Input: 64us, Model: 3180us, Convert50Hz: 63us, Total: 3307us | HandCloseRatio: 1
Loop timing - LowState age: 3.381ms, Streaming data mean delay: 0ms, Streaming data std delay: 0ms, IMU age: 3.345ms, Obs: 226us, Policy: 199us, Obs 2 Motor Command: 426us, Post processing: 14us, Planner - Gather Input: 64us, Model: 3180us, Convert50Hz: 63us, Total: 3307us | HandCloseRatio: 1
Loop timing - LowState age: 5.911ms, Streaming data mean delay: 0ms, Streaming data std delay: 0ms, IMU age: 5.862ms, Obs: 1779us, Policy: 2681us, Obs 2 Motor Command: 4460us, Post processing: 57us, Planner - Gather Input: 64us, Model: 3180us, Convert50Hz: 63us, Total: 3307us | HandCloseRatio: 1
Loop timing - LowState age: 2.288ms, Streaming data mean delay: 0ms, Streaming data std delay: 0ms, IMU age: 2.268ms, Obs: 247us, Policy: 204us, Obs 2 Motor Command: 452us, Post processing: 19us, Planner - Gather Input: 64us, Model: 3180us, Convert50Hz: 63us, Total: 3307us | HandCloseRatio: 1
Loop timing - LowState age: 5.312ms, Streaming data mean delay: 0ms, Streaming data std delay: 0ms, IMU age: 5.334ms, Obs: 257us, Policy: 209us, Obs 2 Motor Command: 466us, Post processing: 17us, Planner - Gather Input: 64us, Model: 3180us, Convert50Hz: 63us, Total: 3307us | HandCloseRatio: 1
Loop timing - LowState age: 1.417ms, Streaming data mean delay: 0ms, Streaming data std delay: 0ms, IMU age: 1.402ms, Obs: 241us, Policy: 201us, Obs 2 Motor Command: 442us, Post processing: 16us, Planner - Gather Input: 64us, Model: 3180us, Convert50Hz: 63us, Total: 3307us | HandCloseRatio: 1
Loop timing - LowState age: 21.556ms, Streaming data mean delay: 0ms, Streaming data std delay: 0ms, IMU age: 21.532ms, Obs: 2562us, Policy: 2490us, Obs 2 Motor Command: 5052us, Post processing: 19us, Planner - Gather Input: 64us, Model: 3180us, Convert50Hz: 63us, Total: 3307us | HandCloseRatio: 1
Loop timing - LowState age: 1.464ms, Streaming data mean delay: 0ms, Streaming data std delay: 0ms, IMU age: 1.445ms, Obs: 233us, Policy: 205us, Obs 2 Motor Command: 439us, Post processing: 24us, Planner - Gather Input: 64us, Model: 3180us, Convert50Hz: 63us, Total: 3307us | HandCloseRatio: 1
Loop timing - LowState age: 6.738ms, Streaming data mean delay: 0ms, Streaming data std delay: 0ms, IMU age: 6.733ms, Obs: 213us, Policy: 203us, Obs 2 Motor Command: 416us, Post processing: 26us, Planner - Gather Input: 64us, Model: 3180us, Convert50Hz: 63us, Total: 3307us | HandCloseRatio: 1
Loop timing - LowState age: 2.333ms, Streaming data mean delay: 0ms, Streaming data std delay: 0ms, IMU age: 2.372ms, Obs: 242us, Policy: 209us, Obs 2 Motor Command: 452us, Post processing: 28us, Planner - Gather Input: 64us, Model: 3180us, Convert50Hz: 63us, Total: 3307us | HandCloseRatio: 1
Loop timing - LowState age: 3.145ms, Streaming data mean delay: 0ms, Streaming data std delay: 0ms, IMU age: 3.127ms, Obs: 280us, Policy: 212us, Obs 2 Motor Command: 492us, Post processing: 28us, Planner - Gather Input: 64us, Model: 3180us, Convert50Hz: 63us, Total: 3307us | HandCloseRatio: 1
Loop timing - LowState age: 3.293ms, Streaming data mean delay: 0ms, Streaming data std delay: 0ms, IMU age: 3.263ms, Obs: 226us, Policy: 213us, Obs 2 Motor Command: 439us, Post processing: 23us, Planner - Gather Input: 64us, Model: 3180us, Convert50Hz: 63us, Total: 3307us | HandCloseRatio: 1
Loop timing - LowState age: 1.385ms, Streaming data mean delay: 0ms, Streaming data std delay: 0ms, IMU age: 1.357ms, Obs: 324us, Policy: 222us, Obs 2 Motor Command: 547us, Post processing: 38us, Planner - Gather Input: 64us, Model: 3180us, Convert50Hz: 63us, Total: 3307us | HandCloseRatio: 1
Loop timing - LowState age: 1.257ms, Streaming data mean delay: 0ms, Streaming data std delay: 0ms, IMU age: 1.195ms, Obs: 228us, Policy: 203us, Obs 2 Motor Command: 432us, Post processing: 15us, Planner - Gather Input: 64us, Model: 3180us, Convert50Hz: 63us, Total: 3307us | HandCloseRatio: 1
Loop timing - LowState age: 12.917ms, Streaming data mean delay: 0ms, Streaming data std delay: 0ms, IMU age: 12.915ms, Obs: 287us, Policy: 233us, Obs 2 Motor Command: 521us, Post processing: 36us, Planner - Gather Input: 64us, Model: 3180us, Convert50Hz: 63us, Total: 3307us | HandCloseRatio: 1
Loop timing - LowState age: 8.352ms, Streaming data mean delay: 0ms, Streaming data std delay: 0ms, IMU age: 8.369ms, Obs: 269us, Policy: 202us, Obs 2 Motor Command: 472us, Post processing: 17us, Planner - Gather Input: 64us, Model: 3180us, Convert50Hz: 63us, Total: 3307us | HandCloseRatio: 1
Loop timing - LowState age: 8.408ms, Streaming data mean delay: 0ms, Streaming data std delay: 0ms, IMU age: 8.402ms, Obs: 304us, Policy: 208us, Obs 2 Motor Command: 513us, Post processing: 36us, Planner - Gather Input: 64us, Model: 3180us, Convert50Hz: 63us, Total: 3307us | HandCloseRatio: 1
Loop timing - LowState age: 1.272ms, Streaming data mean delay: 0ms, Streaming data std delay: 0ms, IMU age: 1.249ms, Obs: 255us, Policy: 206us, Obs 2 Motor Command: 461us, Post processing: 59us, Planner - Gather Input: 64us, Model: 3180us, Convert50Hz: 63us, Total: 3307us | HandCloseRatio: 1
Loop timing - LowState age: 4.454ms, Streaming data mean delay: 0ms, Streaming data std delay: 0ms, IMU age: 4.452ms, Obs: 333us, Policy: 218us, Obs 2 Motor Command: 552us, Post processing: 29us, Planner - Gather Input: 64us, Model: 3180us, Convert50Hz: 63us, Total: 3307us | HandCloseRatio: 1
Loop timing - LowState age: 4.455ms, Streaming data mean delay: 0ms, Streaming data std delay: 0ms, IMU age: 4.457ms, Obs: 168us, Policy: 205us, Obs 2 Motor Command: 374us, Post processing: 90us, Planner - Gather Input: 64us, Model: 3180us, Convert50Hz: 63us, Total: 3307us | HandCloseRatio: 1
Loop timing - LowState age: 5.696ms, Streaming data mean delay: 0ms, Streaming data std delay: 0ms, IMU age: 5.698ms, Obs: 233us, Policy: 205us, Obs 2 Motor Command: 438us, Post processing: 27us, Planner - Gather Input: 64us, Model: 3180us, Convert50Hz: 63us, Total: 3307us | HandCloseRatio: 1
Loop timing - LowState age: 0.769ms, Streaming data mean delay: 0ms, Streaming data std delay: 0ms, IMU age: 0.771ms, Obs: 189us, Policy: 203us, Obs 2 Motor Command: 392us, Post processing: 20us, Planner - Gather Input: 64us, Model: 3180us, Convert50Hz: 63us, Total: 3307us | HandCloseRatio: 1
Loop timing - LowState age: 1.786ms, Streaming data mean delay: 0ms, Streaming data std delay: 0ms, IMU age: 1.786ms, Obs: 229us, Policy: 211us, Obs 2 Motor Command: 440us, Post processing: 25us, Planner - Gather Input: 64us, Model: 3180us, Convert50Hz: 63us, Total: 3307us | HandCloseRatio: 1
Loop timing - LowState age: 1.678ms, Streaming data mean delay: 0ms, Streaming data std delay: 0ms, IMU age: 1.584ms, Obs: 219us, Policy: 205us, Obs 2 Motor Command: 424us, Post processing: 24us, Planner - Gather Input: 64us, Model: 3180us, Convert50Hz: 63us, Total: 3307us | HandCloseRatio: 1
Loop timing - LowState age: 3.945ms, Streaming data mean delay: 0ms, Streaming data std delay: 0ms, IMU age: 3.874ms, Obs: 159us, Policy: 198us, Obs 2 Motor Command: 357us, Post processing: 14us, Planner - Gather Input: 64us, Model: 3180us, Convert50Hz: 63us, Total: 3307us | HandCloseRatio: 1
Loop timing - LowState age: 1.898ms, Streaming data mean delay: 0ms, Streaming data std delay: 0ms, IMU age: 1.838ms, Obs: 239us, Policy: 206us, Obs 2 Motor Command: 445us, Post processing: 26us, Planner - Gather Input: 64us, Model: 3180us, Convert50Hz: 63us, Total: 3307us | HandCloseRatio: 1
Loop timing - LowState age: 0.849ms, Streaming data mean delay: 0ms, Streaming data std delay: 0ms, IMU age: 0.714ms, Obs: 176us, Policy: 204us, Obs 2 Motor Command: 380us, Post processing: 17us, Planner - Gather Input: 64us, Model: 3180us, Convert50Hz: 63us, Total: 3307us | HandCloseRatio: 1
Loop timing - LowState age: 2.93ms, Streaming data mean delay: 0ms, Streaming data std delay: 0ms, IMU age: 2.918ms, Obs: 282us, Policy: 205us, Obs 2 Motor Command: 488us, Post processing: 58us, Planner - Gather Input: 64us, Model: 3180us, Convert50Hz: 63us, Total: 3307us | HandCloseRatio: 1
Loop timing - LowState age: 1.406ms, Streaming data mean delay: 0ms, Streaming data std delay: 0ms, IMU age: 1.447ms, Obs: 322us, Policy: 212us, Obs 2 Motor Command: 534us, Post processing: 27us, Planner - Gather Input: 64us, Model: 3180us, Convert50Hz: 63us, Total: 3307us | HandCloseRatio: 1
Loop timing - LowState age: 0.852ms, Streaming data mean delay: 0ms, Streaming data std delay: 0ms, IMU age: 0.795ms, Obs: 281us, Policy: 223us, Obs 2 Motor Command: 504us, Post processing: 26us, Planner - Gather Input: 64us, Model: 3180us, Convert50Hz: 63us, Total: 3307us | HandCloseRatio: 1
Loop timing - LowState age: 4.395ms, Streaming data mean delay: 0ms, Streaming data std delay: 0ms, IMU age: 4.384ms, Obs: 291us, Policy: 209us, Obs 2 Motor Command: 501us, Post processing: 24us, Planner - Gather Input: 64us, Model: 3180us, Convert50Hz: 63us, Total: 3307us | HandCloseRatio: 1
Loop timing - LowState age: 7.374ms, Streaming data mean delay: 0ms, Streaming data std delay: 0ms, IMU age: 7.339ms, Obs: 235us, Policy: 212us, Obs 2 Motor Command: 447us, Post processing: 55us, Planner - Gather Input: 64us, Model: 3180us, Convert50Hz: 63us, Total: 3307us | HandCloseRatio: 1
Loop timing - LowState age: 2.176ms, Streaming data mean delay: 0ms, Streaming data std delay: 0ms, IMU age: 2.105ms, Obs: 244us, Policy: 208us, Obs 2 Motor Command: 452us, Post processing: 16us, Planner - Gather Input: 64us, Model: 3180us, Convert50Hz: 63us, Total: 3307us | HandCloseRatio: 1
Loop timing - LowState age: 2.585ms, Streaming data mean delay: 0ms, Streaming data std delay: 0ms, IMU age: 2.57ms, Obs: 165us, Policy: 206us, Obs 2 Motor Command: 371us, Post processing: 15us, Planner - Gather Input: 64us, Model: 3180us, Convert50Hz: 63us, Total: 3307us | HandCloseRatio: 1
Loop timing - LowState age: 2.777ms, Streaming data mean delay: 0ms, Streaming data std delay: 0ms, IMU age: 2.753ms, Obs: 242us, Policy: 209us, Obs 2 Motor Command: 452us, Post processing: 18us, Planner - Gather Input: 64us, Model: 3180us, Convert50Hz: 63us, Total: 3307us | HandCloseRatio: 1
Loop timing - LowState age: 0.579ms, Streaming data mean delay: 0ms, Streaming data std delay: 0ms, IMU age: 0.584ms, Obs: 238us, Policy: 208us, Obs 2 Motor Command: 447us, Post processing: 27us, Planner - Gather Input: 64us, Model: 3180us, Convert50Hz: 63us, Total: 3307us | HandCloseRatio: 1
Loop timing - LowState age: 3.23ms, Streaming data mean delay: 0ms, Streaming data std delay: 0ms, IMU age: 3.239ms, Obs: 239us, Policy: 206us, Obs 2 Motor Command: 445us, Post processing: 26us, Planner - Gather Input: 64us, Model: 3180us, Convert50Hz: 63us, Total: 3307us | HandCloseRatio: 1
Loop timing - LowState age: 2.189ms, Streaming data mean delay: 0ms, Streaming data std delay: 0ms, IMU age: 2.168ms, Obs: 180us, Policy: 206us, Obs 2 Motor Command: 386us, Post processing: 18us, Planner - Gather Input: 64us, Model: 3180us, Convert50Hz: 63us, Total: 3307us | HandCloseRatio: 1
Loop timing - LowState age: 4.757ms, Streaming data mean delay: 0ms, Streaming data std delay: 0ms, IMU age: 4.67ms, Obs: 171us, Policy: 200us, Obs 2 Motor Command: 372us, Post processing: 14us, Planner - Gather Input: 64us, Model: 3180us, Convert50Hz: 63us, Total: 3307us | HandCloseRatio: 1
Loop timing - LowState age: 0.62ms, Streaming data mean delay: 0ms, Streaming data std delay: 0ms, IMU age: 0.602ms, Obs: 317us, Policy: 227us, Obs 2 Motor Command: 545us, Post processing: 27us, Planner - Gather Input: 64us, Model: 3180us, Convert50Hz: 63us, Total: 3307us | HandCloseRatio: 1
Loop timing - LowState age: 1.903ms, Streaming data mean delay: 0ms, Streaming data std delay: 0ms, IMU age: 1.821ms, Obs: 635us, Policy: 211us, Obs 2 Motor Command: 846us, Post processing: 16us, Planner - Gather Input: 64us, Model: 3180us, Convert50Hz: 63us, Total: 3307us | HandCloseRatio: 1
Loop timing - LowState age: 7.004ms, Streaming data mean delay: 0ms, Streaming data std delay: 0ms, IMU age: 7.06ms, Obs: 177us, Policy: 205us, Obs 2 Motor Command: 383us, Post processing: 17us, Planner - Gather Input: 64us, Model: 3180us, Convert50Hz: 63us, Total: 3307us | HandCloseRatio: 1
Loop timing - LowState age: 2.959ms, Streaming data mean delay: 0ms, Streaming data std delay: 0ms, IMU age: 2.942ms, Obs: 2362us, Policy: 294us, Obs 2 Motor Command: 2656us, Post processing: 49us, Planner - Gather Input: 64us, Model: 3180us, Convert50Hz: 63us, Total: 3307us | HandCloseRatio: 1
Loop timing - LowState age: 2.189ms, Streaming data mean delay: 0ms, Streaming data std delay: 0ms, IMU age: 2.204ms, Obs: 169us, Policy: 203us, Obs 2 Motor Command: 372us, Post processing: 15us, Planner - Gather Input: 64us, Model: 3180us, Convert50Hz: 63us, Total: 3307us | HandCloseRatio: 1
Loop timing - LowState age: 2.351ms, Streaming data mean delay: 0ms, Streaming data std delay: 0ms, IMU age: 2.325ms, Obs: 274us, Policy: 232us, Obs 2 Motor Command: 507us, Post processing: 24us, Planner - Gather Input: 64us, Model: 3180us, Convert50Hz: 63us, Total: 3307us | HandCloseRatio: 1
Loop timing - LowState age: 9.86ms, Streaming data mean delay: 0ms, Streaming data std delay: 0ms, IMU age: 9.805ms, Obs: 224us, Policy: 206us, Obs 2 Motor Command: 430us, Post processing: 26us, Planner - Gather Input: 64us, Model: 3180us, Convert50Hz: 63us, Total: 3307us | HandCloseRatio: 1
Loop timing - LowState age: 5.473ms, Streaming data mean delay: 0ms, Streaming data std delay: 0ms, IMU age: 5.367ms, Obs: 187us, Policy: 208us, Obs 2 Motor Command: 395us, Post processing: 20us, Planner - Gather Input: 64us, Model: 3180us, Convert50Hz: 63us, Total: 3307us | HandCloseRatio: 1
Loop timing - LowState age: 3.674ms, Streaming data mean delay: 0ms, Streaming data std delay: 0ms, IMU age: 3.621ms, Obs: 253us, Policy: 203us, Obs 2 Motor Command: 457us, Post processing: 57us, Planner - Gather Input: 64us, Model: 3180us, Convert50Hz: 63us, Total: 3307us | HandCloseRatio: 1
Loop timing - LowState age: 7.738ms, Streaming data mean delay: 0ms, Streaming data std delay: 0ms, IMU age: 7.715ms, Obs: 235us, Policy: 208us, Obs 2 Motor Command: 443us, Post processing: 23us, Planner - Gather Input: 64us, Model: 3180us, Convert50Hz: 63us, Total: 3307us | HandCloseRatio: 1
Loop timing - LowState age: 4.013ms, Streaming data mean delay: 0ms, Streaming data std delay: 0ms, IMU age: 4.019ms, Obs: 229us, Policy: 208us, Obs 2 Motor Command: 438us, Post processing: 25us, Planner - Gather Input: 64us, Model: 3180us, Convert50Hz: 63us, Total: 3307us | HandCloseRatio: 1
Loop timing - LowState age: 5.739ms, Streaming data mean delay: 0ms, Streaming data std delay: 0ms, IMU age: 5.665ms, Obs: 216us, Policy: 204us, Obs 2 Motor Command: 421us, Post processing: 23us, Planner - Gather Input: 64us, Model: 3180us, Convert50Hz: 63us, Total: 3307us | HandCloseRatio: 1
Loop timing - LowState age: 5.885ms, Streaming data mean delay: 0ms, Streaming data std delay: 0ms, IMU age: 5.889ms, Obs: 2344us, Policy: 2613us, Obs 2 Motor Command: 4958us, Post processing: 32us, Planner - Gather Input: 64us, Model: 3180us, Convert50Hz: 63us, Total: 3307us | HandCloseRatio: 1
Loop timing - LowState age: 1.343ms, Streaming data mean delay: 0ms, Streaming data std delay: 0ms, IMU age: 1.349ms, Obs: 279us, Policy: 227us, Obs 2 Motor Command: 506us, Post processing: 26us, Planner - Gather Input: 64us, Model: 3180us, Convert50Hz: 63us, Total: 3307us | HandCloseRatio: 1
Loop timing - LowState age: 15.583ms, Streaming data mean delay: 0ms, Streaming data std delay: 0ms, IMU age: 15.581ms, Obs: 187us, Policy: 200us, Obs 2 Motor Command: 388us, Post processing: 18us, Planner - Gather Input: 64us, Model: 3180us, Convert50Hz: 63us, Total: 3307us | HandCloseRatio: 1
Loop timing - LowState age: 9.124ms, Streaming data mean delay: 0ms, Streaming data std delay: 0ms, IMU age: 9.112ms, Obs: 2735us, Policy: 286us, Obs 2 Motor Command: 3021us, Post processing: 31us, Planner - Gather Input: 64us, Model: 3180us, Convert50Hz: 63us, Total: 3307us | HandCloseRatio: 1
Loop timing - LowState age: 4.988ms, Streaming data mean delay: 0ms, Streaming data std delay: 0ms, IMU age: 4.964ms, Obs: 211us, Policy: 203us, Obs 2 Motor Command: 415us, Post processing: 25us, Planner - Gather Input: 64us, Model: 3180us, Convert50Hz: 63us, Total: 3307us | HandCloseRatio: 1
Loop timing - LowState age: 6.046ms, Streaming data mean delay: 0ms, Streaming data std delay: 0ms, IMU age: 6.049ms, Obs: 211us, Policy: 207us, Obs 2 Motor Command: 418us, Post processing: 27us, Planner - Gather Input: 64us, Model: 3180us, Convert50Hz: 63us, Total: 3307us | HandCloseRatio: 1
Loop timing - LowState age: 21.029ms, Streaming data mean delay: 0ms, Streaming data std delay: 0ms, IMU age: 21.04ms, Obs: 293us, Policy: 212us, Obs 2 Motor Command: 505us, Post processing: 24us, Planner - Gather Input: 64us, Model: 3180us, Convert50Hz: 63us, Total: 3307us | HandCloseRatio: 1
Loop timing - LowState age: 3.396ms, Streaming data mean delay: 0ms, Streaming data std delay: 0ms, IMU age: 3.311ms, Obs: 239us, Policy: 209us, Obs 2 Motor Command: 448us, Post processing: 27us, Planner - Gather Input: 64us, Model: 3180us, Convert50Hz: 63us, Total: 3307us | HandCloseRatio: 1
Loop timing - LowState age: 5.402ms, Streaming data mean delay: 0ms, Streaming data std delay: 0ms, IMU age: 5.439ms, Obs: 231us, Policy: 208us, Obs 2 Motor Command: 439us, Post processing: 25us, Planner - Gather Input: 64us, Model: 3180us, Convert50Hz: 63us, Total: 3307us | HandCloseRatio: 1
Loop timing - LowState age: 6.853ms, Streaming data mean delay: 0ms, Streaming data std delay: 0ms, IMU age: 6.835ms, Obs: 239us, Policy: 203us, Obs 2 Motor Command: 443us, Post processing: 17us, Planner - Gather Input: 64us, Model: 3180us, Convert50Hz: 63us, Total: 3307us | HandCloseRatio: 1
Loop timing - LowState age: 4.803ms, Streaming data mean delay: 0ms, Streaming data std delay: 0ms, IMU age: 4.748ms, Obs: 367us, Policy: 220us, Obs 2 Motor Command: 587us, Post processing: 35us, Planner - Gather Input: 64us, Model: 3180us, Convert50Hz: 63us, Total: 3307us | HandCloseRatio: 1
Loop timing - LowState age: 7.519ms, Streaming data mean delay: 0ms, Streaming data std delay: 0ms, IMU age: 7.52ms, Obs: 2689us, Policy: 2600us, Obs 2 Motor Command: 5289us, Post processing: 33us, Planner - Gather Input: 64us, Model: 3180us, Convert50Hz: 63us, Total: 3307us | HandCloseRatio: 1
Loop timing - LowState age: 12.737ms, Streaming data mean delay: 0ms, Streaming data std delay: 0ms, IMU age: 12.72ms, Obs: 1679us, Policy: 301us, Obs 2 Motor Command: 1980us, Post processing: 17us, Planner - Gather Input: 64us, Model: 3180us, Convert50Hz: 63us, Total: 3307us | HandCloseRatio: 1
Loop timing - LowState age: 0.945ms, Streaming data mean delay: 0ms, Streaming data std delay: 0ms, IMU age: 0.927ms, Obs: 221us, Policy: 198us, Obs 2 Motor Command: 420us, Post processing: 15us, Planner - Gather Input: 64us, Model: 3180us, Convert50Hz: 63us, Total: 3307us | HandCloseRatio: 1
Loop timing - LowState age: 3.213ms, Streaming data mean delay: 0ms, Streaming data std delay: 0ms, IMU age: 3.214ms, Obs: 218us, Policy: 198us, Obs 2 Motor Command: 417us, Post processing: 15us, Planner - Gather Input: 64us, Model: 3180us, Convert50Hz: 63us, Total: 3307us | HandCloseRatio: 1
Loop timing - LowState age: 1.372ms, Streaming data mean delay: 0ms, Streaming data std delay: 0ms, IMU age: 1.364ms, Obs: 258us, Policy: 212us, Obs 2 Motor Command: 470us, Post processing: 63us, Planner - Gather Input: 64us, Model: 3180us, Convert50Hz: 63us, Total: 3307us | HandCloseRatio: 1
Loop timing - LowState age: 3.793ms, Streaming data mean delay: 0ms, Streaming data std delay: 0ms, IMU age: 3.801ms, Obs: 210us, Policy: 204us, Obs 2 Motor Command: 414us, Post processing: 26us, Planner - Gather Input: 64us, Model: 3180us, Convert50Hz: 63us, Total: 3307us | HandCloseRatio: 1
Loop timing - LowState age: 4.189ms, Streaming data mean delay: 0ms, Streaming data std delay: 0ms, IMU age: 4.153ms, Obs: 311us, Policy: 210us, Obs 2 Motor Command: 522us, Post processing: 28us, Planner - Gather Input: 64us, Model: 3180us, Convert50Hz: 63us, Total: 3307us | HandCloseRatio: 1
Loop timing - LowState age: 1.582ms, Streaming data mean delay: 0ms, Streaming data std delay: 0ms, IMU age: 1.567ms, Obs: 205us, Policy: 209us, Obs 2 Motor Command: 415us, Post processing: 24us, Planner - Gather Input: 64us, Model: 3180us, Convert50Hz: 63us, Total: 3307us | HandCloseRatio: 1
Loop timing - LowState age: 4.598ms, Streaming data mean delay: 0ms, Streaming data std delay: 0ms, IMU age: 4.598ms, Obs: 245us, Policy: 212us, Obs 2 Motor Command: 457us, Post processing: 57us, Planner - Gather Input: 64us, Model: 3180us, Convert50Hz: 63us, Total: 3307us | HandCloseRatio: 1
Loop timing - LowState age: 8.252ms, Streaming data mean delay: 0ms, Streaming data std delay: 0ms, IMU age: 8.241ms, Obs: 296us, Policy: 214us, Obs 2 Motor Command: 510us, Post processing: 27us, Planner - Gather Input: 64us, Model: 3180us, Convert50Hz: 63us, Total: 3307us | HandCloseRatio: 1
Loop timing - LowState age: 5.659ms, Streaming data mean delay: 0ms, Streaming data std delay: 0ms, IMU age: 5.642ms, Obs: 1890us, Policy: 2519us, Obs 2 Motor Command: 4410us, Post processing: 18us, Planner - Gather Input: 64us, Model: 3180us, Convert50Hz: 63us, Total: 3307us | HandCloseRatio: 1
Loop timing - LowState age: 5.202ms, Streaming data mean delay: 0ms, Streaming data std delay: 0ms, IMU age: 5.193ms, Obs: 250us, Policy: 203us, Obs 2 Motor Command: 453us, Post processing: 15us, Planner - Gather Input: 64us, Model: 3180us, Convert50Hz: 63us, Total: 3307us | HandCloseRatio: 1
Loop timing - LowState age: 5.519ms, Streaming data mean delay: 0ms, Streaming data std delay: 0ms, IMU age: 5.497ms, Obs: 161us, Policy: 202us, Obs 2 Motor Command: 363us, Post processing: 17us, Planner - Gather Input: 64us, Model: 3180us, Convert50Hz: 63us, Total: 3307us | HandCloseRatio: 1
Loop timing - LowState age: 3.317ms, Streaming data mean delay: 0ms, Streaming data std delay: 0ms, IMU age: 3.271ms, Obs: 173us, Policy: 204us, Obs 2 Motor Command: 377us, Post processing: 16us, Planner - Gather Input: 64us, Model: 3180us, Convert50Hz: 63us, Total: 3307us | HandCloseRatio: 1
Loop timing - LowState age: 1.869ms, Streaming data mean delay: 0ms, Streaming data std delay: 0ms, IMU age: 1.858ms, Obs: 188us, Policy: 202us, Obs 2 Motor Command: 391us, Post processing: 21us, Planner - Gather Input: 64us, Model: 3180us, Convert50Hz: 63us, Total: 3307us | HandCloseRatio: 1
Loop timing - LowState age: 7.152ms, Streaming data mean delay: 0ms, Streaming data std delay: 0ms, IMU age: 7.102ms, Obs: 180us, Policy: 205us, Obs 2 Motor Command: 385us, Post processing: 17us, Planner - Gather Input: 64us, Model: 3180us, Convert50Hz: 63us, Total: 3307us | HandCloseRatio: 1
Loop timing - LowState age: 2.532ms, Streaming data mean delay: 0ms, Streaming data std delay: 0ms, IMU age: 2.538ms, Obs: 232us, Policy: 210us, Obs 2 Motor Command: 442us, Post processing: 24us, Planner - Gather Input: 64us, Model: 3180us, Convert50Hz: 63us, Total: 3307us | HandCloseRatio: 1
Loop timing - LowState age: 2.708ms, Streaming data mean delay: 0ms, Streaming data std delay: 0ms, IMU age: 2.713ms, Obs: 303us, Policy: 210us, Obs 2 Motor Command: 514us, Post processing: 26us, Planner - Gather Input: 64us, Model: 3180us, Convert50Hz: 63us, Total: 3307us | HandCloseRatio: 1
Loop timing - LowState age: 3.513ms, Streaming data mean delay: 0ms, Streaming data std delay: 0ms, IMU age: 3.524ms, Obs: 186us, Policy: 206us, Obs 2 Motor Command: 393us, Post processing: 17us, Planner - Gather Input: 64us, Model: 3180us, Convert50Hz: 63us, Total: 3307us | HandCloseRatio: 1
Loop timing - LowState age: 0.972ms, Streaming data mean delay: 0ms, Streaming data std delay: 0ms, IMU age: 0.926ms, Obs: 260us, Policy: 223us, Obs 2 Motor Command: 483us, Post processing: 19us, Planner - Gather Input: 64us, Model: 3180us, Convert50Hz: 63us, Total: 3307us | HandCloseRatio: 1
Loop timing - LowState age: 3.456ms, Streaming data mean delay: 0ms, Streaming data std delay: 0ms, IMU age: 3.407ms, Obs: 250us, Policy: 209us, Obs 2 Motor Command: 459us, Post processing: 18us, Planner - Gather Input: 64us, Model: 3180us, Convert50Hz: 63us, Total: 3307us | HandCloseRatio: 1
Loop timing - LowState age: 4.965ms, Streaming data mean delay: 0ms, Streaming data std delay: 0ms, IMU age: 4.953ms, Obs: 240us, Policy: 213us, Obs 2 Motor Command: 454us, Post processing: 57us, Planner - Gather Input: 64us, Model: 3180us, Convert50Hz: 63us, Total: 3307us | HandCloseRatio: 1
Loop timing - LowState age: 25.731ms, Streaming data mean delay: 0ms, Streaming data std delay: 0ms, IMU age: 25.706ms, Obs: 271us, Policy: 212us, Obs 2 Motor Command: 484us, Post processing: 34us, Planner - Gather Input: 64us, Model: 3180us, Convert50Hz: 63us, Total: 3307us | HandCloseRatio: 1
Loop timing - LowState age: 0.879ms, Streaming data mean delay: 0ms, Streaming data std delay: 0ms, IMU age: 0.857ms, Obs: 167us, Policy: 203us, Obs 2 Motor Command: 371us, Post processing: 14us, Planner - Gather Input: 64us, Model: 3180us, Convert50Hz: 63us, Total: 3307us | HandCloseRatio: 1
Loop timing - LowState age: 1.346ms, Streaming data mean delay: 0ms, Streaming data std delay: 0ms, IMU age: 1.34ms, Obs: 250us, Policy: 205us, Obs 2 Motor Command: 456us, Post processing: 16us, Planner - Gather Input: 64us, Model: 3180us, Convert50Hz: 63us, Total: 3307us | HandCloseRatio: 1
Loop timing - LowState age: 11.806ms, Streaming data mean delay: 0ms, Streaming data std delay: 0ms, IMU age: 11.701ms, Obs: 230us, Policy: 199us, Obs 2 Motor Command: 429us, Post processing: 15us, Planner - Gather Input: 64us, Model: 3180us, Convert50Hz: 63us, Total: 3307us | HandCloseRatio: 1
Loop timing - LowState age: 4.531ms, Streaming data mean delay: 0ms, Streaming data std delay: 0ms, IMU age: 4.462ms, Obs: 263us, Policy: 206us, Obs 2 Motor Command: 469us, Post processing: 65us, Planner - Gather Input: 64us, Model: 3180us, Convert50Hz: 63us, Total: 3307us | HandCloseRatio: 1
Loop timing - LowState age: 3.647ms, Streaming data mean delay: 0ms, Streaming data std delay: 0ms, IMU age: 3.6ms, Obs: 252us, Policy: 214us, Obs 2 Motor Command: 467us, Post processing: 40us, Planner - Gather Input: 64us, Model: 3180us, Convert50Hz: 63us, Total: 3307us | HandCloseRatio: 1
Loop timing - LowState age: 6.644ms, Streaming data mean delay: 0ms, Streaming data std delay: 0ms, IMU age: 6.626ms, Obs: 235us, Policy: 202us, Obs 2 Motor Command: 437us, Post processing: 16us, Planner - Gather Input: 64us, Model: 3180us, Convert50Hz: 63us, Total: 3307us | HandCloseRatio: 1
Loop timing - LowState age: 11.18ms, Streaming data mean delay: 0ms, Streaming data std delay: 0ms, IMU age: 11.108ms, Obs: 254us, Policy: 207us, Obs 2 Motor Command: 461us, Post processing: 17us, Planner - Gather Input: 64us, Model: 3180us, Convert50Hz: 63us, Total: 3307us | HandCloseRatio: 1
Loop timing - LowState age: 1.253ms, Streaming data mean delay: 0ms, Streaming data std delay: 0ms, IMU age: 1.181ms, Obs: 148us, Policy: 204us, Obs 2 Motor Command: 353us, Post processing: 14us, Planner - Gather Input: 64us, Model: 3180us, Convert50Hz: 63us, Total: 3307us | HandCloseRatio: 1
Loop timing - LowState age: 0.567ms, Streaming data mean delay: 0ms, Streaming data std delay: 0ms, IMU age: 0.503ms, Obs: 169us, Policy: 201us, Obs 2 Motor Command: 371us, Post processing: 14us, Planner - Gather Input: 64us, Model: 3180us, Convert50Hz: 63us, Total: 3307us | HandCloseRatio: 1
Loop timing - LowState age: 2.071ms, Streaming data mean delay: 0ms, Streaming data std delay: 0ms, IMU age: 2.097ms, Obs: 236us, Policy: 206us, Obs 2 Motor Command: 443us, Post processing: 27us, Planner - Gather Input: 64us, Model: 3180us, Convert50Hz: 63us, Total: 3307us | HandCloseRatio: 1
Loop timing - LowState age: 1.906ms, Streaming data mean delay: 0ms, Streaming data std delay: 0ms, IMU age: 1.952ms, Obs: 213us, Policy: 208us, Obs 2 Motor Command: 422us, Post processing: 28us, Planner - Gather Input: 64us, Model: 3180us, Convert50Hz: 63us, Total: 3307us | HandCloseRatio: 1
Loop timing - LowState age: 7.367ms, Streaming data mean delay: 0ms, Streaming data std delay: 0ms, IMU age: 7.337ms, Obs: 476us, Policy: 232us, Obs 2 Motor Command: 708us, Post processing: 19us, Planner - Gather Input: 64us, Model: 3180us, Convert50Hz: 63us, Total: 3307us | HandCloseRatio: 1
Loop timing - LowState age: 0.939ms, Streaming data mean delay: 0ms, Streaming data std delay: 0ms, IMU age: 0.932ms, Obs: 434us, Policy: 286us, Obs 2 Motor Command: 720us, Post processing: 51us, Planner - Gather Input: 64us, Model: 3180us, Convert50Hz: 63us, Total: 3307us | HandCloseRatio: 1
Loop timing - LowState age: 3.579ms, Streaming data mean delay: 0ms, Streaming data std delay: 0ms, IMU age: 3.552ms, Obs: 215us, Policy: 211us, Obs 2 Motor Command: 426us, Post processing: 22us, Planner - Gather Input: 64us, Model: 3180us, Convert50Hz: 63us, Total: 3307us | HandCloseRatio: 1
Loop timing - LowState age: 8.575ms, Streaming data mean delay: 0ms, Streaming data std delay: 0ms, IMU age: 8.627ms, Obs: 226us, Policy: 210us, Obs 2 Motor Command: 437us, Post processing: 24us, Planner - Gather Input: 64us, Model: 3180us, Convert50Hz: 63us, Total: 3307us | HandCloseRatio: 1
Loop timing - LowState age: 3.084ms, Streaming data mean delay: 0ms, Streaming data std delay: 0ms, IMU age: 3.066ms, Obs: 384us, Policy: 220us, Obs 2 Motor Command: 605us, Post processing: 65us, Planner - Gather Input: 64us, Model: 3180us, Convert50Hz: 63us, Total: 3307us | HandCloseRatio: 1
Loop timing - LowState age: 3.995ms, Streaming data mean delay: 0ms, Streaming data std delay: 0ms, IMU age: 3.927ms, Obs: 205us, Policy: 210us, Obs 2 Motor Command: 416us, Post processing: 24us, Planner - Gather Input: 64us, Model: 3180us, Convert50Hz: 63us, Total: 3307us | HandCloseRatio: 1
Loop timing - LowState age: 2.751ms, Streaming data mean delay: 0ms, Streaming data std delay: 0ms, IMU age: 2.767ms, Obs: 267us, Policy: 208us, Obs 2 Motor Command: 475us, Post processing: 51us, Planner - Gather Input: 64us, Model: 3180us, Convert50Hz: 63us, Total: 3307us | HandCloseRatio: 1
Loop timing - LowState age: 6.457ms, Streaming data mean delay: 0ms, Streaming data std delay: 0ms, IMU age: 6.391ms, Obs: 169us, Policy: 199us, Obs 2 Motor Command: 369us, Post processing: 18us, Planner - Gather Input: 64us, Model: 3180us, Convert50Hz: 63us, Total: 3307us | HandCloseRatio: 1
Loop timing - LowState age: 2.671ms, Streaming data mean delay: 0ms, Streaming data std delay: 0ms, IMU age: 2.632ms, Obs: 319us, Policy: 211us, Obs 2 Motor Command: 531us, Post processing: 27us, Planner - Gather Input: 64us, Model: 3180us, Convert50Hz: 63us, Total: 3307us | HandCloseRatio: 1
Loop timing - LowState age: 2.009ms, Streaming data mean delay: 0ms, Streaming data std delay: 0ms, IMU age: 1.885ms, Obs: 248us, Policy: 204us, Obs 2 Motor Command: 453us, Post processing: 18us, Planner - Gather Input: 64us, Model: 3180us, Convert50Hz: 63us, Total: 3307us | HandCloseRatio: 1
Loop timing - LowState age: 2.541ms, Streaming data mean delay: 0ms, Streaming data std delay: 0ms, IMU age: 2.52ms, Obs: 215us, Policy: 203us, Obs 2 Motor Command: 419us, Post processing: 26us, Planner - Gather Input: 64us, Model: 3180us, Convert50Hz: 63us, Total: 3307us | HandCloseRatio: 1
Loop timing - LowState age: 4.213ms, Streaming data mean delay: 0ms, Streaming data std delay: 0ms, IMU age: 4.113ms, Obs: 271us, Policy: 210us, Obs 2 Motor Command: 482us, Post processing: 31us, Planner - Gather Input: 64us, Model: 3180us, Convert50Hz: 63us, Total: 3307us | HandCloseRatio: 1
Loop timing - LowState age: 1.971ms, Streaming data mean delay: 0ms, Streaming data std delay: 0ms, IMU age: 1.955ms, Obs: 297us, Policy: 212us, Obs 2 Motor Command: 510us, Post processing: 35us, Planner - Gather Input: 64us, Model: 3180us, Convert50Hz: 63us, Total: 3307us | HandCloseRatio: 1
Loop timing - LowState age: 11.52ms, Streaming data mean delay: 0ms, Streaming data std delay: 0ms, IMU age: 11.509ms, Obs: 260us, Policy: 207us, Obs 2 Motor Command: 467us, Post processing: 56us, Planner - Gather Input: 64us, Model: 3180us, Convert50Hz: 63us, Total: 3307us | HandCloseRatio: 1
Loop timing - LowState age: 8.89ms, Streaming data mean delay: 0ms, Streaming data std delay: 0ms, IMU age: 8.806ms, Obs: 313us, Policy: 210us, Obs 2 Motor Command: 523us, Post processing: 29us, Planner - Gather Input: 64us, Model: 3180us, Convert50Hz: 63us, Total: 3307us | HandCloseRatio: 1
Loop timing - LowState age: 1.837ms, Streaming data mean delay: 0ms, Streaming data std delay: 0ms, IMU age: 1.828ms, Obs: 1026us, Policy: 212us, Obs 2 Motor Command: 1238us, Post processing: 35us, Planner - Gather Input: 64us, Model: 3180us, Convert50Hz: 63us, Total: 3307us | HandCloseRatio: 1
Loop timing - LowState age: 1.875ms, Streaming data mean delay: 0ms, Streaming data std delay: 0ms, IMU age: 1.89ms, Obs: 260us, Policy: 203us, Obs 2 Motor Command: 464us, Post processing: 17us, Planner - Gather Input: 64us, Model: 3180us, Convert50Hz: 63us, Total: 3307us | HandCloseRatio: 1
Loop timing - LowState age: 2.668ms, Streaming data mean delay: 0ms, Streaming data std delay: 0ms, IMU age: 2.66ms, Obs: 307us, Policy: 209us, Obs 2 Motor Command: 516us, Post processing: 27us, Planner - Gather Input: 64us, Model: 3180us, Convert50Hz: 63us, Total: 3307us | HandCloseRatio: 1
Loop timing - LowState age: 7.159ms, Streaming data mean delay: 0ms, Streaming data std delay: 0ms, IMU age: 7.18ms, Obs: 1947us, Policy: 2459us, Obs 2 Motor Command: 4407us, Post processing: 33us, Planner - Gather Input: 64us, Model: 3180us, Convert50Hz: 63us, Total: 3307us | HandCloseRatio: 1
Loop timing - LowState age: 3.475ms, Streaming data mean delay: 0ms, Streaming data std delay: 0ms, IMU age: 3.48ms, Obs: 204us, Policy: 206us, Obs 2 Motor Command: 411us, Post processing: 23us, Planner - Gather Input: 64us, Model: 3180us, Convert50Hz: 63us, Total: 3307us | HandCloseRatio: 1
Loop timing - LowState age: 4.235ms, Streaming data mean delay: 0ms, Streaming data std delay: 0ms, IMU age: 4.258ms, Obs: 217us, Policy: 208us, Obs 2 Motor Command: 425us, Post processing: 23us, Planner - Gather Input: 64us, Model: 3180us, Convert50Hz: 63us, Total: 3307us | HandCloseRatio: 1
Loop timing - LowState age: 2.236ms, Streaming data mean delay: 0ms, Streaming data std delay: 0ms, IMU age: 2.156ms, Obs: 299us, Policy: 227us, Obs 2 Motor Command: 526us, Post processing: 27us, Planner - Gather Input: 64us, Model: 3180us, Convert50Hz: 63us, Total: 3307us | HandCloseRatio: 1
Loop timing - LowState age: 3.963ms, Streaming data mean delay: 0ms, Streaming data std delay: 0ms, IMU age: 3.959ms, Obs: 240us, Policy: 208us, Obs 2 Motor Command: 449us, Post processing: 85us, Planner - Gather Input: 64us, Model: 3180us, Convert50Hz: 63us, Total: 3307us | HandCloseRatio: 1
Loop timing - LowState age: 1.086ms, Streaming data mean delay: 0ms, Streaming data std delay: 0ms, IMU age: 1.103ms, Obs: 328us, Policy: 212us, Obs 2 Motor Command: 540us, Post processing: 25us, Planner - Gather Input: 64us, Model: 3180us, Convert50Hz: 63us, Total: 3307us | HandCloseRatio: 1
Loop timing - LowState age: 2.539ms, Streaming data mean delay: 0ms, Streaming data std delay: 0ms, IMU age: 2.542ms, Obs: 283us, Policy: 212us, Obs 2 Motor Command: 495us, Post processing: 42us, Planner - Gather Input: 64us, Model: 3180us, Convert50Hz: 63us, Total: 3307us | HandCloseRatio: 1
Loop timing - LowState age: 1.972ms, Streaming data mean delay: 0ms, Streaming data std delay: 0ms, IMU age: 2.007ms, Obs: 245us, Policy: 204us, Obs 2 Motor Command: 449us, Post processing: 32us, Planner - Gather Input: 64us, Model: 3180us, Convert50Hz: 63us, Total: 3307us | HandCloseRatio: 1
Loop timing - LowState age: 1.802ms, Streaming data mean delay: 0ms, Streaming data std delay: 0ms, IMU age: 1.796ms, Obs: 257us, Policy: 216us, Obs 2 Motor Command: 473us, Post processing: 35us, Planner - Gather Input: 64us, Model: 3180us, Convert50Hz: 63us, Total: 3307us | HandCloseRatio: 1
Loop timing - LowState age: 1.835ms, Streaming data mean delay: 0ms, Streaming data std delay: 0ms, IMU age: 1.715ms, Obs: 322us, Policy: 209us, Obs 2 Motor Command: 532us, Post processing: 31us, Planner - Gather Input: 64us, Model: 3180us, Convert50Hz: 63us, Total: 3307us | HandCloseRatio: 1
Loop timing - LowState age: 11.197ms, Streaming data mean delay: 0ms, Streaming data std delay: 0ms, IMU age: 11.128ms, Obs: 302us, Policy: 209us, Obs 2 Motor Command: 511us, Post processing: 28us, Planner - Gather Input: 64us, Model: 3180us, Convert50Hz: 63us, Total: 3307us | HandCloseRatio: 1
Loop timing - LowState age: 6.147ms, Streaming data mean delay: 0ms, Streaming data std delay: 0ms, IMU age: 6.167ms, Obs: 232us, Policy: 210us, Obs 2 Motor Command: 442us, Post processing: 25us, Planner - Gather Input: 64us, Model: 3180us, Convert50Hz: 63us, Total: 3307us | HandCloseRatio: 1
Loop timing - LowState age: 7.388ms, Streaming data mean delay: 0ms, Streaming data std delay: 0ms, IMU age: 7.368ms, Obs: 242us, Policy: 215us, Obs 2 Motor Command: 457us, Post processing: 45us, Planner - Gather Input: 64us, Model: 3180us, Convert50Hz: 63us, Total: 3307us | HandCloseRatio: 1
Loop timing - LowState age: 1.076ms, Streaming data mean delay: 0ms, Streaming data std delay: 0ms, IMU age: 1.066ms, Obs: 173us, Policy: 204us, Obs 2 Motor Command: 377us, Post processing: 18us, Planner - Gather Input: 64us, Model: 3180us, Convert50Hz: 63us, Total: 3307us | HandCloseRatio: 1
Loop timing - LowState age: 21.482ms, Streaming data mean delay: 0ms, Streaming data std delay: 0ms, IMU age: 21.477ms, Obs: 1916us, Policy: 2693us, Obs 2 Motor Command: 4610us, Post processing: 38us, Planner - Gather Input: 64us, Model: 3180us, Convert50Hz: 63us, Total: 3307us | HandCloseRatio: 1
Loop timing - LowState age: 3.465ms, Streaming data mean delay: 0ms, Streaming data std delay: 0ms, IMU age: 3.503ms, Obs: 222us, Policy: 213us, Obs 2 Motor Command: 436us, Post processing: 31us, Planner - Gather Input: 64us, Model: 3180us, Convert50Hz: 63us, Total: 3307us | HandCloseRatio: 1
Loop timing - LowState age: 7.371ms, Streaming data mean delay: 0ms, Streaming data std delay: 0ms, IMU age: 7.331ms, Obs: 2731us, Policy: 2635us, Obs 2 Motor Command: 5367us, Post processing: 27us, Planner - Gather Input: 64us, Model: 3180us, Convert50Hz: 63us, Total: 3307us | HandCloseRatio: 1
Loop timing - LowState age: 3.363ms, Streaming data mean delay: 0ms, Streaming data std delay: 0ms, IMU age: 3.315ms, Obs: 265us, Policy: 203us, Obs 2 Motor Command: 469us, Post processing: 50us, Planner - Gather Input: 64us, Model: 3180us, Convert50Hz: 63us, Total: 3307us | HandCloseRatio: 1
Loop timing - LowState age: 5.155ms, Streaming data mean delay: 0ms, Streaming data std delay: 0ms, IMU age: 5.097ms, Obs: 199us, Policy: 207us, Obs 2 Motor Command: 406us, Post processing: 24us, Planner - Gather Input: 64us, Model: 3180us, Convert50Hz: 63us, Total: 3307us | HandCloseRatio: 1
Loop timing - LowState age: 4.589ms, Streaming data mean delay: 0ms, Streaming data std delay: 0ms, IMU age: 4.576ms, Obs: 197us, Policy: 206us, Obs 2 Motor Command: 403us, Post processing: 22us, Planner - Gather Input: 64us, Model: 3180us, Convert50Hz: 63us, Total: 3307us | HandCloseRatio: 1
Loop timing - LowState age: 3.733ms, Streaming data mean delay: 0ms, Streaming data std delay: 0ms, IMU age: 3.707ms, Obs: 229us, Policy: 209us, Obs 2 Motor Command: 439us, Post processing: 33us, Planner - Gather Input: 64us, Model: 3180us, Convert50Hz: 63us, Total: 3307us | HandCloseRatio: 1
Loop timing - LowState age: 1.835ms, Streaming data mean delay: 0ms, Streaming data std delay: 0ms, IMU age: 1.815ms, Obs: 151us, Policy: 202us, Obs 2 Motor Command: 353us, Post processing: 14us, Planner - Gather Input: 64us, Model: 3180us, Convert50Hz: 63us, Total: 3307us | HandCloseRatio: 1
Loop timing - LowState age: 10.438ms, Streaming data mean delay: 0ms, Streaming data std delay: 0ms, IMU age: 10.369ms, Obs: 301us, Policy: 212us, Obs 2 Motor Command: 513us, Post processing: 27us, Planner - Gather Input: 64us, Model: 3180us, Convert50Hz: 63us, Total: 3307us | HandCloseRatio: 1
Loop timing - LowState age: 29.005ms, Streaming data mean delay: 0ms, Streaming data std delay: 0ms, IMU age: 28.984ms, Obs: 261us, Policy: 205us, Obs 2 Motor Command: 466us, Post processing: 50us, Planner - Gather Input: 64us, Model: 3180us, Convert50Hz: 63us, Total: 3307us | HandCloseRatio: 1
Loop timing - LowState age: 1.249ms, Streaming data mean delay: 0ms, Streaming data std delay: 0ms, IMU age: 1.27ms, Obs: 215us, Policy: 207us, Obs 2 Motor Command: 422us, Post processing: 28us, Planner - Gather Input: 64us, Model: 3180us, Convert50Hz: 63us, Total: 3307us | HandCloseRatio: 1
Loop timing - LowState age: 3.035ms, Streaming data mean delay: 0ms, Streaming data std delay: 0ms, IMU age: 3.054ms, Obs: 296us, Policy: 232us, Obs 2 Motor Command: 529us, Post processing: 29us, Planner - Gather Input: 64us, Model: 3180us, Convert50Hz: 63us, Total: 3307us | HandCloseRatio: 1
Loop timing - LowState age: 1.559ms, Streaming data mean delay: 0ms, Streaming data std delay: 0ms, IMU age: 1.577ms, Obs: 241us, Policy: 208us, Obs 2 Motor Command: 450us, Post processing: 18us, Planner - Gather Input: 64us, Model: 3180us, Convert50Hz: 63us, Total: 3307us | HandCloseRatio: 1
Loop timing - LowState age: 3.515ms, Streaming data mean delay: 0ms, Streaming data std delay: 0ms, IMU age: 3.51ms, Obs: 338us, Policy: 213us, Obs 2 Motor Command: 551us, Post processing: 28us, Planner - Gather Input: 64us, Model: 3180us, Convert50Hz: 63us, Total: 3307us | HandCloseRatio: 1
Loop timing - LowState age: 2.686ms, Streaming data mean delay: 0ms, Streaming data std delay: 0ms, IMU age: 2.69ms, Obs: 204us, Policy: 207us, Obs 2 Motor Command: 411us, Post processing: 26us, Planner - Gather Input: 64us, Model: 3180us, Convert50Hz: 63us, Total: 3307us | HandCloseRatio: 1
Loop timing - LowState age: 7.984ms, Streaming data mean delay: 0ms, Streaming data std delay: 0ms, IMU age: 7.964ms, Obs: 2539us, Policy: 4170us, Obs 2 Motor Command: 6710us, Post processing: 46us, Planner - Gather Input: 64us, Model: 3180us, Convert50Hz: 63us, Total: 3307us | HandCloseRatio: 1
Loop timing - LowState age: 2.897ms, Streaming data mean delay: 0ms, Streaming data std delay: 0ms, IMU age: 2.887ms, Obs: 193us, Policy: 203us, Obs 2 Motor Command: 396us, Post processing: 23us, Planner - Gather Input: 64us, Model: 3180us, Convert50Hz: 63us, Total: 3307us | HandCloseRatio: 1
Loop timing - LowState age: 1.342ms, Streaming data mean delay: 0ms, Streaming data std delay: 0ms, IMU age: 1.341ms, Obs: 236us, Policy: 204us, Obs 2 Motor Command: 441us, Post processing: 18us, Planner - Gather Input: 64us, Model: 3180us, Convert50Hz: 63us, Total: 3307us | HandCloseRatio: 1
Loop timing - LowState age: 1.975ms, Streaming data mean delay: 0ms, Streaming data std delay: 0ms, IMU age: 1.579ms, Obs: 278us, Policy: 241us, Obs 2 Motor Command: 520us, Post processing: 26us, Planner - Gather Input: 64us, Model: 3180us, Convert50Hz: 63us, Total: 3307us | HandCloseRatio: 1
Loop timing - LowState age: 4.693ms, Streaming data mean delay: 0ms, Streaming data std delay: 0ms, IMU age: 4.668ms, Obs: 1234us, Policy: 215us, Obs 2 Motor Command: 1449us, Post processing: 60us, Planner - Gather Input: 64us, Model: 3180us, Convert50Hz: 63us, Total: 3307us | HandCloseRatio: 1
