[lowlevel-dds] domain=0 publish_hz=1041.68 cmd_timeout=100.0 ms
1787402843.444170 [0]    python3: selected interface "lo" is not multicast-capable: disabling multicast
[lowlevel-dds] waiting for the sim to write state...
[lowlevel-dds] t=   5.0s  lowstate=4785 ( 956.937 Hz)  lowcmd=0 (   0.00 Hz)  crc_bad=0 nan_cmd=0 imu2=4785 ( 956.937 Hz)  repeat= 74.1%  sim_stale=35  dex3_state=957 (191.39 Hz)  dex3_cmd={'left': 0, 'right': 0}
[lowlevel-dds] t=  10.0s  lowstate=9567 ( 956.629 Hz)  lowcmd=0 (   0.00 Hz)  crc_bad=0 nan_cmd=0 imu2=9567 ( 956.629 Hz)  repeat= 74.8%  sim_stale=82  dex3_state=1913 (191.29 Hz)  dex3_cmd={'left': 0, 'right': 0}
[lowlevel-dds] t=  15.0s  lowstate=14549 ( 969.881 Hz)  lowcmd=0 (   0.00 Hz)  crc_bad=0 nan_cmd=0 imu2=14549 ( 969.881 Hz)  repeat= 75.5%  sim_stale=123  dex3_state=2909 (193.92 Hz)  dex3_cmd={'left': 0, 'right': 0}
[lowlevel-dds] t=  20.0s  lowstate=19616 ( 980.739 Hz)  lowcmd=0 (   0.00 Hz)  crc_bad=0 nan_cmd=0 imu2=19616 ( 980.739 Hz)  repeat= 75.7%  sim_stale=167  dex3_state=3923 (196.14 Hz)  dex3_cmd={'left': 0, 'right': 0}
[lowlevel-dds] t=  25.0s  lowstate=24596 ( 983.825 Hz)  lowcmd=0 (   0.00 Hz)  crc_bad=0 nan_cmd=0 imu2=24596 ( 983.825 Hz)  repeat= 75.8%  sim_stale=215  dex3_state=4919 (196.76 Hz)  dex3_cmd={'left': 0, 'right': 0}
[lowlevel-dds] t=  30.0s  lowstate=29503 ( 983.409 Hz)  lowcmd=0 (   0.00 Hz)  crc_bad=0 nan_cmd=0 imu2=29503 ( 983.409 Hz)  repeat= 75.7%  sim_stale=251  dex3_state=5900 (196.66 Hz)  dex3_cmd={'left': 0, 'right': 0}
[lowlevel-dds] t=  35.0s  lowstate=33805 ( 965.274 Hz)  lowcmd=60 (   1.71 Hz)  crc_bad=0 nan_cmd=0 imu2=33805 ( 965.274 Hz)  repeat= 75.4%  sim_stale=298  dex3_state=6761 (193.05 Hz)  dex3_cmd={'left': 76, 'right': 98}
[lowlevel-dds] t=  40.0s  lowstate=35041 ( 875.973 Hz)  lowcmd=549 (  13.72 Hz)  crc_bad=0 nan_cmd=0 imu2=35041 ( 875.973 Hz)  repeat= 73.9%  sim_stale=307  dex3_state=7008 (175.19 Hz)  dex3_cmd={'left': 657, 'right': 635}
[lowlevel-dds] t=  45.0s  lowstate=36489 ( 810.618 Hz)  lowcmd=977 (  21.70 Hz)  crc_bad=0 nan_cmd=0 imu2=36489 ( 810.618 Hz)  repeat= 72.6%  sim_stale=327  dex3_state=7297 (162.11 Hz)  dex3_cmd={'left': 1282, 'right': 1244}
[lowlevel-dds] t=  50.0s  lowstate=37756 ( 755.106 Hz)  lowcmd=1437 (  28.74 Hz)  crc_bad=0 nan_cmd=0 imu2=37756 ( 755.106 Hz)  repeat= 71.4%  sim_stale=340  dex3_state=7551 (151.02 Hz)  dex3_cmd={'left': 1882, 'right': 1859}
[lowlevel-dds] t=  55.0s  lowstate=39092 ( 710.749 Hz)  lowcmd=1793 (  32.60 Hz)  crc_bad=0 nan_cmd=0 imu2=39092 ( 710.749 Hz)  repeat= 70.5%  sim_stale=350  dex3_state=7818 (142.14 Hz)  dex3_cmd={'left': 2306, 'right': 2302}
[lowlevel-dds] t=  60.0s  lowstate=40249 ( 670.717 Hz)  lowcmd=2209 (  36.81 Hz)  crc_bad=0 nan_cmd=0 imu2=40249 ( 670.717 Hz)  repeat= 69.5%  sim_stale=368  dex3_state=8049 (134.13 Hz)  dex3_cmd={'left': 2854, 'right': 2825}
[lowlevel-dds] t=  65.0s  lowstate=41751 ( 642.310 Hz)  lowcmd=2641 (  40.63 Hz)  crc_bad=0 nan_cmd=0 imu2=41751 ( 642.310 Hz)  repeat= 68.7%  sim_stale=383  dex3_state=8350 (128.46 Hz)  dex3_cmd={'left': 3443, 'right': 3369}
[lowlevel-dds] t=  70.0s  lowstate=43239 ( 617.691 Hz)  lowcmd=3059 (  43.70 Hz)  crc_bad=0 nan_cmd=0 imu2=43239 ( 617.691 Hz)  repeat= 67.8%  sim_stale=395  dex3_state=8647 (123.53 Hz)  dex3_cmd={'left': 3989, 'right': 3929}
[lowlevel-dds] t=  75.0s  lowstate=44311 ( 590.794 Hz)  lowcmd=3432 (  45.76 Hz)  crc_bad=0 nan_cmd=0 imu2=44311 ( 590.794 Hz)  repeat= 67.0%  sim_stale=401  dex3_state=8862 (118.16 Hz)  dex3_cmd={'left': 4468, 'right': 4441}
[lowlevel-dds] t=  80.0s  lowstate=45307 ( 566.309 Hz)  lowcmd=3840 (  48.00 Hz)  crc_bad=0 nan_cmd=0 imu2=45307 ( 566.309 Hz)  repeat= 66.2%  sim_stale=408  dex3_state=9061 (113.26 Hz)  dex3_cmd={'left': 4921, 'right': 4890}
[lowlevel-dds] t=  85.0s  lowstate=46529 ( 547.399 Hz)  lowcmd=4306 (  50.66 Hz)  crc_bad=0 nan_cmd=0 imu2=46529 ( 547.399 Hz)  repeat= 65.4%  sim_stale=416  dex3_state=9305 (109.47 Hz)  dex3_cmd={'left': 5405, 'right': 5371}
[lowlevel-dds] t=  90.0s  lowstate=47831 ( 531.453 Hz)  lowcmd=4716 (  52.40 Hz)  crc_bad=0 nan_cmd=0 imu2=47831 ( 531.453 Hz)  repeat= 64.8%  sim_stale=427  dex3_state=9566 (106.29 Hz)  dex3_cmd={'left': 5899, 'right': 5862}
[lowlevel-dds] t=  95.0s  lowstate=49546 ( 521.535 Hz)  lowcmd=5234 (  55.09 Hz)  crc_bad=0 nan_cmd=0 imu2=49546 ( 521.535 Hz)  repeat= 64.3%  sim_stale=447  dex3_state=9909 (104.30 Hz)  dex3_cmd={'left': 6515, 'right': 6411}
[lowlevel-dds] t= 100.0s  lowstate=50740 ( 507.396 Hz)  lowcmd=5662 (  56.62 Hz)  crc_bad=0 nan_cmd=0 imu2=50740 ( 507.396 Hz)  repeat= 63.7%  sim_stale=455  dex3_state=10148 (101.48 Hz)  dex3_cmd={'left': 7012, 'right': 6914}
[lowlevel-dds] t= 105.0s  lowstate=51778 ( 493.113 Hz)  lowcmd=6068 (  57.79 Hz)  crc_bad=0 nan_cmd=0 imu2=51778 ( 493.113 Hz)  repeat= 63.1%  sim_stale=465  dex3_state=10355 ( 98.62 Hz)  dex3_cmd={'left': 7507, 'right': 7376}
[lowlevel-dds] t= 110.0s  lowstate=52958 ( 481.433 Hz)  lowcmd=6477 (  58.88 Hz)  crc_bad=0 nan_cmd=0 imu2=52958 ( 481.433 Hz)  repeat= 62.5%  sim_stale=478  dex3_state=10591 ( 96.28 Hz)  dex3_cmd={'left': 8032, 'right': 7860}
[lowlevel-dds] t= 115.0s  lowstate=54243 ( 471.675 Hz)  lowcmd=6844 (  59.51 Hz)  crc_bad=0 nan_cmd=0 imu2=54243 ( 471.675 Hz)  repeat= 62.0%  sim_stale=491  dex3_state=10848 ( 94.33 Hz)  dex3_cmd={'left': 8465, 'right': 8301}
[lowlevel-dds] t= 120.0s  lowstate=55229 ( 460.223 Hz)  lowcmd=7371 (  61.42 Hz)  crc_bad=0 nan_cmd=0 imu2=55229 ( 460.223 Hz)  repeat= 61.3%  sim_stale=501  dex3_state=11045 ( 92.04 Hz)  dex3_cmd={'left': 9071, 'right': 8921}
[lowlevel-dds] t= 125.0s  lowstate=56640 ( 453.118 Hz)  lowcmd=7889 (  63.11 Hz)  crc_bad=0 nan_cmd=0 imu2=56640 ( 453.118 Hz)  repeat= 60.7%  sim_stale=517  dex3_state=11328 ( 90.62 Hz)  dex3_cmd={'left': 9721, 'right': 9526}
[lowlevel-dds] t= 130.0s  lowstate=57919 ( 445.507 Hz)  lowcmd=8372 (  64.40 Hz)  crc_bad=0 nan_cmd=0 imu2=57919 ( 445.507 Hz)  repeat= 60.2%  sim_stale=530  dex3_state=11583 ( 89.10 Hz)  dex3_cmd={'left': 10255, 'right': 10118}
[lowlevel-dds] t= 135.0s  lowstate=59204 ( 438.543 Hz)  lowcmd=8858 (  65.61 Hz)  crc_bad=0 nan_cmd=0 imu2=59204 ( 438.543 Hz)  repeat= 59.7%  sim_stale=541  dex3_state=11840 ( 87.70 Hz)  dex3_cmd={'left': 10867, 'right': 10744}
[lowlevel-dds] t= 140.0s  lowstate=60269 ( 430.486 Hz)  lowcmd=9309 (  66.49 Hz)  crc_bad=0 nan_cmd=0 imu2=60269 ( 430.486 Hz)  repeat= 59.2%  sim_stale=549  dex3_state=12053 ( 86.09 Hz)  dex3_cmd={'left': 11370, 'right': 11264}
[lowlevel-dds] t= 145.0s  lowstate=61946 ( 427.197 Hz)  lowcmd=9773 (  67.40 Hz)  crc_bad=0 nan_cmd=0 imu2=61946 ( 427.197 Hz)  repeat= 58.8%  sim_stale=571  dex3_state=12389 ( 85.44 Hz)  dex3_cmd={'left': 11933, 'right': 11853}
[lowlevel-dds] t= 150.0s  lowstate=63711 ( 424.737 Hz)  lowcmd=10254 (  68.36 Hz)  crc_bad=0 nan_cmd=0 imu2=63711 ( 424.737 Hz)  repeat= 58.4%  sim_stale=583  dex3_state=12742 ( 84.95 Hz)  dex3_cmd={'left': 12518, 'right': 12469}
[lowlevel-dds] t= 155.0s  lowstate=65282 ( 421.174 Hz)  lowcmd=10789 (  69.61 Hz)  crc_bad=0 nan_cmd=0 imu2=65282 ( 421.174 Hz)  repeat= 57.9%  sim_stale=597  dex3_state=13056 ( 84.23 Hz)  dex3_cmd={'left': 13202, 'right': 13148}
[lowlevel-dds] t= 160.0s  lowstate=66722 ( 416.992 Hz)  lowcmd=11350 (  70.93 Hz)  crc_bad=0 nan_cmd=0 imu2=66722 ( 416.992 Hz)  repeat= 57.5%  sim_stale=607  dex3_state=13344 ( 83.40 Hz)  dex3_cmd={'left': 13790, 'right': 13758}
[lowlevel-dds] t= 165.0s  lowstate=67843 ( 411.162 Hz)  lowcmd=11782 (  71.40 Hz)  crc_bad=0 nan_cmd=0 imu2=67843 ( 411.162 Hz)  repeat= 57.1%  sim_stale=624  dex3_state=13568 ( 82.23 Hz)  dex3_cmd={'left': 14303, 'right': 14312}
[lowlevel-dds] t= 170.0s  lowstate=69071 ( 406.298 Hz)  lowcmd=12246 (  72.03 Hz)  crc_bad=0 nan_cmd=0 imu2=69071 ( 406.298 Hz)  repeat= 56.7%  sim_stale=642  dex3_state=13814 ( 81.26 Hz)  dex3_cmd={'left': 14818, 'right': 14805}
[lowlevel-dds] t= 175.0s  lowstate=70310 ( 401.767 Hz)  lowcmd=12672 (  72.41 Hz)  crc_bad=0 nan_cmd=0 imu2=70310 ( 401.767 Hz)  repeat= 56.3%  sim_stale=647  dex3_state=14062 ( 80.35 Hz)  dex3_cmd={'left': 15310, 'right': 15294}
[lowlevel-dds] t= 180.0s  lowstate=71814 ( 398.956 Hz)  lowcmd=13119 (  72.88 Hz)  crc_bad=0 nan_cmd=0 imu2=71814 ( 398.956 Hz)  repeat= 56.1%  sim_stale=659  dex3_state=14362 ( 79.79 Hz)  dex3_cmd={'left': 15819, 'right': 15831}
[lowlevel-dds] t= 185.0s  lowstate=72950 ( 394.323 Hz)  lowcmd=13476 (  72.84 Hz)  crc_bad=0 nan_cmd=0 imu2=72950 ( 394.323 Hz)  repeat= 55.8%  sim_stale=665  dex3_state=14590 ( 78.86 Hz)  dex3_cmd={'left': 16274, 'right': 16237}
[lowlevel-dds] t= 190.0s  lowstate=74349 ( 391.309 Hz)  lowcmd=13952 (  73.43 Hz)  crc_bad=0 nan_cmd=0 imu2=74349 ( 391.309 Hz)  repeat= 55.4%  sim_stale=672  dex3_state=14869 ( 78.26 Hz)  dex3_cmd={'left': 16885, 'right': 16849}
[lowlevel-dds] t= 195.0s  lowstate=75981 ( 389.640 Hz)  lowcmd=14411 (  73.90 Hz)  crc_bad=0 nan_cmd=0 imu2=75981 ( 389.640 Hz)  repeat= 55.1%  sim_stale=681  dex3_state=15196 ( 77.93 Hz)  dex3_cmd={'left': 17477, 'right': 17442}
[lowlevel-dds] t= 200.0s  lowstate=77270 ( 386.344 Hz)  lowcmd=15039 (  75.19 Hz)  crc_bad=0 nan_cmd=0 imu2=77270 ( 386.344 Hz)  repeat= 54.8%  sim_stale=697  dex3_state=15454 ( 77.27 Hz)  dex3_cmd={'left': 18150, 'right': 18157}
[lowlevel-dds] t= 205.0s  lowstate=78826 ( 384.512 Hz)  lowcmd=15644 (  76.31 Hz)  crc_bad=0 nan_cmd=0 imu2=78826 ( 384.512 Hz)  repeat= 54.5%  sim_stale=715  dex3_state=15765 ( 76.90 Hz)  dex3_cmd={'left': 18887, 'right': 18919}
[lowlevel-dds] t= 210.0s  lowstate=80489 ( 383.279 Hz)  lowcmd=16025 (  76.31 Hz)  crc_bad=0 nan_cmd=0 imu2=80489 ( 383.279 Hz)  repeat= 54.3%  sim_stale=733  dex3_state=16097 ( 76.65 Hz)  dex3_cmd={'left': 19405, 'right': 19449}
[lowlevel-dds] t= 215.0s  lowstate=81843 ( 380.648 Hz)  lowcmd=16487 (  76.68 Hz)  crc_bad=0 nan_cmd=0 imu2=81843 ( 380.648 Hz)  repeat= 54.0%  sim_stale=751  dex3_state=16368 ( 76.13 Hz)  dex3_cmd={'left': 19902, 'right': 20001}
[lowlevel-dds] t= 220.0s  lowstate=83139 ( 377.874 Hz)  lowcmd=17074 (  77.60 Hz)  crc_bad=0 nan_cmd=0 imu2=83139 ( 377.874 Hz)  repeat= 53.7%  sim_stale=763  dex3_state=16627 ( 75.57 Hz)  dex3_cmd={'left': 20637, 'right': 20736}
[lowlevel-dds] t= 225.0s  lowstate=84588 ( 375.943 Hz)  lowcmd=17600 (  78.22 Hz)  crc_bad=0 nan_cmd=0 imu2=84588 ( 375.943 Hz)  repeat= 53.4%  sim_stale=774  dex3_state=16917 ( 75.19 Hz)  dex3_cmd={'left': 21270, 'right': 21366}
[lowlevel-dds] t= 230.0s  lowstate=85872 ( 373.352 Hz)  lowcmd=18080 (  78.61 Hz)  crc_bad=0 nan_cmd=0 imu2=85872 ( 373.352 Hz)  repeat= 53.2%  sim_stale=783  dex3_state=17174 ( 74.67 Hz)  dex3_cmd={'left': 21851, 'right': 21911}
[lowlevel-dds] t= 235.0s  lowstate=87090 ( 370.591 Hz)  lowcmd=18555 (  78.96 Hz)  crc_bad=0 nan_cmd=0 imu2=87090 ( 370.591 Hz)  repeat= 52.9%  sim_stale=798  dex3_state=17418 ( 74.12 Hz)  dex3_cmd={'left': 22381, 'right': 22479}
[lowlevel-dds] t= 240.0s  lowstate=88334 ( 368.058 Hz)  lowcmd=19038 (  79.32 Hz)  crc_bad=0 nan_cmd=0 imu2=88334 ( 368.058 Hz)  repeat= 52.6%  sim_stale=812  dex3_state=17666 ( 73.61 Hz)  dex3_cmd={'left': 22921, 'right': 23003}
[lowlevel-dds] t= 245.0s  lowstate=89626 ( 365.818 Hz)  lowcmd=19557 (  79.82 Hz)  crc_bad=0 nan_cmd=0 imu2=89626 ( 365.818 Hz)  repeat= 52.4%  sim_stale=823  dex3_state=17925 ( 73.16 Hz)  dex3_cmd={'left': 23516, 'right': 23565}
[lowlevel-dds] t= 250.0s  lowstate=91091 ( 364.364 Hz)  lowcmd=20183 (  80.73 Hz)  crc_bad=0 nan_cmd=0 imu2=91091 ( 364.364 Hz)  repeat= 52.1%  sim_stale=843  dex3_state=18218 ( 72.87 Hz)  dex3_cmd={'left': 24189, 'right': 24219}
[lowlevel-dds] t= 255.0s  lowstate=92578 ( 363.044 Hz)  lowcmd=20642 (  80.95 Hz)  crc_bad=0 nan_cmd=0 imu2=92578 ( 363.044 Hz)  repeat= 52.0%  sim_stale=863  dex3_state=18515 ( 72.61 Hz)  dex3_cmd={'left': 24731, 'right': 24832}
