[mm4] MM4 plan: 14 segments, 154s
[mm4]     stand          20.0s  IDLE      move=(0.0, 0.0, 0.0) facing=(1.0, 0.0, 0.0)
[mm4]     shift_left      8.0s  SLOW_WALK move=(0.0, 1.0, 0.0) facing=(1.0, 0.0, 0.0)
[mm4]     shift_right     8.0s  SLOW_WALK move=(0.0, -1.0, 0.0) facing=(1.0, 0.0, 0.0)
[mm4]     settle          4.0s  IDLE      move=(0.0, 0.0, 0.0) facing=(1.0, 0.0, 0.0)
[mm4]     walk_fwd       20.0s  WALK      move=(1.0, 0.0, 0.0) facing=(1.0, 0.0, 0.0)
[mm4]     walk_back      10.0s  WALK      move=(-1.0, 0.0, 0.0) facing=(1.0, 0.0, 0.0)
[mm4]     strafe_left    12.0s  WALK      move=(0.0, 1.0, 0.0) facing=(1.0, 0.0, 0.0)
[mm4]     strafe_right   12.0s  WALK      move=(0.0, -1.0, 0.0) facing=(1.0, 0.0, 0.0)
[mm4]     settle2         4.0s  IDLE      move=(0.0, 0.0, 0.0) facing=(1.0, 0.0, 0.0)
[mm4]     turn_left      15.0s  WALK      move=(0.0, 0.0, 0.0) facing=(0.0, 1.0, 0.0)
[mm4]     turn_right     15.0s  WALK      move=(0.0, 0.0, 0.0) facing=(0.0, -1.0, 0.0)
[mm4]     stop            6.0s  IDLE      move=(0.0, 0.0, 0.0) facing=(1.0, 0.0, 0.0)
[mm4]     arms_reach     12.0s  IDLE      move=(0.0, 0.0, 0.0) facing=(1.0, 0.0, 0.0)  +arms
[mm4]     arms_return     8.0s  IDLE      move=(0.0, 0.0, 0.0) facing=(1.0, 0.0, 0.0)  +arms
[mm4] bound PUB tcp://*:5556; settling 3.0s for subscribers
[mm4] holding start+planner for 1500s (covers TensorRT init)
[mm4]     still holding start (15/1500s)
[mm4]     still holding start (30/1500s)
[mm4]     still holding start (45/1500s)
[mm4]     still holding start (60/1500s)
[mm4]     still holding start (75/1500s)
[mm4]     still holding start (90/1500s)
[mm4]     still holding start (105/1500s)
[mm4]     still holding start (120/1500s)
[mm4]     still holding start (135/1500s)
[mm4]     still holding start (150/1500s)
[mm4]     still holding start (165/1500s)
[mm4]     still holding start (180/1500s)
[mm4]     still holding start (195/1500s)
[mm4]     still holding start (210/1500s)
[mm4]     still holding start (225/1500s)
[mm4]     still holding start (240/1500s)
[mm4]     still holding start (255/1500s)
[mm4]     still holding start (270/1500s)
[mm4]     still holding start (285/1500s)
[mm4]     still holding start (300/1500s)
[mm4]     still holding start (315/1500s)
[mm4]     still holding start (330/1500s)
[mm4]     still holding start (345/1500s)
