[mm4] MM4 plan: 14 segments, 154s
[mm4]     stand          20.0s  IDLE      move=(0.0, 0.0, 0.0) facing=(1.0, 0.0, 0.0)
[mm4]     shift_left      8.0s  SLOW_WALK move=(0.0, 1.0, 0.0) facing=(1.0, 0.0, 0.0)
[mm4]     shift_right     8.0s  SLOW_WALK move=(0.0, -1.0, 0.0) facing=(1.0, 0.0, 0.0)
[mm4]     settle          4.0s  IDLE      move=(0.0, 0.0, 0.0) facing=(1.0, 0.0, 0.0)
[mm4]     walk_fwd       20.0s  WALK      move=(1.0, 0.0, 0.0) facing=(1.0, 0.0, 0.0)
[mm4]     walk_back      10.0s  WALK      move=(-1.0, 0.0, 0.0) facing=(1.0, 0.0, 0.0)
[mm4]     strafe_left    12.0s  WALK      move=(0.0, 1.0, 0.0) facing=(1.0, 0.0, 0.0)
[mm4]     strafe_right   12.0s  WALK      move=(0.0, -1.0, 0.0) facing=(1.0, 0.0, 0.0)
[mm4]     settle2         4.0s  IDLE      move=(0.0, 0.0, 0.0) facing=(1.0, 0.0, 0.0)
[mm4]     turn_left      15.0s  WALK      move=(0.0, 0.0, 0.0) facing=(0.0, 1.0, 0.0)
[mm4]     turn_right     15.0s  WALK      move=(0.0, 0.0, 0.0) facing=(0.0, -1.0, 0.0)
[mm4]     stop            6.0s  IDLE      move=(0.0, 0.0, 0.0) facing=(1.0, 0.0, 0.0)
[mm4]     arms_reach     12.0s  IDLE      move=(0.0, 0.0, 0.0) facing=(1.0, 0.0, 0.0)  +arms
[mm4]     arms_return     8.0s  IDLE      move=(0.0, 0.0, 0.0) facing=(1.0, 0.0, 0.0)  +arms
[mm4] bound PUB tcp://*:5556; settling 3.0s for subscribers
[mm4] holding start+planner for 900s (covers TensorRT init)
[mm4]     still holding start (15/900s)
[mm4]     still holding start (30/900s)
[mm4]     still holding start (45/900s)
[mm4]     still holding start (60/900s)
[mm4]     still holding start (75/900s)
[mm4]     still holding start (90/900s)
[mm4]     still holding start (105/900s)
[mm4]     still holding start (120/900s)
[mm4]     still holding start (135/900s)
[mm4]     still holding start (150/900s)
[mm4]     still holding start (165/900s)
[mm4]     still holding start (180/900s)
[mm4]     still holding start (195/900s)
[mm4]     still holding start (210/900s)
[mm4]     still holding start (225/900s)
[mm4]     still holding start (240/900s)
[mm4]     still holding start (255/900s)
[mm4]     still holding start (270/900s)
[mm4]     still holding start (285/900s)
