[lowlevel-dds] domain=0 publish_hz=1041.68 cmd_timeout=100.0 ms
1787374908.116244 [0]    python3: selected interface "lo" is not multicast-capable: disabling multicast
[lowlevel-dds] waiting for the sim to write state...
[lowlevel-dds] t=   5.0s  lowstate=4971 ( 993.927 Hz)  lowcmd=0 (   0.00 Hz)  crc_bad=0 nan_cmd=0 imu2=4971 ( 993.927 Hz)  repeat= 76.0%  sim_stale=41  dex3_state=994 (198.75 Hz)  dex3_cmd={'left': 0, 'right': 0}
[lowlevel-dds] t=  10.0s  lowstate=9981 ( 998.025 Hz)  lowcmd=0 (   0.00 Hz)  crc_bad=0 nan_cmd=0 imu2=9981 ( 998.025 Hz)  repeat= 78.1%  sim_stale=77  dex3_state=1996 (199.58 Hz)  dex3_cmd={'left': 0, 'right': 0}
[lowlevel-dds] t=  15.0s  lowstate=14946 ( 996.332 Hz)  lowcmd=0 (   0.00 Hz)  crc_bad=0 nan_cmd=0 imu2=14946 ( 996.332 Hz)  repeat= 78.7%  sim_stale=121  dex3_state=2989 (199.25 Hz)  dex3_cmd={'left': 0, 'right': 0}
[lowlevel-dds] t=  20.0s  lowstate=19900 ( 994.965 Hz)  lowcmd=0 (   0.00 Hz)  crc_bad=0 nan_cmd=0 imu2=19900 ( 994.965 Hz)  repeat= 78.3%  sim_stale=157  dex3_state=3980 (198.99 Hz)  dex3_cmd={'left': 0, 'right': 0}
[lowlevel-dds] t=  25.0s  lowstate=24885 ( 995.392 Hz)  lowcmd=0 (   0.00 Hz)  crc_bad=0 nan_cmd=0 imu2=24885 ( 995.392 Hz)  repeat= 78.2%  sim_stale=206  dex3_state=4977 (199.08 Hz)  dex3_cmd={'left': 0, 'right': 0}
[lowlevel-dds] t=  30.0s  lowstate=29589 ( 986.295 Hz)  lowcmd=0 (   0.00 Hz)  crc_bad=0 nan_cmd=0 imu2=29589 ( 986.295 Hz)  repeat= 77.8%  sim_stale=249  dex3_state=5917 (197.23 Hz)  dex3_cmd={'left': 0, 'right': 0}
[lowlevel-dds] t=  35.0s  lowstate=34166 ( 976.171 Hz)  lowcmd=64 (   1.83 Hz)  crc_bad=0 nan_cmd=0 imu2=34166 ( 976.171 Hz)  repeat= 77.6%  sim_stale=291  dex3_state=6833 (195.23 Hz)  dex3_cmd={'left': 72, 'right': 68}
[lowlevel-dds] t=  40.0s  lowstate=36031 ( 900.692 Hz)  lowcmd=661 (  16.52 Hz)  crc_bad=0 nan_cmd=0 imu2=36031 ( 900.692 Hz)  repeat= 76.4%  sim_stale=303  dex3_state=7206 (180.13 Hz)  dex3_cmd={'left': 669, 'right': 718}
[lowlevel-dds] t=  45.0s  lowstate=37715 ( 838.099 Hz)  lowcmd=1127 (  25.04 Hz)  crc_bad=0 nan_cmd=0 imu2=37715 ( 838.099 Hz)  repeat= 75.0%  sim_stale=315  dex3_state=7543 (167.62 Hz)  dex3_cmd={'left': 1220, 'right': 1307}
[lowlevel-dds] t=  50.0s  lowstate=39781 ( 795.558 Hz)  lowcmd=1500 (  30.00 Hz)  crc_bad=0 nan_cmd=0 imu2=39781 ( 795.558 Hz)  repeat= 74.1%  sim_stale=331  dex3_state=7956 (159.11 Hz)  dex3_cmd={'left': 1677, 'right': 1754}
[lowlevel-dds] t=  55.0s  lowstate=41161 ( 748.330 Hz)  lowcmd=1851 (  33.65 Hz)  crc_bad=0 nan_cmd=0 imu2=41161 ( 748.330 Hz)  repeat= 73.2%  sim_stale=342  dex3_state=8232 (149.66 Hz)  dex3_cmd={'left': 2168, 'right': 2242}
[lowlevel-dds] t=  60.0s  lowstate=42436 ( 707.229 Hz)  lowcmd=2423 (  40.38 Hz)  crc_bad=0 nan_cmd=0 imu2=42436 ( 707.229 Hz)  repeat= 72.2%  sim_stale=358  dex3_state=8487 (141.44 Hz)  dex3_cmd={'left': 2877, 'right': 3054}
[lowlevel-dds] t=  65.0s  lowstate=43821 ( 674.145 Hz)  lowcmd=2947 (  45.34 Hz)  crc_bad=0 nan_cmd=0 imu2=43821 ( 674.145 Hz)  repeat= 71.1%  sim_stale=370  dex3_state=8764 (134.83 Hz)  dex3_cmd={'left': 3534, 'right': 3608}
[lowlevel-dds] t=  70.0s  lowstate=45521 ( 650.210 Hz)  lowcmd=3493 (  49.89 Hz)  crc_bad=0 nan_cmd=0 imu2=45521 ( 650.210 Hz)  repeat= 70.3%  sim_stale=382  dex3_state=9104 (130.04 Hz)  dex3_cmd={'left': 4169, 'right': 4205}
[lowlevel-dds] t=  75.0s  lowstate=47158 ( 628.760 Hz)  lowcmd=4041 (  53.88 Hz)  crc_bad=0 nan_cmd=0 imu2=47158 ( 628.760 Hz)  repeat= 69.2%  sim_stale=396  dex3_state=9431 (125.74 Hz)  dex3_cmd={'left': 4832, 'right': 4880}
[lowlevel-dds] t=  80.0s  lowstate=48225 ( 602.801 Hz)  lowcmd=4623 (  57.79 Hz)  crc_bad=0 nan_cmd=0 imu2=48225 ( 602.801 Hz)  repeat= 68.4%  sim_stale=406  dex3_state=9645 (120.56 Hz)  dex3_cmd={'left': 5547, 'right': 5659}
[lowlevel-dds] t=  85.0s  lowstate=50296 ( 591.510 Hz)  lowcmd=4960 (  58.33 Hz)  crc_bad=0 nan_cmd=0 imu2=50296 ( 591.510 Hz)  repeat= 68.1%  sim_stale=423  dex3_state=10059 (118.30 Hz)  dex3_cmd={'left': 5932, 'right': 6056}
[lowlevel-dds] t=  90.0s  lowstate=51620 ( 573.527 Hz)  lowcmd=5487 (  60.96 Hz)  crc_bad=0 nan_cmd=0 imu2=51620 ( 573.527 Hz)  repeat= 67.3%  sim_stale=435  dex3_state=10324 (114.71 Hz)  dex3_cmd={'left': 6589, 'right': 6656}
[lowlevel-dds] t=  95.0s  lowstate=52796 ( 555.730 Hz)  lowcmd=5911 (  62.22 Hz)  crc_bad=0 nan_cmd=0 imu2=52796 ( 555.730 Hz)  repeat= 66.7%  sim_stale=443  dex3_state=10559 (111.14 Hz)  dex3_cmd={'left': 7128, 'right': 7182}
[lowlevel-dds] t= 100.0s  lowstate=53771 ( 537.700 Hz)  lowcmd=6344 (  63.44 Hz)  crc_bad=0 nan_cmd=0 imu2=53771 ( 537.700 Hz)  repeat= 66.1%  sim_stale=450  dex3_state=10754 (107.54 Hz)  dex3_cmd={'left': 7629, 'right': 7697}
[lowlevel-dds] t= 105.0s  lowstate=54853 ( 522.394 Hz)  lowcmd=6812 (  64.87 Hz)  crc_bad=0 nan_cmd=0 imu2=54853 ( 522.394 Hz)  repeat= 65.6%  sim_stale=462  dex3_state=10970 (104.47 Hz)  dex3_cmd={'left': 8147, 'right': 8230}
[lowlevel-dds] t= 110.0s  lowstate=56315 ( 511.935 Hz)  lowcmd=7395 (  67.22 Hz)  crc_bad=0 nan_cmd=0 imu2=56315 ( 511.935 Hz)  repeat= 64.9%  sim_stale=474  dex3_state=11263 (102.39 Hz)  dex3_cmd={'left': 8770, 'right': 8906}
[lowlevel-dds] t= 115.0s  lowstate=58078 ( 505.026 Hz)  lowcmd=7963 (  69.24 Hz)  crc_bad=0 nan_cmd=0 imu2=58078 ( 505.026 Hz)  repeat= 64.3%  sim_stale=486  dex3_state=11615 (101.00 Hz)  dex3_cmd={'left': 9388, 'right': 9523}
[lowlevel-dds] t= 120.0s  lowstate=59081 ( 492.244 Hz)  lowcmd=8468 (  70.55 Hz)  crc_bad=0 nan_cmd=0 imu2=59081 ( 492.244 Hz)  repeat= 63.7%  sim_stale=499  dex3_state=11816 ( 98.45 Hz)  dex3_cmd={'left': 9979, 'right': 10104}
[lowlevel-dds] t= 125.0s  lowstate=60390 ( 483.116 Hz)  lowcmd=8979 (  71.83 Hz)  crc_bad=0 nan_cmd=0 imu2=60390 ( 483.116 Hz)  repeat= 63.3%  sim_stale=512  dex3_state=12078 ( 96.62 Hz)  dex3_cmd={'left': 10569, 'right': 10850}
[lowlevel-dds] t= 130.0s  lowstate=62256 ( 478.890 Hz)  lowcmd=9615 (  73.96 Hz)  crc_bad=0 nan_cmd=0 imu2=62256 ( 478.890 Hz)  repeat= 62.7%  sim_stale=528  dex3_state=12451 ( 95.78 Hz)  dex3_cmd={'left': 11282, 'right': 11556}
[lowlevel-dds] t= 135.0s  lowstate=63551 ( 470.740 Hz)  lowcmd=10219 (  75.70 Hz)  crc_bad=0 nan_cmd=0 imu2=63551 ( 470.740 Hz)  repeat= 62.2%  sim_stale=535  dex3_state=12710 ( 94.15 Hz)  dex3_cmd={'left': 11958, 'right': 12218}
[lowlevel-dds] t= 140.0s  lowstate=65103 ( 465.020 Hz)  lowcmd=10775 (  76.96 Hz)  crc_bad=0 nan_cmd=0 imu2=65103 ( 465.020 Hz)  repeat= 61.7%  sim_stale=547  dex3_state=13020 ( 93.00 Hz)  dex3_cmd={'left': 12613, 'right': 12855}
[lowlevel-dds] t= 145.0s  lowstate=66504 ( 458.625 Hz)  lowcmd=11199 (  77.23 Hz)  crc_bad=0 nan_cmd=0 imu2=66504 ( 458.625 Hz)  repeat= 61.4%  sim_stale=562  dex3_state=13300 ( 91.72 Hz)  dex3_cmd={'left': 13080, 'right': 13371}
[lowlevel-dds] t= 150.0s  lowstate=67631 ( 450.864 Hz)  lowcmd=11710 (  78.06 Hz)  crc_bad=0 nan_cmd=0 imu2=67631 ( 450.864 Hz)  repeat= 61.0%  sim_stale=569  dex3_state=13526 ( 90.17 Hz)  dex3_cmd={'left': 13716, 'right': 14035}
[lowlevel-dds] t= 155.0s  lowstate=68609 ( 442.521 Hz)  lowcmd=12126 (  78.21 Hz)  crc_bad=0 nan_cmd=0 imu2=68609 ( 442.521 Hz)  repeat= 60.7%  sim_stale=576  dex3_state=13721 ( 88.50 Hz)  dex3_cmd={'left': 14196, 'right': 14500}
[lowlevel-dds] t= 160.0s  lowstate=69899 ( 436.868 Hz)  lowcmd=12683 (  79.27 Hz)  crc_bad=0 nan_cmd=0 imu2=69899 ( 436.868 Hz)  repeat= 60.2%  sim_stale=587  dex3_state=13979 ( 87.37 Hz)  dex3_cmd={'left': 14785, 'right': 15076}
[lowlevel-dds] t= 165.0s  lowstate=71179 ( 431.375 Hz)  lowcmd=13249 (  80.29 Hz)  crc_bad=0 nan_cmd=0 imu2=71179 ( 431.375 Hz)  repeat= 59.9%  sim_stale=600  dex3_state=14235 ( 86.27 Hz)  dex3_cmd={'left': 15472, 'right': 15808}
[lowlevel-dds] t= 170.0s  lowstate=72895 ( 428.792 Hz)  lowcmd=13847 (  81.45 Hz)  crc_bad=0 nan_cmd=0 imu2=72895 ( 428.792 Hz)  repeat= 59.5%  sim_stale=613  dex3_state=14579 ( 85.76 Hz)  dex3_cmd={'left': 16191, 'right': 16480}
[lowlevel-dds] t= 175.0s  lowstate=74231 ( 424.177 Hz)  lowcmd=14360 (  82.06 Hz)  crc_bad=0 nan_cmd=0 imu2=74231 ( 424.177 Hz)  repeat= 59.2%  sim_stale=625  dex3_state=14846 ( 84.83 Hz)  dex3_cmd={'left': 16746, 'right': 17022}
[lowlevel-dds] t= 180.0s  lowstate=75741 ( 420.780 Hz)  lowcmd=14823 (  82.35 Hz)  crc_bad=0 nan_cmd=0 imu2=75741 ( 420.780 Hz)  repeat= 58.9%  sim_stale=641  dex3_state=15148 ( 84.15 Hz)  dex3_cmd={'left': 17301, 'right': 17554}
[lowlevel-dds] t= 185.0s  lowstate=77167 ( 417.117 Hz)  lowcmd=15337 (  82.90 Hz)  crc_bad=0 nan_cmd=0 imu2=77167 ( 417.117 Hz)  repeat= 58.6%  sim_stale=658  dex3_state=15433 ( 83.42 Hz)  dex3_cmd={'left': 17938, 'right': 18113}
[lowlevel-dds] t= 190.0s  lowstate=78839 ( 414.941 Hz)  lowcmd=15798 (  83.15 Hz)  crc_bad=0 nan_cmd=0 imu2=78839 ( 414.941 Hz)  repeat= 58.3%  sim_stale=672  dex3_state=15767 ( 82.98 Hz)  dex3_cmd={'left': 18611, 'right': 18760}
[lowlevel-dds] t= 195.0s  lowstate=80184 ( 411.192 Hz)  lowcmd=16316 (  83.67 Hz)  crc_bad=0 nan_cmd=0 imu2=80184 ( 411.192 Hz)  repeat= 57.9%  sim_stale=687  dex3_state=16036 ( 82.23 Hz)  dex3_cmd={'left': 19221, 'right': 19342}
[lowlevel-dds] t= 200.0s  lowstate=81806 ( 408.971 Hz)  lowcmd=16691 (  83.44 Hz)  crc_bad=0 nan_cmd=0 imu2=81806 ( 408.971 Hz)  repeat= 57.9%  sim_stale=705  dex3_state=16361 ( 81.79 Hz)  dex3_cmd={'left': 19628, 'right': 19762}
[lowlevel-dds] t= 205.0s  lowstate=82736 ( 403.587 Hz)  lowcmd=17107 (  83.45 Hz)  crc_bad=0 nan_cmd=0 imu2=82736 ( 403.587 Hz)  repeat= 57.6%  sim_stale=716  dex3_state=16547 ( 80.72 Hz)  dex3_cmd={'left': 20124, 'right': 20246}
[lowlevel-dds] t= 210.0s  lowstate=83829 ( 399.182 Hz)  lowcmd=17558 (  83.61 Hz)  crc_bad=0 nan_cmd=0 imu2=83829 ( 399.182 Hz)  repeat= 57.3%  sim_stale=724  dex3_state=16765 ( 79.83 Hz)  dex3_cmd={'left': 20621, 'right': 20754}
[lowlevel-dds] t= 215.0s  lowstate=84910 ( 394.918 Hz)  lowcmd=18049 (  83.95 Hz)  crc_bad=0 nan_cmd=0 imu2=84910 ( 394.918 Hz)  repeat= 57.0%  sim_stale=737  dex3_state=16982 ( 78.98 Hz)  dex3_cmd={'left': 21199, 'right': 21313}
[lowlevel-dds] t= 220.0s  lowstate=86238 ( 391.968 Hz)  lowcmd=18497 (  84.07 Hz)  crc_bad=0 nan_cmd=0 imu2=86238 ( 391.968 Hz)  repeat= 56.8%  sim_stale=748  dex3_state=17247 ( 78.39 Hz)  dex3_cmd={'left': 21734, 'right': 21814}
[lowlevel-dds] t= 225.0s  lowstate=87856 ( 390.458 Hz)  lowcmd=19025 (  84.55 Hz)  crc_bad=0 nan_cmd=0 imu2=87856 ( 390.458 Hz)  repeat= 56.6%  sim_stale=763  dex3_state=17571 ( 78.09 Hz)  dex3_cmd={'left': 22492, 'right': 22521}
[lowlevel-dds] t= 230.0s  lowstate=89234 ( 387.963 Hz)  lowcmd=19516 (  84.85 Hz)  crc_bad=0 nan_cmd=0 imu2=89234 ( 387.963 Hz)  repeat= 56.4%  sim_stale=776  dex3_state=17846 ( 77.59 Hz)  dex3_cmd={'left': 23087, 'right': 23134}
[lowlevel-dds] t= 235.0s  lowstate=90367 ( 384.538 Hz)  lowcmd=20041 (  85.28 Hz)  crc_bad=0 nan_cmd=0 imu2=90367 ( 384.538 Hz)  repeat= 56.2%  sim_stale=786  dex3_state=18073 ( 76.91 Hz)  dex3_cmd={'left': 23638, 'right': 23747}
[lowlevel-dds] t= 240.0s  lowstate=91526 ( 381.354 Hz)  lowcmd=20558 (  85.66 Hz)  crc_bad=0 nan_cmd=0 imu2=91526 ( 381.354 Hz)  repeat= 55.9%  sim_stale=801  dex3_state=18305 ( 76.27 Hz)  dex3_cmd={'left': 24215, 'right': 24310}
[lowlevel-dds] t= 245.0s  lowstate=92927 ( 379.293 Hz)  lowcmd=20983 (  85.64 Hz)  crc_bad=0 nan_cmd=0 imu2=92927 ( 379.293 Hz)  repeat= 55.8%  sim_stale=816  dex3_state=18585 ( 75.86 Hz)  dex3_cmd={'left': 24711, 'right': 24794}
[lowlevel-dds] t= 250.0s  lowstate=94354 ( 377.409 Hz)  lowcmd=21536 (  86.14 Hz)  crc_bad=0 nan_cmd=0 imu2=94354 ( 377.409 Hz)  repeat= 55.6%  sim_stale=822  dex3_state=18870 ( 75.48 Hz)  dex3_cmd={'left': 25284, 'right': 25435}
[lowlevel-dds] t= 255.0s  lowstate=95379 ( 374.026 Hz)  lowcmd=21967 (  86.14 Hz)  crc_bad=0 nan_cmd=0 imu2=95379 ( 374.026 Hz)  repeat= 55.4%  sim_stale=832  dex3_state=19075 ( 74.80 Hz)  dex3_cmd={'left': 25789, 'right': 25953}
[lowlevel-dds] t= 260.0s  lowstate=96858 ( 372.530 Hz)  lowcmd=22537 (  86.68 Hz)  crc_bad=0 nan_cmd=0 imu2=96858 ( 372.530 Hz)  repeat= 55.3%  sim_stale=844  dex3_state=19371 ( 74.50 Hz)  dex3_cmd={'left': 26518, 'right': 26694}
[lowlevel-dds] t= 265.0s  lowstate=98304 ( 370.954 Hz)  lowcmd=23174 (  87.45 Hz)  crc_bad=0 nan_cmd=0 imu2=98304 ( 370.954 Hz)  repeat= 55.1%  sim_stale=854  dex3_state=19660 ( 74.19 Hz)  dex3_cmd={'left': 27237, 'right': 27366}
[lowlevel-dds] t= 270.0s  lowstate=100119 ( 370.802 Hz)  lowcmd=23637 (  87.54 Hz)  crc_bad=0 nan_cmd=0 imu2=100119 ( 370.802 Hz)  repeat= 55.1%  sim_stale=868  dex3_state=20023 ( 74.16 Hz)  dex3_cmd={'left': 27781, 'right': 27865}
[lowlevel-dds] t= 275.0s  lowstate=101449 ( 368.905 Hz)  lowcmd=24202 (  88.01 Hz)  crc_bad=0 nan_cmd=0 imu2=101449 ( 368.905 Hz)  repeat= 55.0%  sim_stale=887  dex3_state=20289 ( 73.78 Hz)  dex3_cmd={'left': 28422, 'right': 28519}
[lowlevel-dds] t= 280.0s  lowstate=102672 ( 366.677 Hz)  lowcmd=24671 (  88.11 Hz)  crc_bad=0 nan_cmd=0 imu2=102672 ( 366.677 Hz)  repeat= 54.9%  sim_stale=904  dex3_state=20534 ( 73.33 Hz)  dex3_cmd={'left': 29001, 'right': 29060}
