[lowlevel-dds] domain=0 publish_hz=1041.68 cmd_timeout=100.0 ms
1787373047.741501 [0]    python3: selected interface "lo" is not multicast-capable: disabling multicast
[lowlevel-dds] waiting for the sim to write state...
[lowlevel-dds] t=   5.0s  lowstate=4576 ( 915.099 Hz)  lowcmd=0 (   0.00 Hz)  crc_bad=0 nan_cmd=0 imu2=4576 ( 915.099 Hz)  repeat= 83.0%  sim_stale=19  dex3_state=915 (182.98 Hz)  dex3_cmd={'left': 0, 'right': 0}
[lowlevel-dds] t=  10.0s  lowstate=9396 ( 939.438 Hz)  lowcmd=0 (   0.00 Hz)  crc_bad=0 nan_cmd=0 imu2=9396 ( 939.438 Hz)  repeat= 83.7%  sim_stale=48  dex3_state=1879 (187.87 Hz)  dex3_cmd={'left': 0, 'right': 0}
[lowlevel-dds] t=  15.0s  lowstate=14316 ( 954.322 Hz)  lowcmd=0 (   0.00 Hz)  crc_bad=0 nan_cmd=0 imu2=14316 ( 954.322 Hz)  repeat= 83.9%  sim_stale=81  dex3_state=2863 (190.85 Hz)  dex3_cmd={'left': 0, 'right': 0}
[lowlevel-dds] t=  20.0s  lowstate=19386 ( 969.267 Hz)  lowcmd=0 (   0.00 Hz)  crc_bad=0 nan_cmd=0 imu2=19386 ( 969.267 Hz)  repeat= 84.1%  sim_stale=109  dex3_state=3877 (193.84 Hz)  dex3_cmd={'left': 0, 'right': 0}
[lowlevel-dds] t=  25.0s  lowstate=24380 ( 975.182 Hz)  lowcmd=0 (   0.00 Hz)  crc_bad=0 nan_cmd=0 imu2=24380 ( 975.182 Hz)  repeat= 84.2%  sim_stale=138  dex3_state=4876 (195.04 Hz)  dex3_cmd={'left': 0, 'right': 0}
[lowlevel-dds] t=  30.0s  lowstate=29266 ( 975.515 Hz)  lowcmd=0 (   0.00 Hz)  crc_bad=0 nan_cmd=0 imu2=29266 ( 975.515 Hz)  repeat= 84.2%  sim_stale=170  dex3_state=5853 (195.10 Hz)  dex3_cmd={'left': 0, 'right': 0}
[lowlevel-dds] t=  35.0s  lowstate=33667 ( 961.545 Hz)  lowcmd=203 (   5.80 Hz)  crc_bad=0 nan_cmd=0 imu2=33667 ( 961.545 Hz)  repeat= 83.9%  sim_stale=194  dex3_state=6733 (192.30 Hz)  dex3_cmd={'left': 225, 'right': 210}
[lowlevel-dds] t=  40.0s  lowstate=35517 ( 887.580 Hz)  lowcmd=1593 (  39.81 Hz)  crc_bad=0 nan_cmd=0 imu2=35517 ( 887.580 Hz)  repeat= 83.1%  sim_stale=213  dex3_state=7103 (177.51 Hz)  dex3_cmd={'left': 1654, 'right': 1563}
[lowlevel-dds] t=  45.0s  lowstate=37286 ( 828.577 Hz)  lowcmd=2819 (  62.64 Hz)  crc_bad=0 nan_cmd=0 imu2=37286 ( 828.577 Hz)  repeat= 82.2%  sim_stale=221  dex3_state=7457 (165.71 Hz)  dex3_cmd={'left': 2804, 'right': 2752}
[lowlevel-dds] t=  50.0s  lowstate=39573 ( 791.459 Hz)  lowcmd=4011 (  80.22 Hz)  crc_bad=0 nan_cmd=0 imu2=39573 ( 791.459 Hz)  repeat= 81.4%  sim_stale=236  dex3_state=7914 (158.28 Hz)  dex3_cmd={'left': 4109, 'right': 4172}
[lowlevel-dds] t=  55.0s  lowstate=40605 ( 738.265 Hz)  lowcmd=5694 ( 103.53 Hz)  crc_bad=0 nan_cmd=0 imu2=40605 ( 738.265 Hz)  repeat= 80.5%  sim_stale=245  dex3_state=8121 (147.65 Hz)  dex3_cmd={'left': 5796, 'right': 6059}
[lowlevel-dds] t=  60.0s  lowstate=43223 ( 720.380 Hz)  lowcmd=6404 ( 106.73 Hz)  crc_bad=0 nan_cmd=0 imu2=43223 ( 720.380 Hz)  repeat= 80.2%  sim_stale=260  dex3_state=8644 (144.07 Hz)  dex3_cmd={'left': 6628, 'right': 6950}
[lowlevel-dds] t=  65.0s  lowstate=44440 ( 683.669 Hz)  lowcmd=7823 ( 120.35 Hz)  crc_bad=0 nan_cmd=0 imu2=44440 ( 683.669 Hz)  repeat= 79.6%  sim_stale=268  dex3_state=8888 (136.73 Hz)  dex3_cmd={'left': 8100, 'right': 8389}
[lowlevel-dds] t=  70.0s  lowstate=45489 ( 649.839 Hz)  lowcmd=9214 ( 131.63 Hz)  crc_bad=0 nan_cmd=0 imu2=45489 ( 649.839 Hz)  repeat= 79.0%  sim_stale=273  dex3_state=9097 (129.96 Hz)  dex3_cmd={'left': 9648, 'right': 9963}
[lowlevel-dds] t=  75.0s  lowstate=46935 ( 625.777 Hz)  lowcmd=10406 ( 138.74 Hz)  crc_bad=0 nan_cmd=0 imu2=46935 ( 625.777 Hz)  repeat= 78.4%  sim_stale=288  dex3_state=9387 (125.16 Hz)  dex3_cmd={'left': 11184, 'right': 11428}
[lowlevel-dds] t=  80.0s  lowstate=50395 ( 629.933 Hz)  lowcmd=10932 ( 136.65 Hz)  crc_bad=0 nan_cmd=0 imu2=50395 ( 629.933 Hz)  repeat= 78.5%  sim_stale=301  dex3_state=10079 (125.99 Hz)  dex3_cmd={'left': 11713, 'right': 11816}
[lowlevel-dds] t=  85.0s  lowstate=51265 ( 603.108 Hz)  lowcmd=12488 ( 146.92 Hz)  crc_bad=0 nan_cmd=0 imu2=51265 ( 603.108 Hz)  repeat= 77.8%  sim_stale=303  dex3_state=10253 (120.62 Hz)  dex3_cmd={'left': 13399, 'right': 13527}
[lowlevel-dds] t=  90.0s  lowstate=52257 ( 580.603 Hz)  lowcmd=14100 ( 156.66 Hz)  crc_bad=0 nan_cmd=0 imu2=52257 ( 580.603 Hz)  repeat= 77.3%  sim_stale=309  dex3_state=10451 (116.12 Hz)  dex3_cmd={'left': 15089, 'right': 15327}
[lowlevel-dds] t=  95.0s  lowstate=53526 ( 563.427 Hz)  lowcmd=15418 ( 162.29 Hz)  crc_bad=0 nan_cmd=0 imu2=53526 ( 563.427 Hz)  repeat= 76.8%  sim_stale=318  dex3_state=10705 (112.68 Hz)  dex3_cmd={'left': 16551, 'right': 16771}
[lowlevel-dds] t= 100.0s  lowstate=57333 ( 573.277 Hz)  lowcmd=15757 ( 157.56 Hz)  crc_bad=0 nan_cmd=0 imu2=57333 ( 573.277 Hz)  repeat= 77.0%  sim_stale=335  dex3_state=11466 (114.65 Hz)  dex3_cmd={'left': 16886, 'right': 17096}
[lowlevel-dds] t= 105.0s  lowstate=58022 ( 552.482 Hz)  lowcmd=17210 ( 163.87 Hz)  crc_bad=0 nan_cmd=0 imu2=58022 ( 552.482 Hz)  repeat= 76.6%  sim_stale=337  dex3_state=11604 (110.49 Hz)  dex3_cmd={'left': 18500, 'right': 18563}
[lowlevel-dds] t= 110.0s  lowstate=59398 ( 539.965 Hz)  lowcmd=18281 ( 166.19 Hz)  crc_bad=0 nan_cmd=0 imu2=59398 ( 539.965 Hz)  repeat= 76.2%  sim_stale=347  dex3_state=11879 (107.99 Hz)  dex3_cmd={'left': 19765, 'right': 20003}
[lowlevel-dds] t= 115.0s  lowstate=62606 ( 544.312 Hz)  lowcmd=19038 ( 165.52 Hz)  crc_bad=0 nan_cmd=0 imu2=62606 ( 544.312 Hz)  repeat= 76.2%  sim_stale=368  dex3_state=12521 (108.86 Hz)  dex3_cmd={'left': 20367, 'right': 20779}
[lowlevel-dds] t= 120.0s  lowstate=64336 ( 536.132 Hz)  lowcmd=20104 ( 167.53 Hz)  crc_bad=0 nan_cmd=0 imu2=64336 ( 536.132 Hz)  repeat= 76.1%  sim_stale=378  dex3_state=12867 (107.22 Hz)  dex3_cmd={'left': 21513, 'right': 21818}
[lowlevel-dds] t= 125.0s  lowstate=65507 ( 524.034 Hz)  lowcmd=21736 ( 173.88 Hz)  crc_bad=0 nan_cmd=0 imu2=65507 ( 524.034 Hz)  repeat= 75.7%  sim_stale=382  dex3_state=13101 (104.80 Hz)  dex3_cmd={'left': 22939, 'right': 23179}
[lowlevel-dds] t= 130.0s  lowstate=66793 ( 513.792 Hz)  lowcmd=22866 ( 175.89 Hz)  crc_bad=0 nan_cmd=0 imu2=66793 ( 513.792 Hz)  repeat= 75.4%  sim_stale=387  dex3_state=13358 (102.75 Hz)  dex3_cmd={'left': 24530, 'right': 24575}
[lowlevel-dds] t= 135.0s  lowstate=68215 ( 505.237 Hz)  lowcmd=24115 ( 178.61 Hz)  crc_bad=0 nan_cmd=0 imu2=68215 ( 505.237 Hz)  repeat= 75.1%  sim_stale=394  dex3_state=13643 (101.05 Hz)  dex3_cmd={'left': 25749, 'right': 25718}
[lowlevel-dds] t= 140.0s  lowstate=69171 ( 494.069 Hz)  lowcmd=25986 ( 185.61 Hz)  crc_bad=0 nan_cmd=0 imu2=69171 ( 494.069 Hz)  repeat= 74.6%  sim_stale=402  dex3_state=13834 ( 98.81 Hz)  dex3_cmd={'left': 27889, 'right': 27776}
[lowlevel-dds] t= 145.0s  lowstate=70400 ( 485.506 Hz)  lowcmd=27295 ( 188.24 Hz)  crc_bad=0 nan_cmd=0 imu2=70400 ( 485.506 Hz)  repeat= 74.3%  sim_stale=412  dex3_state=14080 ( 97.10 Hz)  dex3_cmd={'left': 29770, 'right': 29373}
[lowlevel-dds] t= 150.0s  lowstate=71497 ( 476.643 Hz)  lowcmd=28464 ( 189.76 Hz)  crc_bad=0 nan_cmd=0 imu2=71497 ( 476.643 Hz)  repeat= 74.0%  sim_stale=418  dex3_state=14299 ( 95.33 Hz)  dex3_cmd={'left': 31181, 'right': 30810}
[lowlevel-dds] t= 155.0s  lowstate=74010 ( 477.478 Hz)  lowcmd=29367 ( 189.46 Hz)  crc_bad=0 nan_cmd=0 imu2=74010 ( 477.478 Hz)  repeat= 74.0%  sim_stale=430  dex3_state=14802 ( 95.50 Hz)  dex3_cmd={'left': 32315, 'right': 31949}
[lowlevel-dds] t= 160.0s  lowstate=75646 ( 472.784 Hz)  lowcmd=30518 ( 190.74 Hz)  crc_bad=0 nan_cmd=0 imu2=75646 ( 472.784 Hz)  repeat= 73.8%  sim_stale=438  dex3_state=15129 ( 94.56 Hz)  dex3_cmd={'left': 33718, 'right': 33218}
[lowlevel-dds] t= 165.0s  lowstate=77427 ( 469.149 Hz)  lowcmd=31481 ( 190.75 Hz)  crc_bad=0 nan_cmd=0 imu2=77427 ( 469.149 Hz)  repeat= 73.8%  sim_stale=449  dex3_state=15485 ( 93.83 Hz)  dex3_cmd={'left': 35016, 'right': 34199}
[lowlevel-dds] t= 170.0s  lowstate=78634 ( 462.542 Hz)  lowcmd=32984 ( 194.02 Hz)  crc_bad=0 nan_cmd=0 imu2=78634 ( 462.542 Hz)  repeat= 73.5%  sim_stale=462  dex3_state=15726 ( 92.50 Hz)  dex3_cmd={'left': 36405, 'right': 35616}
[lowlevel-dds] t= 175.0s  lowstate=79217 ( 452.664 Hz)  lowcmd=34739 ( 198.51 Hz)  crc_bad=0 nan_cmd=0 imu2=79217 ( 452.664 Hz)  repeat= 73.2%  sim_stale=464  dex3_state=15843 ( 90.53 Hz)  dex3_cmd={'left': 38191, 'right': 37143}
[lowlevel-dds] t= 180.0s  lowstate=80200 ( 445.554 Hz)  lowcmd=36169 ( 200.94 Hz)  crc_bad=0 nan_cmd=0 imu2=80200 ( 445.554 Hz)  repeat= 72.9%  sim_stale=471  dex3_state=16040 ( 89.11 Hz)  dex3_cmd={'left': 40002, 'right': 38826}
[lowlevel-dds] t= 185.0s  lowstate=82452 ( 445.686 Hz)  lowcmd=37457 ( 202.47 Hz)  crc_bad=0 nan_cmd=0 imu2=82452 ( 445.686 Hz)  repeat= 72.9%  sim_stale=483  dex3_state=16490 ( 89.14 Hz)  dex3_cmd={'left': 41370, 'right': 39890}
[lowlevel-dds] t= 190.0s  lowstate=83418 ( 438.975 Hz)  lowcmd=38967 ( 205.06 Hz)  crc_bad=0 nan_cmd=0 imu2=83418 ( 438.975 Hz)  repeat= 72.6%  sim_stale=489  dex3_state=16683 ( 87.79 Hz)  dex3_cmd={'left': 43022, 'right': 41387}
[lowlevel-dds] t= 195.0s  lowstate=85129 ( 436.557 Hz)  lowcmd=40092 ( 205.60 Hz)  crc_bad=0 nan_cmd=0 imu2=85129 ( 436.557 Hz)  repeat= 72.4%  sim_stale=496  dex3_state=17025 ( 87.31 Hz)  dex3_cmd={'left': 44612, 'right': 42998}
[lowlevel-dds] t= 200.0s  lowstate=86423 ( 432.114 Hz)  lowcmd=41361 ( 206.80 Hz)  crc_bad=0 nan_cmd=0 imu2=86423 ( 432.114 Hz)  repeat= 72.3%  sim_stale=501  dex3_state=17284 ( 86.42 Hz)  dex3_cmd={'left': 46086, 'right': 44419}
[lowlevel-dds] t= 205.0s  lowstate=87415 ( 426.414 Hz)  lowcmd=42764 ( 208.60 Hz)  crc_bad=0 nan_cmd=0 imu2=87415 ( 426.414 Hz)  repeat= 72.1%  sim_stale=509  dex3_state=17483 ( 85.28 Hz)  dex3_cmd={'left': 47512, 'right': 45811}
[lowlevel-dds] t= 210.0s  lowstate=88785 ( 422.778 Hz)  lowcmd=43903 ( 209.06 Hz)  crc_bad=0 nan_cmd=0 imu2=88785 ( 422.778 Hz)  repeat= 72.0%  sim_stale=519  dex3_state=17757 ( 84.56 Hz)  dex3_cmd={'left': 48745, 'right': 47123}
[lowlevel-dds] t= 215.0s  lowstate=89828 ( 417.804 Hz)  lowcmd=45618 ( 212.18 Hz)  crc_bad=0 nan_cmd=0 imu2=89828 ( 417.804 Hz)  repeat= 71.8%  sim_stale=525  dex3_state=17965 ( 83.56 Hz)  dex3_cmd={'left': 50465, 'right': 48914}
[lowlevel-dds] t= 220.0s  lowstate=93268 ( 423.944 Hz)  lowcmd=46162 ( 209.83 Hz)  crc_bad=0 nan_cmd=0 imu2=93268 ( 423.944 Hz)  repeat= 72.1%  sim_stale=552  dex3_state=18653 ( 84.79 Hz)  dex3_cmd={'left': 50910, 'right': 49376}
[lowlevel-dds] t= 225.0s  lowstate=98146 ( 436.203 Hz)  lowcmd=46162 ( 205.16 Hz)  crc_bad=0 nan_cmd=0 imu2=98146 ( 436.203 Hz)  repeat= 72.7%  sim_stale=582  dex3_state=19629 ( 87.24 Hz)  dex3_cmd={'left': 50910, 'right': 49376}
[lowlevel-dds] t= 230.0s  lowstate=103041 ( 448.002 Hz)  lowcmd=46162 ( 200.70 Hz)  crc_bad=0 nan_cmd=0 imu2=103041 ( 448.002 Hz)  repeat= 73.2%  sim_stale=609  dex3_state=20608 ( 89.60 Hz)  dex3_cmd={'left': 50910, 'right': 49376}
[lowlevel-dds] t= 235.0s  lowstate=108055 ( 459.808 Hz)  lowcmd=46162 ( 196.43 Hz)  crc_bad=0 nan_cmd=0 imu2=108055 ( 459.808 Hz)  repeat= 73.7%  sim_stale=630  dex3_state=21611 ( 91.96 Hz)  dex3_cmd={'left': 50910, 'right': 49376}
[lowlevel-dds] t= 240.0s  lowstate=113051 ( 471.045 Hz)  lowcmd=46162 ( 192.34 Hz)  crc_bad=0 nan_cmd=0 imu2=113051 ( 471.045 Hz)  repeat= 74.2%  sim_stale=655  dex3_state=22610 ( 94.21 Hz)  dex3_cmd={'left': 50910, 'right': 49376}
[lowlevel-dds] t= 245.0s  lowstate=118061 ( 481.879 Hz)  lowcmd=46162 ( 188.42 Hz)  crc_bad=0 nan_cmd=0 imu2=118061 ( 481.879 Hz)  repeat= 74.5%  sim_stale=678  dex3_state=23612 ( 96.38 Hz)  dex3_cmd={'left': 50910, 'right': 49376}
[lowlevel-dds] t= 250.0s  lowstate=123076 ( 492.304 Hz)  lowcmd=46162 ( 184.65 Hz)  crc_bad=0 nan_cmd=0 imu2=123076 ( 492.304 Hz)  repeat= 75.0%  sim_stale=704  dex3_state=24615 ( 98.46 Hz)  dex3_cmd={'left': 50910, 'right': 49376}
[lowlevel-dds] t= 255.0s  lowstate=128086 ( 502.296 Hz)  lowcmd=46162 ( 181.03 Hz)  crc_bad=0 nan_cmd=0 imu2=128086 ( 502.296 Hz)  repeat= 75.3%  sim_stale=742  dex3_state=25617 (100.46 Hz)  dex3_cmd={'left': 50910, 'right': 49376}
[lowlevel-dds] t= 260.0s  lowstate=133102 ( 511.931 Hz)  lowcmd=46162 ( 177.55 Hz)  crc_bad=0 nan_cmd=0 imu2=133102 ( 511.931 Hz)  repeat= 75.6%  sim_stale=763  dex3_state=26620 (102.38 Hz)  dex3_cmd={'left': 50910, 'right': 49376}
[lowlevel-dds] t= 265.0s  lowstate=138120 ( 521.206 Hz)  lowcmd=46162 ( 174.20 Hz)  crc_bad=0 nan_cmd=0 imu2=138120 ( 521.206 Hz)  repeat= 75.9%  sim_stale=796  dex3_state=27624 (104.24 Hz)  dex3_cmd={'left': 50910, 'right': 49376}
[lowlevel-dds] t= 270.0s  lowstate=143156 ( 530.205 Hz)  lowcmd=46162 ( 170.97 Hz)  crc_bad=0 nan_cmd=0 imu2=143156 ( 530.205 Hz)  repeat= 76.3%  sim_stale=834  dex3_state=28631 (106.04 Hz)  dex3_cmd={'left': 50910, 'right': 49376}
[lowlevel-dds] t= 275.0s  lowstate=148185 ( 538.854 Hz)  lowcmd=46162 ( 167.86 Hz)  crc_bad=0 nan_cmd=0 imu2=148185 ( 538.854 Hz)  repeat= 76.5%  sim_stale=857  dex3_state=29637 (107.77 Hz)  dex3_cmd={'left': 50910, 'right': 49376}
[lowlevel-dds] t= 280.0s  lowstate=153211 ( 547.179 Hz)  lowcmd=46162 ( 164.86 Hz)  crc_bad=0 nan_cmd=0 imu2=153211 ( 547.179 Hz)  repeat= 76.8%  sim_stale=884  dex3_state=30642 (109.44 Hz)  dex3_cmd={'left': 50910, 'right': 49376}
[lowlevel-dds] t= 285.0s  lowstate=158238 ( 555.220 Hz)  lowcmd=46162 ( 161.97 Hz)  crc_bad=0 nan_cmd=0 imu2=158238 ( 555.220 Hz)  repeat= 77.1%  sim_stale=920  dex3_state=31647 (111.04 Hz)  dex3_cmd={'left': 50910, 'right': 49376}
[lowlevel-dds] t= 290.0s  lowstate=163265 ( 562.982 Hz)  lowcmd=46162 ( 159.18 Hz)  crc_bad=0 nan_cmd=0 imu2=163265 ( 562.982 Hz)  repeat= 77.3%  sim_stale=947  dex3_state=32653 (112.60 Hz)  dex3_cmd={'left': 50910, 'right': 49376}
[lowlevel-dds] t= 295.0s  lowstate=168259 ( 570.368 Hz)  lowcmd=46162 ( 156.48 Hz)  crc_bad=0 nan_cmd=0 imu2=168259 ( 570.368 Hz)  repeat= 77.5%  sim_stale=980  dex3_state=33651 (114.07 Hz)  dex3_cmd={'left': 50910, 'right': 49376}
[lowlevel-dds] t= 300.0s  lowstate=173271 ( 577.568 Hz)  lowcmd=46162 ( 153.87 Hz)  crc_bad=0 nan_cmd=0 imu2=173271 ( 577.568 Hz)  repeat= 77.6%  sim_stale=1001  dex3_state=34654 (115.51 Hz)  dex3_cmd={'left': 50910, 'right': 49376}
[lowlevel-dds] t= 305.0s  lowstate=178248 ( 584.419 Hz)  lowcmd=46162 ( 151.35 Hz)  crc_bad=0 nan_cmd=0 imu2=178248 ( 584.419 Hz)  repeat= 77.8%  sim_stale=1036  dex3_state=35649 (116.88 Hz)  dex3_cmd={'left': 50910, 'right': 49376}
