[DEBUG] Program starting...
[DEBUG] Arguments validated...
[INFO] Using observation config: policy/sonic_v1_1/observation_config.yaml
[INFO] Using encoder file: policy/sonic_v1_1/model_encoder.onnx
[INFO] Using planner file: planner/target_vel/V2/planner_sonic.onnx
[INFO] Using input type: zmq_manager
[INFO] Using output type: all
[INFO] CRC checking disabled for MuJoCo simulation
[DEBUG] Creating G1Deploy object...
1787405270.159479 [0] g1_deploy_: selected interface "lo" is not multicast-capable: disabling multicast
G1 type: 5
Reading motion data from CSV files in: reference/example/
Found 13 motion folders
✓ Loaded tired_one_leg_jumping_R_001__A359 (500 timesteps)
✓ Loaded macarena_001__A545 (1375 timesteps)
✓ Loaded tired_forward_lunge_R_001__A359_M (810 timesteps)
✓ Loaded forward_lunge_R_001__A359_M (399 timesteps)
✓ Loaded squat_001__A359 (424 timesteps)
✓ Loaded macarena_001__A545_M (1375 timesteps)
✓ Loaded walking_quip_360_R_002__A428_M (455 timesteps)
✓ Loaded dance_in_da_party_001__A464_M (497 timesteps)
✓ Loaded tired_one_leg_jumping_R_001__A359_M (500 timesteps)
✓ Loaded neutral_kick_R_001__A543_M (165 timesteps)
✓ Loaded dance_in_da_party_001__A464 (497 timesteps)
✓ Loaded walking_quip_360_R_002__A428 (455 timesteps)
✓ Loaded neutral_kick_R_001__A543 (165 timesteps)
✓ Motion data loaded successfully!
Started with motion: tired_one_leg_jumping_R_001__A359 (paused at frame 0)
Loading policy model...
hash value in file 8966bfebdd001b742319ae77394cc3307eb888201accfdb625766909cdc7021f
hash of onnx/gpu type 8966bfebdd001b742319ae77394cc3307eb888201accfdb625766909cdc7021f
INFO [/opt/gear_sonic_deploy/src/TRTInference/InferenceEngine.cpp(35)]: Loaded engine size: 142 MiB
INFO [/opt/gear_sonic_deploy/src/TRTInference/InferenceEngine.cpp(35)]: [MemUsageChange] TensorRT-managed allocation in IExecutionContext creation: CPU +0, GPU +0, now: CPU 0, GPU 142 (MiB)
INFO [/opt/gear_sonic_deploy/src/TRTInference/InferenceEngine.cpp(476)]: INPUT Tensor: obs_dict [1, 994]. 994 elements of type FLOAT
INFO [/opt/gear_sonic_deploy/src/TRTInference/InferenceEngine.cpp(476)]: OUTPUT Tensor: action [1, 29]. 29 elements of type FLOAT
✓ Successfully converted ONNX to TRT: policy/sonic_v1_1/policy_model_decoder.trt
✓ Policy engine initialized successfully!
  Model: policy/sonic_v1_1/model_decoder.onnx
  Input dimension: 994
  Action dimension: 29
  Input tensor: obs_dict
  Output tensor: action
  Precision: FP32
Capturing control policy CUDA graph...
✓ Control policy CUDA graph captured successfully!
✓ Policy model loaded successfully!
Loading observation configuration...
Using observation config file: policy/sonic_v1_1/observation_config.yaml
Parsing observation config file: policy/sonic_v1_1/observation_config.yaml
Found observations section at line 9
  Parsed observation: token_state -> enabled
  Parsed observation: his_base_angular_velocity_10frame_step1 -> enabled
  Parsed observation: his_body_joint_positions_10frame_step1 -> enabled
  Parsed observation: his_body_joint_velocities_10frame_step1 -> enabled
  Parsed observation: his_last_actions_10frame_step1 -> enabled
  Parsed observation: his_gravity_dir_10frame_step1 -> enabled
Found encoder section at line 23
  Encoder dimension: 64
  Encoder use_fp16: false
  Found encoder_observations subsection
    Encoder obs: encoder_mode_4 -> enabled
    Encoder obs: motion_joint_positions_10frame_step5 -> enabled
    Encoder obs: motion_joint_velocities_10frame_step5 -> enabled
    Encoder obs: motion_anchor_orientation_heading_10frame_step5 -> enabled
    Encoder obs: motion_anchor_orientation_heading -> enabled
    Encoder obs: motion_joint_positions_lowerbody_10frame_step5 -> enabled
    Encoder obs: motion_joint_velocities_lowerbody_10frame_step5 -> enabled
    Encoder obs: vr_3point_local_target -> enabled
    Encoder obs: vr_3point_local_orn_target -> enabled
    Encoder obs: smpl_joints_10frame_step1 -> enabled
    Encoder obs: smpl_anchor_orientation_heading_10frame_step1 -> enabled
    Encoder obs: motion_joint_positions_wrists_10frame_step1 -> enabled
  Found encoder_modes subsection (after encoder_observations)
    Found mode: g1
      Mode ID: 0
      Found required_observations for mode g1
        - encoder_mode_4
        - motion_joint_positions_10frame_step5
        - motion_joint_velocities_10frame_step5
        - motion_anchor_orientation_heading_10frame_step5
    Saved mode 'g1' with 4 observations
    Found mode: teleop
      Mode ID: 1
      Found required_observations for mode teleop
        - encoder_mode_4
        - motion_joint_positions_lowerbody_10frame_step5
        - motion_joint_velocities_lowerbody_10frame_step5
        - vr_3point_local_target
        - vr_3point_local_orn_target
        - motion_anchor_orientation_heading
    Saved mode 'teleop' with 6 observations
    Found mode: smpl
      Mode ID: 2
      Found required_observations for mode smpl
        - encoder_mode_4
        - smpl_joints_10frame_step1
        - smpl_anchor_orientation_heading_10frame_step1
        - motion_joint_positions_wrists_10frame_step1
    Saved mode 'smpl' with 4 observations
✓ Token state observation validated with encoder configuration
Successfully parsed 6 observations
Encoder config found with 12 input observations
✓ Token state buffer initialized (size: 64)
Initializing encoder...
Loading encoder model...
hash value in file 3abc48371235e2ccd69cfe7e8db2f3997bd07b2cbaea52e817a6ba848e7c29f8
hash of onnx/gpu type 3abc48371235e2ccd69cfe7e8db2f3997bd07b2cbaea52e817a6ba848e7c29f8
INFO [/opt/gear_sonic_deploy/src/TRTInference/InferenceEngine.cpp(35)]: Loaded engine size: 47 MiB
INFO [/opt/gear_sonic_deploy/src/TRTInference/InferenceEngine.cpp(35)]: [MS] Running engine with multi stream info
INFO [/opt/gear_sonic_deploy/src/TRTInference/InferenceEngine.cpp(35)]: [MS] Number of aux streams is 2
INFO [/opt/gear_sonic_deploy/src/TRTInference/InferenceEngine.cpp(35)]: [MS] Number of total worker streams is 3
INFO [/opt/gear_sonic_deploy/src/TRTInference/InferenceEngine.cpp(35)]: [MS] The main stream provided by execute/enqueue calls is the first worker stream
INFO [/opt/gear_sonic_deploy/src/TRTInference/InferenceEngine.cpp(35)]: [MemUsageChange] TensorRT-managed allocation in IExecutionContext creation: CPU +0, GPU +0, now: CPU 0, GPU 189 (MiB)
INFO [/opt/gear_sonic_deploy/src/TRTInference/InferenceEngine.cpp(476)]: INPUT Tensor: obs_dict [1, 1751]. 1751 elements of type FLOAT
INFO [/opt/gear_sonic_deploy/src/TRTInference/InferenceEngine.cpp(476)]: OUTPUT Tensor: encoded_tokens [1, 64]. 64 elements of type FLOAT
✓ Encoder initialized successfully!
  Model: policy/sonic_v1_1/model_encoder.onnx
  Input dimension: 1751
  Token dimension: 64
  Input tensor: obs_dict
  Output tensor: encoded_tokens
Capturing encoder CUDA graph...
✓ Encoder CUDA graph captured successfully!
✓ Encoder model loaded successfully!
Setting encode_mode for 13 loaded reference motions...
  Motion 'tired_one_leg_jumping_R_001__A359' encode_mode set to: 0
  Motion 'macarena_001__A545' encode_mode set to: 0
  Motion 'tired_forward_lunge_R_001__A359_M' encode_mode set to: 0
  Motion 'forward_lunge_R_001__A359_M' encode_mode set to: 0
  Motion 'squat_001__A359' encode_mode set to: 0
  Motion 'macarena_001__A545_M' encode_mode set to: 0
  Motion 'walking_quip_360_R_002__A428_M' encode_mode set to: 0
  Motion 'dance_in_da_party_001__A464_M' encode_mode set to: 0
  Motion 'tired_one_leg_jumping_R_001__A359_M' encode_mode set to: 0
  Motion 'neutral_kick_R_001__A543_M' encode_mode set to: 0
  Motion 'dance_in_da_party_001__A464' encode_mode set to: 0
  Motion 'walking_quip_360_R_002__A428' encode_mode set to: 0
  Motion 'neutral_kick_R_001__A543' encode_mode set to: 0
Planner motion encode_mode set to: 0
LocalMotionPlannerBase constructor
config_.version: 2
config_.motion_look_ahead_steps: 2
config_.default_height: 0.78874
config_.initial_random_seed: 1234
Available modes number: 27
Initialize Engine...
hash value in file 8aadbaeb35cbfdebe85eb328eb2ae826228a703c12045b353a02eb5bdce59601
hash of onnx/gpu type 8aadbaeb35cbfdebe85eb328eb2ae826228a703c12045b353a02eb5bdce59601
INFO [/opt/gear_sonic_deploy/src/TRTInference/InferenceEngine.cpp(35)]: Loaded engine size: 710 MiB
INFO [/opt/gear_sonic_deploy/src/TRTInference/InferenceEngine.cpp(35)]: [MS] Running engine with multi stream info
INFO [/opt/gear_sonic_deploy/src/TRTInference/InferenceEngine.cpp(35)]: [MS] Number of aux streams is 1
INFO [/opt/gear_sonic_deploy/src/TRTInference/InferenceEngine.cpp(35)]: [MS] Number of total worker streams is 2
INFO [/opt/gear_sonic_deploy/src/TRTInference/InferenceEngine.cpp(35)]: [MS] The main stream provided by execute/enqueue calls is the first worker stream
INFO [/opt/gear_sonic_deploy/src/TRTInference/InferenceEngine.cpp(35)]: [MemUsageChange] TensorRT-managed allocation in IExecutionContext creation: CPU +0, GPU +1, now: CPU 0, GPU 897 (MiB)
INFO [/opt/gear_sonic_deploy/src/TRTInference/InferenceEngine.cpp(476)]: INPUT Tensor: context_mujoco_qpos [1, 4, 36]. 144 elements of type FLOAT
INFO [/opt/gear_sonic_deploy/src/TRTInference/InferenceEngine.cpp(476)]: INPUT Tensor: target_vel [1]. 1 elements of type FLOAT
INFO [/opt/gear_sonic_deploy/src/TRTInference/InferenceEngine.cpp(476)]: INPUT Tensor: mode [1]. 1 elements of type INT64
INFO [/opt/gear_sonic_deploy/src/TRTInference/InferenceEngine.cpp(476)]: INPUT Tensor: movement_direction [1, 3]. 3 elements of type FLOAT
INFO [/opt/gear_sonic_deploy/src/TRTInference/InferenceEngine.cpp(476)]: INPUT Tensor: facing_direction [1, 3]. 3 elements of type FLOAT
INFO [/opt/gear_sonic_deploy/src/TRTInference/InferenceEngine.cpp(476)]: INPUT Tensor: random_seed [1]. 1 elements of type INT64
INFO [/opt/gear_sonic_deploy/src/TRTInference/InferenceEngine.cpp(476)]: INPUT Tensor: has_specific_target [1, 1]. 1 elements of type INT64
INFO [/opt/gear_sonic_deploy/src/TRTInference/InferenceEngine.cpp(476)]: INPUT Tensor: specific_target_positions [1, 4, 3]. 12 elements of type FLOAT
INFO [/opt/gear_sonic_deploy/src/TRTInference/InferenceEngine.cpp(476)]: INPUT Tensor: specific_target_headings [1, 4]. 4 elements of type FLOAT
INFO [/opt/gear_sonic_deploy/src/TRTInference/InferenceEngine.cpp(476)]: INPUT Tensor: allowed_pred_num_tokens [1, 11]. 11 elements of type INT64
INFO [/opt/gear_sonic_deploy/src/TRTInference/InferenceEngine.cpp(476)]: INPUT Tensor: height [1]. 1 elements of type FLOAT
INFO [/opt/gear_sonic_deploy/src/TRTInference/InferenceEngine.cpp(476)]: OUTPUT Tensor: mujoco_qpos [1, 64, 36]. 2304 elements of type FLOAT
INFO [/opt/gear_sonic_deploy/src/TRTInference/InferenceEngine.cpp(476)]: OUTPUT Tensor: num_pred_frames [1]. 1 elements of type INT32
✓ Successfully converted ONNX to TRT: planner/target_vel/V2/planner_planner_sonic.trt
Input tensors:
  allowed_pred_num_tokens 1 11 int64
  context_mujoco_qpos 1 4 36 float
  facing_direction 1 3 float
  has_specific_target 1 1 int64
  height 1 float
  mode 1 int64
  movement_direction 1 3 float
  random_seed 1 int64
  specific_target_headings 1 4 float
  specific_target_positions 1 4 3 float
  target_vel 1 float
Output tensors:
  mujoco_qpos 1 64 36 float
  num_pred_frames 1 int32
✓ TensorRT planner model loaded successfully!
Initializing encoder observations...
✓ Initialized 12 encoder observations (total dim: 1751)

=== Observation Configuration ===
Active policy observations (runtime order):
  1. token_state (64D) [offset: 0]
  2. his_base_angular_velocity_10frame_step1 (30D) [offset: 64]
  3. his_body_joint_positions_10frame_step1 (290D) [offset: 94]
  4. his_body_joint_velocities_10frame_step1 (290D) [offset: 384]
  5. his_last_actions_10frame_step1 (290D) [offset: 674]
  6. his_gravity_dir_10frame_step1 (30D) [offset: 964]

Policy Summary:
  Total dimension: 994
  Model dimension: 994
  ✓ Dimension match: Configuration is valid!

--- Encoder Observations ---
  1. encoder_mode_4 (4D) [offset: 0]
  2. motion_joint_positions_10frame_step5 (290D) [offset: 4]
  3. motion_joint_velocities_10frame_step5 (290D) [offset: 294]
  4. motion_anchor_orientation_heading_10frame_step5 (60D) [offset: 584]
  5. motion_anchor_orientation_heading (6D) [offset: 644]
  6. motion_joint_positions_lowerbody_10frame_step5 (120D) [offset: 650]
  7. motion_joint_velocities_lowerbody_10frame_step5 (120D) [offset: 770]
  8. vr_3point_local_target (9D) [offset: 890]
  9. vr_3point_local_orn_target (12D) [offset: 899]
  10. smpl_joints_10frame_step1 (720D) [offset: 911]
  11. smpl_anchor_orientation_heading_10frame_step1 (60D) [offset: 1631]
  12. motion_joint_positions_wrists_10frame_step1 (60D) [offset: 1691]

Encoder Summary:
  Total dimension: 1751
  Model dimension: 1751
  ✓ Dimension match: Encoder configuration is valid!
================================

[ZMQEndpointInterface] Connected to localhost:5556 topic='pose'
[ZMQEndpointInterface] Press ENTER to toggle between loaded motions and ZMQ stream
[ZMQManager] Initialized (default: PLANNER mode)
  - Host: localhost:5556
  - Command topic: 'command' (start/stop/mode)
    Format: { start: bool, stop: bool, planner: bool }
  - Planner topic: 'planner' (movement)
  - Pose topic: 'pose' (streamed motion)
Initialized ZMQ manager
  Host: localhost:5556
  Pose topic: pose
  Command topic: command
  Planner topic: planner
  Conflate: disabled
  Initial encoder mode: 0
[INFO] Initial VR 3-point compliance: [0.5, 0.5, 0]
[INFO] Initial hand max close ratio: 1 (1.0 = full closure allowed, 0.2 = limited)
[INFO] Keyboard controls: g/h = left hand +/- 0.1, b/v = right hand +/- 0.1 (range: 0.01-0.5)
[INFO] Keyboard controls: x/c = hand max close ratio +/- 0.1 (range: 0.2-1.0)

┌─────────────────────────────────────────────────────────────────────────────┐
│  Compliance control: DISABLED                                               │
│  Policy does not observe 'vr_3point_compliance'.                            │
│  Keyboard controls (g/h/b/v) will be ignored for this policy.               │
│  To enable, use a compliance-aware policy that observes it natively.        │
└─────────────────────────────────────────────────────────────────────────────┘

Initializing realtime debug socket
Binding to port: 5557 and topic: g1_debug
[INFO] Realtime debug socket bound to port: 5557
[ZMQ Output DEBUG] ZMQOutputHandler initialized with topics: 'g1_debug' (combined state+viz), 'robot_config' (config)
Initialized ZMQ output interface
[ZMQ Output] Robot config cached (10 fields, 339 bytes)
Total output interfaces initialized: 1
[DEBUG] G1Deploy object created successfully!
[ZMQManager] Planner enabled
Initializing planner...
Setting planner_motion encode mode to 0
Replanning with mode: IDLE, target_height: -1, target_vel: -1, movement: [0, 0, 0], facing: [1, 0, 0]
Planner Init timing - Model: 3341us, Extract: 101us
Planner initialized
Planner initialized successfully!
[ZMQManager] Waiting for planner to be initialized
Planner() no data in planner_motion_, returning. If control loop is started, this should only happen once when planner is initialized. If control loop is not started, this should keep returning until control loop is started.
[ZMQManager] Waiting for planner to be initialized
Planner() no data in planner_motion_, returning. If control loop is started, this should only happen once when planner is initialized. If control loop is not started, this should keep returning until control loop is started.
[ZMQManager] Waiting for planner to be initialized
Planner() no data in planner_motion_, returning. If control loop is started, this should only happen once when planner is initialized. If control loop is not started, this should keep returning until control loop is started.
[ZMQManager] Waiting for planner to be initialized
Planner() no data in planner_motion_, returning. If control loop is started, this should only happen once when planner is initialized. If control loop is not started, this should keep returning until control loop is started.
[ZMQManager] Waiting for planner to be initialized
Planner() no data in planner_motion_, returning. If control loop is started, this should only happen once when planner is initialized. If control loop is not started, this should keep returning until control loop is started.
[ZMQManager] Waiting for planner to be initialized
Planner() no data in planner_motion_, returning. If control loop is started, this should only happen once when planner is initialized. If control loop is not started, this should keep returning until control loop is started.
[ZMQManager] Waiting for planner to be initialized
Planner() no data in planner_motion_, returning. If control loop is started, this should only happen once when planner is initialized. If control loop is not started, this should keep returning until control loop is started.
[ZMQManager] Waiting for planner to be initialized
Planner() no data in planner_motion_, returning. If control loop is started, this should only happen once when planner is initialized. If control loop is not started, this should keep returning until control loop is started.
[ZMQManager] Waiting for planner to be initialized
Planner() no data in planner_motion_, returning. If control loop is started, this should only happen once when planner is initialized. If control loop is not started, this should keep returning until control loop is started.
[ZMQManager] Waiting for planner to be initialized
Planner() no data in planner_motion_, returning. If control loop is started, this should only happen once when planner is initialized. If control loop is not started, this should keep returning until control loop is started.
[ZMQManager] Waiting for planner to be initialized
Planner() no data in planner_motion_, returning. If control loop is started, this should only happen once when planner is initialized. If control loop is not started, this should keep returning until control loop is started.
[ZMQManager] Waiting for planner to be initialized
Planner() no data in planner_motion_, returning. If control loop is started, this should only happen once when planner is initialized. If control loop is not started, this should keep returning until control loop is started.
[ZMQManager] Waiting for planner to be initialized
Planner() no data in planner_motion_, returning. If control loop is started, this should only happen once when planner is initialized. If control loop is not started, this should keep returning until control loop is started.
[ZMQManager] Waiting for planner to be initialized
Planner() no data in planner_motion_, returning. If control loop is started, this should only happen once when planner is initialized. If control loop is not started, this should keep returning until control loop is started.
[ZMQManager] Waiting for planner to be initialized
Planner() no data in planner_motion_, returning. If control loop is started, this should only happen once when planner is initialized. If control loop is not started, this should keep returning until control loop is started.
[ZMQManager] Waiting for planner to be initialized
Planner() no data in planner_motion_, returning. If control loop is started, this should only happen once when planner is initialized. If control loop is not started, this should keep returning until control loop is started.
[ZMQManager] Waiting for planner to be initialized
Planner() no data in planner_motion_, returning. If control loop is started, this should only happen once when planner is initialized. If control loop is not started, this should keep returning until control loop is started.
[ZMQManager] Waiting for planner to be initialized
Planner() no data in planner_motion_, returning. If control loop is started, this should only happen once when planner is initialized. If control loop is not started, this should keep returning until control loop is started.
[ZMQManager] Waiting for planner to be initialized
Planner() no data in planner_motion_, returning. If control loop is started, this should only happen once when planner is initialized. If control loop is not started, this should keep returning until control loop is started.
[ZMQManager] Waiting for planner to be initialized
Planner() no data in planner_motion_, returning. If control loop is started, this should only happen once when planner is initialized. If control loop is not started, this should keep returning until control loop is started.
[ZMQManager] Waiting for planner to be initialized
Planner() no data in planner_motion_, returning. If control loop is started, this should only happen once when planner is initialized. If control loop is not started, this should keep returning until control loop is started.
[ZMQManager] Waiting for planner to be initialized
Planner() no data in planner_motion_, returning. If control loop is started, this should only happen once when planner is initialized. If control loop is not started, this should keep returning until control loop is started.
[ZMQManager] Waiting for planner to be initialized
Planner() no data in planner_motion_, returning. If control loop is started, this should only happen once when planner is initialized. If control loop is not started, this should keep returning until control loop is started.
[ZMQManager] Waiting for planner to be initialized
Planner() no data in planner_motion_, returning. If control loop is started, this should only happen once when planner is initialized. If control loop is not started, this should keep returning until control loop is started.
[ZMQManager] Waiting for planner to be initialized
Planner() no data in planner_motion_, returning. If control loop is started, this should only happen once when planner is initialized. If control loop is not started, this should keep returning until control loop is started.
[ZMQManager] Waiting for planner to be initialized
Planner() no data in planner_motion_, returning. If control loop is started, this should only happen once when planner is initialized. If control loop is not started, this should keep returning until control loop is started.
[ZMQManager] Waiting for planner to be initialized
Planner() no data in planner_motion_, returning. If control loop is started, this should only happen once when planner is initialized. If control loop is not started, this should keep returning until control loop is started.
[ZMQManager] Waiting for planner to be initialized
Planner() no data in planner_motion_, returning. If control loop is started, this should only happen once when planner is initialized. If control loop is not started, this should keep returning until control loop is started.
[ZMQManager] Waiting for planner to be initialized
Init Done
[Control] DEBUG: operator_state.start=true, transitioning to CONTROL state
Planner() no data in planner_motion_, returning. If control loop is started, this should only happen once when planner is initialized. If control loop is not started, this should keep returning until control loop is started.
[ZMQManager] Waiting for planner to be initialized
Reset heading state to 0.707388, 0, 0, 0.706825
Reset delta heading to 0
Reset init reference data root rotation to current frame: -0.701854, 0.04748, 0.042075, 0.70949
**********************************************************
Reference motion name: tired_one_leg_jumping_R_001__A359
**********************************************************
[Mode Filter] Switched to mode 'g1' (ID=0) with 4 required observations
Reset heading state to 0.707388, 0, 0, 0.706825
Reset delta heading to 0
Reset init reference data root rotation to current frame: 0.510301, 0.520776, 0.478994, -0.488826
**********************************************************
Reference motion name: planner_motion
**********************************************************
Replanning with mode: IDLE, target_height: 0, target_vel: 0, movement: [0, 0, 0], facing: [1, 0, 0]
[ZMQManager] Waiting for planner to be initialized
[ZMQManager] motion name is planner_motion
Replanning with mode: IDLE, target_height: -1, target_vel: -1, movement: [0, 0, 0], facing: [1, 0, 0]
Loop timing - LowState age: 7.125ms, Streaming data mean delay: 0ms, Streaming data std delay: 0ms, IMU age: 7.108ms, Obs: 223us, Policy: 204us, Obs 2 Motor Command: 428us, Post processing: 28us, Planner - Gather Input: 62us, Model: 5220us, Convert50Hz: 45us, Total: 5329us | HandCloseRatio: 1
Loop timing - LowState age: 1.919ms, Streaming data mean delay: 0ms, Streaming data std delay: 0ms, IMU age: 1.934ms, Obs: 229us, Policy: 206us, Obs 2 Motor Command: 435us, Post processing: 52us, Planner - Gather Input: 62us, Model: 5220us, Convert50Hz: 45us, Total: 5329us | HandCloseRatio: 1
Loop timing - LowState age: 3.858ms, Streaming data mean delay: 0ms, Streaming data std delay: 0ms, IMU age: 3.813ms, Obs: 251us, Policy: 235us, Obs 2 Motor Command: 487us, Post processing: 33us, Planner - Gather Input: 62us, Model: 5220us, Convert50Hz: 45us, Total: 5329us | HandCloseRatio: 1
Loop timing - LowState age: 1.828ms, Streaming data mean delay: 0ms, Streaming data std delay: 0ms, IMU age: 1.85ms, Obs: 245us, Policy: 202us, Obs 2 Motor Command: 448us, Post processing: 17us, Planner - Gather Input: 62us, Model: 5220us, Convert50Hz: 45us, Total: 5329us | HandCloseRatio: 1
Loop timing - LowState age: 2.521ms, Streaming data mean delay: 0ms, Streaming data std delay: 0ms, IMU age: 2.527ms, Obs: 296us, Policy: 209us, Obs 2 Motor Command: 505us, Post processing: 34us, Planner - Gather Input: 62us, Model: 5220us, Convert50Hz: 45us, Total: 5329us | HandCloseRatio: 1
Loop timing - LowState age: 1.794ms, Streaming data mean delay: 0ms, Streaming data std delay: 0ms, IMU age: 1.793ms, Obs: 172us, Policy: 202us, Obs 2 Motor Command: 374us, Post processing: 16us, Planner - Gather Input: 62us, Model: 5220us, Convert50Hz: 45us, Total: 5329us | HandCloseRatio: 1
Loop timing - LowState age: 4.715ms, Streaming data mean delay: 0ms, Streaming data std delay: 0ms, IMU age: 4.627ms, Obs: 249us, Policy: 206us, Obs 2 Motor Command: 455us, Post processing: 36us, Planner - Gather Input: 62us, Model: 5220us, Convert50Hz: 45us, Total: 5329us | HandCloseRatio: 1
Loop timing - LowState age: 0.901ms, Streaming data mean delay: 0ms, Streaming data std delay: 0ms, IMU age: 0.891ms, Obs: 185us, Policy: 200us, Obs 2 Motor Command: 386us, Post processing: 20us, Planner - Gather Input: 62us, Model: 5220us, Convert50Hz: 45us, Total: 5329us | HandCloseRatio: 1
Loop timing - LowState age: 0.612ms, Streaming data mean delay: 0ms, Streaming data std delay: 0ms, IMU age: 4.983ms, Obs: 305us, Policy: 207us, Obs 2 Motor Command: 512us, Post processing: 27us, Planner - Gather Input: 62us, Model: 5220us, Convert50Hz: 45us, Total: 5329us | HandCloseRatio: 1
Loop timing - LowState age: 2.669ms, Streaming data mean delay: 0ms, Streaming data std delay: 0ms, IMU age: 2.634ms, Obs: 164us, Policy: 202us, Obs 2 Motor Command: 367us, Post processing: 16us, Planner - Gather Input: 62us, Model: 5220us, Convert50Hz: 45us, Total: 5329us | HandCloseRatio: 1
Loop timing - LowState age: 3.951ms, Streaming data mean delay: 0ms, Streaming data std delay: 0ms, IMU age: 3.933ms, Obs: 308us, Policy: 214us, Obs 2 Motor Command: 523us, Post processing: 36us, Planner - Gather Input: 62us, Model: 5220us, Convert50Hz: 45us, Total: 5329us | HandCloseRatio: 1
Loop timing - LowState age: 5.534ms, Streaming data mean delay: 0ms, Streaming data std delay: 0ms, IMU age: 5.441ms, Obs: 153us, Policy: 202us, Obs 2 Motor Command: 355us, Post processing: 15us, Planner - Gather Input: 62us, Model: 5220us, Convert50Hz: 45us, Total: 5329us | HandCloseRatio: 1
Loop timing - LowState age: 2.471ms, Streaming data mean delay: 0ms, Streaming data std delay: 0ms, IMU age: 2.642ms, Obs: 325us, Policy: 216us, Obs 2 Motor Command: 541us, Post processing: 31us, Planner - Gather Input: 62us, Model: 5220us, Convert50Hz: 45us, Total: 5329us | HandCloseRatio: 1
Loop timing - LowState age: 1.099ms, Streaming data mean delay: 0ms, Streaming data std delay: 0ms, IMU age: 1.09ms, Obs: 216us, Policy: 209us, Obs 2 Motor Command: 425us, Post processing: 27us, Planner - Gather Input: 62us, Model: 5220us, Convert50Hz: 45us, Total: 5329us | HandCloseRatio: 1
Loop timing - LowState age: 4.238ms, Streaming data mean delay: 0ms, Streaming data std delay: 0ms, IMU age: 4.238ms, Obs: 299us, Policy: 208us, Obs 2 Motor Command: 508us, Post processing: 21us, Planner - Gather Input: 62us, Model: 5220us, Convert50Hz: 45us, Total: 5329us | HandCloseRatio: 1
Loop timing - LowState age: 9.493ms, Streaming data mean delay: 0ms, Streaming data std delay: 0ms, IMU age: 9.211ms, Obs: 163us, Policy: 200us, Obs 2 Motor Command: 364us, Post processing: 14us, Planner - Gather Input: 62us, Model: 5220us, Convert50Hz: 45us, Total: 5329us | HandCloseRatio: 1
Loop timing - LowState age: 3.9ms, Streaming data mean delay: 0ms, Streaming data std delay: 0ms, IMU age: 3.809ms, Obs: 217us, Policy: 206us, Obs 2 Motor Command: 424us, Post processing: 64us, Planner - Gather Input: 62us, Model: 5220us, Convert50Hz: 45us, Total: 5329us | HandCloseRatio: 1
Loop timing - LowState age: 6.838ms, Streaming data mean delay: 0ms, Streaming data std delay: 0ms, IMU age: 6.744ms, Obs: 304us, Policy: 214us, Obs 2 Motor Command: 519us, Post processing: 26us, Planner - Gather Input: 62us, Model: 5220us, Convert50Hz: 45us, Total: 5329us | HandCloseRatio: 1
Loop timing - LowState age: 1.307ms, Streaming data mean delay: 0ms, Streaming data std delay: 0ms, IMU age: 1.294ms, Obs: 184us, Policy: 203us, Obs 2 Motor Command: 388us, Post processing: 23us, Planner - Gather Input: 62us, Model: 5220us, Convert50Hz: 45us, Total: 5329us | HandCloseRatio: 1
Loop timing - LowState age: 2.53ms, Streaming data mean delay: 0ms, Streaming data std delay: 0ms, IMU age: 2.518ms, Obs: 241us, Policy: 208us, Obs 2 Motor Command: 450us, Post processing: 60us, Planner - Gather Input: 62us, Model: 5220us, Convert50Hz: 45us, Total: 5329us | HandCloseRatio: 1
Loop timing - LowState age: 1.959ms, Streaming data mean delay: 0ms, Streaming data std delay: 0ms, IMU age: 1.976ms, Obs: 185us, Policy: 205us, Obs 2 Motor Command: 391us, Post processing: 18us, Planner - Gather Input: 62us, Model: 5220us, Convert50Hz: 45us, Total: 5329us | HandCloseRatio: 1
Loop timing - LowState age: 1.801ms, Streaming data mean delay: 0ms, Streaming data std delay: 0ms, IMU age: 1.814ms, Obs: 231us, Policy: 200us, Obs 2 Motor Command: 431us, Post processing: 17us, Planner - Gather Input: 62us, Model: 5220us, Convert50Hz: 45us, Total: 5329us | HandCloseRatio: 1
Loop timing - LowState age: 8.621ms, Streaming data mean delay: 0ms, Streaming data std delay: 0ms, IMU age: 8.532ms, Obs: 246us, Policy: 211us, Obs 2 Motor Command: 458us, Post processing: 58us, Planner - Gather Input: 62us, Model: 5220us, Convert50Hz: 45us, Total: 5329us | HandCloseRatio: 1
Loop timing - LowState age: 3.193ms, Streaming data mean delay: 0ms, Streaming data std delay: 0ms, IMU age: 3.213ms, Obs: 208us, Policy: 204us, Obs 2 Motor Command: 412us, Post processing: 26us, Planner - Gather Input: 62us, Model: 5220us, Convert50Hz: 45us, Total: 5329us | HandCloseRatio: 1
Loop timing - LowState age: 2.722ms, Streaming data mean delay: 0ms, Streaming data std delay: 0ms, IMU age: 2.715ms, Obs: 229us, Policy: 208us, Obs 2 Motor Command: 437us, Post processing: 66us, Planner - Gather Input: 62us, Model: 5220us, Convert50Hz: 45us, Total: 5329us | HandCloseRatio: 1
Loop timing - LowState age: 3.094ms, Streaming data mean delay: 0ms, Streaming data std delay: 0ms, IMU age: 3.063ms, Obs: 181us, Policy: 205us, Obs 2 Motor Command: 387us, Post processing: 18us, Planner - Gather Input: 62us, Model: 5220us, Convert50Hz: 45us, Total: 5329us | HandCloseRatio: 1
Loop timing - LowState age: 0.691ms, Streaming data mean delay: 0ms, Streaming data std delay: 0ms, IMU age: 0.685ms, Obs: 252us, Policy: 222us, Obs 2 Motor Command: 475us, Post processing: 31us, Planner - Gather Input: 62us, Model: 5220us, Convert50Hz: 45us, Total: 5329us | HandCloseRatio: 1
Loop timing - LowState age: 5.276ms, Streaming data mean delay: 0ms, Streaming data std delay: 0ms, IMU age: 5.207ms, Obs: 247us, Policy: 202us, Obs 2 Motor Command: 450us, Post processing: 17us, Planner - Gather Input: 62us, Model: 5220us, Convert50Hz: 45us, Total: 5329us | HandCloseRatio: 1
Loop timing - LowState age: 7.026ms, Streaming data mean delay: 0ms, Streaming data std delay: 0ms, IMU age: 7.011ms, Obs: 172us, Policy: 199us, Obs 2 Motor Command: 372us, Post processing: 19us, Planner - Gather Input: 62us, Model: 5220us, Convert50Hz: 45us, Total: 5329us | HandCloseRatio: 1
Loop timing - LowState age: 2.643ms, Streaming data mean delay: 0ms, Streaming data std delay: 0ms, IMU age: 2.651ms, Obs: 168us, Policy: 199us, Obs 2 Motor Command: 368us, Post processing: 15us, Planner - Gather Input: 62us, Model: 5220us, Convert50Hz: 45us, Total: 5329us | HandCloseRatio: 1
Loop timing - LowState age: 1.654ms, Streaming data mean delay: 0ms, Streaming data std delay: 0ms, IMU age: 1.652ms, Obs: 311us, Policy: 214us, Obs 2 Motor Command: 526us, Post processing: 29us, Planner - Gather Input: 62us, Model: 5220us, Convert50Hz: 45us, Total: 5329us | HandCloseRatio: 1
Loop timing - LowState age: 3.887ms, Streaming data mean delay: 0ms, Streaming data std delay: 0ms, IMU age: 3.8ms, Obs: 239us, Policy: 207us, Obs 2 Motor Command: 447us, Post processing: 59us, Planner - Gather Input: 62us, Model: 5220us, Convert50Hz: 45us, Total: 5329us | HandCloseRatio: 1
Loop timing - LowState age: 16.421ms, Streaming data mean delay: 0ms, Streaming data std delay: 0ms, IMU age: 16.399ms, Obs: 385us, Policy: 235us, Obs 2 Motor Command: 621us, Post processing: 71us, Planner - Gather Input: 62us, Model: 5220us, Convert50Hz: 45us, Total: 5329us | HandCloseRatio: 1
Loop timing - LowState age: 4.866ms, Streaming data mean delay: 0ms, Streaming data std delay: 0ms, IMU age: 4.84ms, Obs: 342us, Policy: 211us, Obs 2 Motor Command: 553us, Post processing: 38us, Planner - Gather Input: 62us, Model: 5220us, Convert50Hz: 45us, Total: 5329us | HandCloseRatio: 1
Loop timing - LowState age: 3.839ms, Streaming data mean delay: 0ms, Streaming data std delay: 0ms, IMU age: 3.839ms, Obs: 240us, Policy: 213us, Obs 2 Motor Command: 453us, Post processing: 28us, Planner - Gather Input: 62us, Model: 5220us, Convert50Hz: 45us, Total: 5329us | HandCloseRatio: 1
Loop timing - LowState age: 8.3ms, Streaming data mean delay: 0ms, Streaming data std delay: 0ms, IMU age: 8.284ms, Obs: 214us, Policy: 203us, Obs 2 Motor Command: 418us, Post processing: 27us, Planner - Gather Input: 62us, Model: 5220us, Convert50Hz: 45us, Total: 5329us | HandCloseRatio: 1
Loop timing - LowState age: 2.044ms, Streaming data mean delay: 0ms, Streaming data std delay: 0ms, IMU age: 1.973ms, Obs: 168us, Policy: 204us, Obs 2 Motor Command: 372us, Post processing: 17us, Planner - Gather Input: 62us, Model: 5220us, Convert50Hz: 45us, Total: 5329us | HandCloseRatio: 1
Loop timing - LowState age: 1.663ms, Streaming data mean delay: 0ms, Streaming data std delay: 0ms, IMU age: 1.671ms, Obs: 306us, Policy: 213us, Obs 2 Motor Command: 520us, Post processing: 27us, Planner - Gather Input: 62us, Model: 5220us, Convert50Hz: 45us, Total: 5329us | HandCloseRatio: 1
Loop timing - LowState age: 3.498ms, Streaming data mean delay: 0ms, Streaming data std delay: 0ms, IMU age: 3.475ms, Obs: 312us, Policy: 210us, Obs 2 Motor Command: 523us, Post processing: 31us, Planner - Gather Input: 62us, Model: 5220us, Convert50Hz: 45us, Total: 5329us | HandCloseRatio: 1
Loop timing - LowState age: 2.446ms, Streaming data mean delay: 0ms, Streaming data std delay: 0ms, IMU age: 2.393ms, Obs: 250us, Policy: 406us, Obs 2 Motor Command: 657us, Post processing: 31us, Planner - Gather Input: 62us, Model: 5220us, Convert50Hz: 45us, Total: 5329us | HandCloseRatio: 1
Loop timing - LowState age: 1.079ms, Streaming data mean delay: 0ms, Streaming data std delay: 0ms, IMU age: 1.092ms, Obs: 384us, Policy: 219us, Obs 2 Motor Command: 604us, Post processing: 170us, Planner - Gather Input: 62us, Model: 5220us, Convert50Hz: 45us, Total: 5329us | HandCloseRatio: 1
Loop timing - LowState age: 21.267ms, Streaming data mean delay: 0ms, Streaming data std delay: 0ms, IMU age: 21.227ms, Obs: 216us, Policy: 207us, Obs 2 Motor Command: 424us, Post processing: 58us, Planner - Gather Input: 62us, Model: 5220us, Convert50Hz: 45us, Total: 5329us | HandCloseRatio: 1
Loop timing - LowState age: 1.836ms, Streaming data mean delay: 0ms, Streaming data std delay: 0ms, IMU age: 1.825ms, Obs: 383us, Policy: 222us, Obs 2 Motor Command: 605us, Post processing: 38us, Planner - Gather Input: 62us, Model: 5220us, Convert50Hz: 45us, Total: 5329us | HandCloseRatio: 1
Loop timing - LowState age: 0.89ms, Streaming data mean delay: 0ms, Streaming data std delay: 0ms, IMU age: 0.789ms, Obs: 345us, Policy: 214us, Obs 2 Motor Command: 559us, Post processing: 29us, Planner - Gather Input: 62us, Model: 5220us, Convert50Hz: 45us, Total: 5329us | HandCloseRatio: 1
Loop timing - LowState age: 1.107ms, Streaming data mean delay: 0ms, Streaming data std delay: 0ms, IMU age: 1.102ms, Obs: 220us, Policy: 211us, Obs 2 Motor Command: 431us, Post processing: 29us, Planner - Gather Input: 62us, Model: 5220us, Convert50Hz: 45us, Total: 5329us | HandCloseRatio: 1
Loop timing - LowState age: 3.815ms, Streaming data mean delay: 0ms, Streaming data std delay: 0ms, IMU age: 3.823ms, Obs: 312us, Policy: 271us, Obs 2 Motor Command: 584us, Post processing: 60us, Planner - Gather Input: 62us, Model: 5220us, Convert50Hz: 45us, Total: 5329us | HandCloseRatio: 1
Loop timing - LowState age: 1.637ms, Streaming data mean delay: 0ms, Streaming data std delay: 0ms, IMU age: 1.631ms, Obs: 234us, Policy: 206us, Obs 2 Motor Command: 440us, Post processing: 16us, Planner - Gather Input: 62us, Model: 5220us, Convert50Hz: 45us, Total: 5329us | HandCloseRatio: 1
Loop timing - LowState age: 3.471ms, Streaming data mean delay: 0ms, Streaming data std delay: 0ms, IMU age: 3.463ms, Obs: 238us, Policy: 203us, Obs 2 Motor Command: 441us, Post processing: 40us, Planner - Gather Input: 62us, Model: 5220us, Convert50Hz: 45us, Total: 5329us | HandCloseRatio: 1
Loop timing - LowState age: 3.82ms, Streaming data mean delay: 0ms, Streaming data std delay: 0ms, IMU age: 3.836ms, Obs: 268us, Policy: 214us, Obs 2 Motor Command: 482us, Post processing: 34us, Planner - Gather Input: 62us, Model: 5220us, Convert50Hz: 45us, Total: 5329us | HandCloseRatio: 1
Loop timing - LowState age: 1.722ms, Streaming data mean delay: 0ms, Streaming data std delay: 0ms, IMU age: 1.632ms, Obs: 219us, Policy: 204us, Obs 2 Motor Command: 423us, Post processing: 69us, Planner - Gather Input: 62us, Model: 5220us, Convert50Hz: 45us, Total: 5329us | HandCloseRatio: 1
Loop timing - LowState age: 6.85ms, Streaming data mean delay: 0ms, Streaming data std delay: 0ms, IMU age: 6.847ms, Obs: 1842us, Policy: 1210us, Obs 2 Motor Command: 3052us, Post processing: 40us, Planner - Gather Input: 62us, Model: 5220us, Convert50Hz: 45us, Total: 5329us | HandCloseRatio: 1
Loop timing - LowState age: 8.507ms, Streaming data mean delay: 0ms, Streaming data std delay: 0ms, IMU age: 8.509ms, Obs: 166us, Policy: 199us, Obs 2 Motor Command: 365us, Post processing: 17us, Planner - Gather Input: 62us, Model: 5220us, Convert50Hz: 45us, Total: 5329us | HandCloseRatio: 1
Loop timing - LowState age: 0.897ms, Streaming data mean delay: 0ms, Streaming data std delay: 0ms, IMU age: 0.89ms, Obs: 236us, Policy: 209us, Obs 2 Motor Command: 445us, Post processing: 49us, Planner - Gather Input: 62us, Model: 5220us, Convert50Hz: 45us, Total: 5329us | HandCloseRatio: 1
Loop timing - LowState age: 1.422ms, Streaming data mean delay: 0ms, Streaming data std delay: 0ms, IMU age: 1.324ms, Obs: 177us, Policy: 205us, Obs 2 Motor Command: 382us, Post processing: 21us, Planner - Gather Input: 62us, Model: 5220us, Convert50Hz: 45us, Total: 5329us | HandCloseRatio: 1
Loop timing - LowState age: 4.433ms, Streaming data mean delay: 0ms, Streaming data std delay: 0ms, IMU age: 4.427ms, Obs: 252us, Policy: 228us, Obs 2 Motor Command: 481us, Post processing: 23us, Planner - Gather Input: 62us, Model: 5220us, Convert50Hz: 45us, Total: 5329us | HandCloseRatio: 1
Loop timing - LowState age: 1.227ms, Streaming data mean delay: 0ms, Streaming data std delay: 0ms, IMU age: 1.239ms, Obs: 235us, Policy: 211us, Obs 2 Motor Command: 447us, Post processing: 72us, Planner - Gather Input: 62us, Model: 5220us, Convert50Hz: 45us, Total: 5329us | HandCloseRatio: 1
Loop timing - LowState age: 2.308ms, Streaming data mean delay: 0ms, Streaming data std delay: 0ms, IMU age: 2.291ms, Obs: 293us, Policy: 210us, Obs 2 Motor Command: 503us, Post processing: 29us, Planner - Gather Input: 62us, Model: 5220us, Convert50Hz: 45us, Total: 5329us | HandCloseRatio: 1
Loop timing - LowState age: 2.086ms, Streaming data mean delay: 0ms, Streaming data std delay: 0ms, IMU age: 2.105ms, Obs: 236us, Policy: 237us, Obs 2 Motor Command: 473us, Post processing: 28us, Planner - Gather Input: 62us, Model: 5220us, Convert50Hz: 45us, Total: 5329us | HandCloseRatio: 1
Loop timing - LowState age: 5.029ms, Streaming data mean delay: 0ms, Streaming data std delay: 0ms, IMU age: 4.976ms, Obs: 1625us, Policy: 1269us, Obs 2 Motor Command: 2894us, Post processing: 28us, Planner - Gather Input: 62us, Model: 5220us, Convert50Hz: 45us, Total: 5329us | HandCloseRatio: 1
Loop timing - LowState age: 5.86ms, Streaming data mean delay: 0ms, Streaming data std delay: 0ms, IMU age: 5.811ms, Obs: 189us, Policy: 206us, Obs 2 Motor Command: 396us, Post processing: 20us, Planner - Gather Input: 62us, Model: 5220us, Convert50Hz: 45us, Total: 5329us | HandCloseRatio: 1
Loop timing - LowState age: 2.969ms, Streaming data mean delay: 0ms, Streaming data std delay: 0ms, IMU age: 2.97ms, Obs: 1388us, Policy: 215us, Obs 2 Motor Command: 1604us, Post processing: 32us, Planner - Gather Input: 62us, Model: 5220us, Convert50Hz: 45us, Total: 5329us | HandCloseRatio: 1
Loop timing - LowState age: 13.443ms, Streaming data mean delay: 0ms, Streaming data std delay: 0ms, IMU age: 13.431ms, Obs: 301us, Policy: 217us, Obs 2 Motor Command: 518us, Post processing: 35us, Planner - Gather Input: 62us, Model: 5220us, Convert50Hz: 45us, Total: 5329us | HandCloseRatio: 1
Loop timing - LowState age: 1.348ms, Streaming data mean delay: 0ms, Streaming data std delay: 0ms, IMU age: 1.342ms, Obs: 294us, Policy: 274us, Obs 2 Motor Command: 568us, Post processing: 25us, Planner - Gather Input: 62us, Model: 5220us, Convert50Hz: 45us, Total: 5329us | HandCloseRatio: 1
Loop timing - LowState age: 1.263ms, Streaming data mean delay: 0ms, Streaming data std delay: 0ms, IMU age: 1.175ms, Obs: 265us, Policy: 221us, Obs 2 Motor Command: 486us, Post processing: 22us, Planner - Gather Input: 62us, Model: 5220us, Convert50Hz: 45us, Total: 5329us | HandCloseRatio: 1
Loop timing - LowState age: 3.483ms, Streaming data mean delay: 0ms, Streaming data std delay: 0ms, IMU age: 3.43ms, Obs: 307us, Policy: 210us, Obs 2 Motor Command: 518us, Post processing: 27us, Planner - Gather Input: 62us, Model: 5220us, Convert50Hz: 45us, Total: 5329us | HandCloseRatio: 1
Loop timing - LowState age: 1.37ms, Streaming data mean delay: 0ms, Streaming data std delay: 0ms, IMU age: 1.332ms, Obs: 323us, Policy: 222us, Obs 2 Motor Command: 545us, Post processing: 43us, Planner - Gather Input: 62us, Model: 5220us, Convert50Hz: 45us, Total: 5329us | HandCloseRatio: 1
Loop timing - LowState age: 4.176ms, Streaming data mean delay: 0ms, Streaming data std delay: 0ms, IMU age: 4.173ms, Obs: 219us, Policy: 198us, Obs 2 Motor Command: 417us, Post processing: 14us, Planner - Gather Input: 62us, Model: 5220us, Convert50Hz: 45us, Total: 5329us | HandCloseRatio: 1
Loop timing - LowState age: 1.855ms, Streaming data mean delay: 0ms, Streaming data std delay: 0ms, IMU age: 1.797ms, Obs: 183us, Policy: 205us, Obs 2 Motor Command: 388us, Post processing: 19us, Planner - Gather Input: 62us, Model: 5220us, Convert50Hz: 45us, Total: 5329us | HandCloseRatio: 1
Loop timing - LowState age: 2.249ms, Streaming data mean delay: 0ms, Streaming data std delay: 0ms, IMU age: 2.227ms, Obs: 241us, Policy: 204us, Obs 2 Motor Command: 445us, Post processing: 18us, Planner - Gather Input: 62us, Model: 5220us, Convert50Hz: 45us, Total: 5329us | HandCloseRatio: 1
Loop timing - LowState age: 5.138ms, Streaming data mean delay: 0ms, Streaming data std delay: 0ms, IMU age: 5.118ms, Obs: 174us, Policy: 201us, Obs 2 Motor Command: 375us, Post processing: 16us, Planner - Gather Input: 62us, Model: 5220us, Convert50Hz: 45us, Total: 5329us | HandCloseRatio: 1
Loop timing - LowState age: 1.857ms, Streaming data mean delay: 0ms, Streaming data std delay: 0ms, IMU age: 1.802ms, Obs: 238us, Policy: 208us, Obs 2 Motor Command: 447us, Post processing: 17us, Planner - Gather Input: 62us, Model: 5220us, Convert50Hz: 45us, Total: 5329us | HandCloseRatio: 1
Loop timing - LowState age: 5.475ms, Streaming data mean delay: 0ms, Streaming data std delay: 0ms, IMU age: 5.44ms, Obs: 1345us, Policy: 218us, Obs 2 Motor Command: 1564us, Post processing: 27us, Planner - Gather Input: 62us, Model: 5220us, Convert50Hz: 45us, Total: 5329us | HandCloseRatio: 1
Loop timing - LowState age: 1.66ms, Streaming data mean delay: 0ms, Streaming data std delay: 0ms, IMU age: 1.568ms, Obs: 282us, Policy: 218us, Obs 2 Motor Command: 501us, Post processing: 37us, Planner - Gather Input: 62us, Model: 5220us, Convert50Hz: 45us, Total: 5329us | HandCloseRatio: 1
Loop timing - LowState age: 1.388ms, Streaming data mean delay: 0ms, Streaming data std delay: 0ms, IMU age: 1.39ms, Obs: 220us, Policy: 204us, Obs 2 Motor Command: 424us, Post processing: 63us, Planner - Gather Input: 62us, Model: 5220us, Convert50Hz: 45us, Total: 5329us | HandCloseRatio: 1
Loop timing - LowState age: 3.45ms, Streaming data mean delay: 0ms, Streaming data std delay: 0ms, IMU age: 3.438ms, Obs: 305us, Policy: 214us, Obs 2 Motor Command: 520us, Post processing: 26us, Planner - Gather Input: 62us, Model: 5220us, Convert50Hz: 45us, Total: 5329us | HandCloseRatio: 1
Loop timing - LowState age: 2.4ms, Streaming data mean delay: 0ms, Streaming data std delay: 0ms, IMU age: 2.393ms, Obs: 230us, Policy: 199us, Obs 2 Motor Command: 429us, Post processing: 17us, Planner - Gather Input: 62us, Model: 5220us, Convert50Hz: 45us, Total: 5329us | HandCloseRatio: 1
Loop timing - LowState age: 3.472ms, Streaming data mean delay: 0ms, Streaming data std delay: 0ms, IMU age: 3.411ms, Obs: 234us, Policy: 204us, Obs 2 Motor Command: 438us, Post processing: 55us, Planner - Gather Input: 62us, Model: 5220us, Convert50Hz: 45us, Total: 5329us | HandCloseRatio: 1
Loop timing - LowState age: 1.032ms, Streaming data mean delay: 0ms, Streaming data std delay: 0ms, IMU age: 1.022ms, Obs: 204us, Policy: 204us, Obs 2 Motor Command: 408us, Post processing: 23us, Planner - Gather Input: 62us, Model: 5220us, Convert50Hz: 45us, Total: 5329us | HandCloseRatio: 1
Loop timing - LowState age: 12.853ms, Streaming data mean delay: 0ms, Streaming data std delay: 0ms, IMU age: 12.83ms, Obs: 218us, Policy: 211us, Obs 2 Motor Command: 430us, Post processing: 50us, Planner - Gather Input: 62us, Model: 5220us, Convert50Hz: 45us, Total: 5329us | HandCloseRatio: 1
Loop timing - LowState age: 1.668ms, Streaming data mean delay: 0ms, Streaming data std delay: 0ms, IMU age: 1.595ms, Obs: 164us, Policy: 199us, Obs 2 Motor Command: 363us, Post processing: 15us, Planner - Gather Input: 62us, Model: 5220us, Convert50Hz: 45us, Total: 5329us | HandCloseRatio: 1
Loop timing - LowState age: 5.195ms, Streaming data mean delay: 0ms, Streaming data std delay: 0ms, IMU age: 5.089ms, Obs: 206us, Policy: 212us, Obs 2 Motor Command: 418us, Post processing: 52us, Planner - Gather Input: 62us, Model: 5220us, Convert50Hz: 45us, Total: 5329us | HandCloseRatio: 1
Loop timing - LowState age: 3.067ms, Streaming data mean delay: 0ms, Streaming data std delay: 0ms, IMU age: 3.044ms, Obs: 545us, Policy: 220us, Obs 2 Motor Command: 765us, Post processing: 32us, Planner - Gather Input: 62us, Model: 5220us, Convert50Hz: 45us, Total: 5329us | HandCloseRatio: 1
Loop timing - LowState age: 3.489ms, Streaming data mean delay: 0ms, Streaming data std delay: 0ms, IMU age: 3.495ms, Obs: 240us, Policy: 209us, Obs 2 Motor Command: 450us, Post processing: 57us, Planner - Gather Input: 62us, Model: 5220us, Convert50Hz: 45us, Total: 5329us | HandCloseRatio: 1
Loop timing - LowState age: 5.446ms, Streaming data mean delay: 0ms, Streaming data std delay: 0ms, IMU age: 5.426ms, Obs: 210us, Policy: 213us, Obs 2 Motor Command: 423us, Post processing: 20us, Planner - Gather Input: 62us, Model: 5220us, Convert50Hz: 45us, Total: 5329us | HandCloseRatio: 1
Loop timing - LowState age: 3.421ms, Streaming data mean delay: 0ms, Streaming data std delay: 0ms, IMU age: 3.401ms, Obs: 217us, Policy: 209us, Obs 2 Motor Command: 427us, Post processing: 19us, Planner - Gather Input: 62us, Model: 5220us, Convert50Hz: 45us, Total: 5329us | HandCloseRatio: 1
Loop timing - LowState age: 11.692ms, Streaming data mean delay: 0ms, Streaming data std delay: 0ms, IMU age: 11.692ms, Obs: 248us, Policy: 202us, Obs 2 Motor Command: 450us, Post processing: 18us, Planner - Gather Input: 62us, Model: 5220us, Convert50Hz: 45us, Total: 5329us | HandCloseRatio: 1
Loop timing - LowState age: 3.492ms, Streaming data mean delay: 0ms, Streaming data std delay: 0ms, IMU age: 3.472ms, Obs: 223us, Policy: 206us, Obs 2 Motor Command: 430us, Post processing: 49us, Planner - Gather Input: 62us, Model: 5220us, Convert50Hz: 45us, Total: 5329us | HandCloseRatio: 1
Loop timing - LowState age: 3.349ms, Streaming data mean delay: 0ms, Streaming data std delay: 0ms, IMU age: 3.305ms, Obs: 311us, Policy: 209us, Obs 2 Motor Command: 520us, Post processing: 29us, Planner - Gather Input: 62us, Model: 5220us, Convert50Hz: 45us, Total: 5329us | HandCloseRatio: 1
Loop timing - LowState age: 0.507ms, Streaming data mean delay: 0ms, Streaming data std delay: 0ms, IMU age: 2.639ms, Obs: 227us, Policy: 207us, Obs 2 Motor Command: 434us, Post processing: 26us, Planner - Gather Input: 62us, Model: 5220us, Convert50Hz: 45us, Total: 5329us | HandCloseRatio: 1
Loop timing - LowState age: 1.017ms, Streaming data mean delay: 0ms, Streaming data std delay: 0ms, IMU age: 0.998ms, Obs: 239us, Policy: 201us, Obs 2 Motor Command: 440us, Post processing: 19us, Planner - Gather Input: 62us, Model: 5220us, Convert50Hz: 45us, Total: 5329us | HandCloseRatio: 1
Loop timing - LowState age: 1.146ms, Streaming data mean delay: 0ms, Streaming data std delay: 0ms, IMU age: 1.137ms, Obs: 249us, Policy: 233us, Obs 2 Motor Command: 483us, Post processing: 29us, Planner - Gather Input: 62us, Model: 5220us, Convert50Hz: 45us, Total: 5329us | HandCloseRatio: 1
Loop timing - LowState age: 5.677ms, Streaming data mean delay: 0ms, Streaming data std delay: 0ms, IMU age: 5.615ms, Obs: 351us, Policy: 223us, Obs 2 Motor Command: 575us, Post processing: 43us, Planner - Gather Input: 62us, Model: 5220us, Convert50Hz: 45us, Total: 5329us | HandCloseRatio: 1
Loop timing - LowState age: 4.065ms, Streaming data mean delay: 0ms, Streaming data std delay: 0ms, IMU age: 4.076ms, Obs: 217us, Policy: 204us, Obs 2 Motor Command: 421us, Post processing: 28us, Planner - Gather Input: 62us, Model: 5220us, Convert50Hz: 45us, Total: 5329us | HandCloseRatio: 1
Loop timing - LowState age: 17.527ms, Streaming data mean delay: 0ms, Streaming data std delay: 0ms, IMU age: 17.449ms, Obs: 276us, Policy: 214us, Obs 2 Motor Command: 491us, Post processing: 23us, Planner - Gather Input: 62us, Model: 5220us, Convert50Hz: 45us, Total: 5329us | HandCloseRatio: 1
Loop timing - LowState age: 6.03ms, Streaming data mean delay: 0ms, Streaming data std delay: 0ms, IMU age: 5.95ms, Obs: 169us, Policy: 203us, Obs 2 Motor Command: 372us, Post processing: 19us, Planner - Gather Input: 62us, Model: 5220us, Convert50Hz: 45us, Total: 5329us | HandCloseRatio: 1
Loop timing - LowState age: 1.873ms, Streaming data mean delay: 0ms, Streaming data std delay: 0ms, IMU age: 1.872ms, Obs: 184us, Policy: 205us, Obs 2 Motor Command: 390us, Post processing: 19us, Planner - Gather Input: 62us, Model: 5220us, Convert50Hz: 45us, Total: 5329us | HandCloseRatio: 1
Loop timing - LowState age: 0.75ms, Streaming data mean delay: 0ms, Streaming data std delay: 0ms, IMU age: 0.743ms, Obs: 235us, Policy: 206us, Obs 2 Motor Command: 441us, Post processing: 76us, Planner - Gather Input: 62us, Model: 5220us, Convert50Hz: 45us, Total: 5329us | HandCloseRatio: 1
Loop timing - LowState age: 1.896ms, Streaming data mean delay: 0ms, Streaming data std delay: 0ms, IMU age: 1.799ms, Obs: 165us, Policy: 204us, Obs 2 Motor Command: 370us, Post processing: 18us, Planner - Gather Input: 62us, Model: 5220us, Convert50Hz: 45us, Total: 5329us | HandCloseRatio: 1
Loop timing - LowState age: 1.69ms, Streaming data mean delay: 0ms, Streaming data std delay: 0ms, IMU age: 1.679ms, Obs: 266us, Policy: 211us, Obs 2 Motor Command: 477us, Post processing: 30us, Planner - Gather Input: 62us, Model: 5220us, Convert50Hz: 45us, Total: 5329us | HandCloseRatio: 1
Loop timing - LowState age: 7.62ms, Streaming data mean delay: 0ms, Streaming data std delay: 0ms, IMU age: 7.553ms, Obs: 203us, Policy: 203us, Obs 2 Motor Command: 407us, Post processing: 20us, Planner - Gather Input: 62us, Model: 5220us, Convert50Hz: 45us, Total: 5329us | HandCloseRatio: 1
Loop timing - LowState age: 0.758ms, Streaming data mean delay: 0ms, Streaming data std delay: 0ms, IMU age: 0.733ms, Obs: 264us, Policy: 227us, Obs 2 Motor Command: 492us, Post processing: 27us, Planner - Gather Input: 62us, Model: 5220us, Convert50Hz: 45us, Total: 5329us | HandCloseRatio: 1
Loop timing - LowState age: 21.269ms, Streaming data mean delay: 0ms, Streaming data std delay: 0ms, IMU age: 21.218ms, Obs: 537us, Policy: 243us, Obs 2 Motor Command: 780us, Post processing: 40us, Planner - Gather Input: 62us, Model: 5220us, Convert50Hz: 45us, Total: 5329us | HandCloseRatio: 1
Loop timing - LowState age: 0.765ms, Streaming data mean delay: 0ms, Streaming data std delay: 0ms, IMU age: 0.649ms, Obs: 186us, Policy: 199us, Obs 2 Motor Command: 386us, Post processing: 18us, Planner - Gather Input: 62us, Model: 5220us, Convert50Hz: 45us, Total: 5329us | HandCloseRatio: 1
Loop timing - LowState age: 4.542ms, Streaming data mean delay: 0ms, Streaming data std delay: 0ms, IMU age: 4.48ms, Obs: 257us, Policy: 210us, Obs 2 Motor Command: 467us, Post processing: 20us, Planner - Gather Input: 62us, Model: 5220us, Convert50Hz: 45us, Total: 5329us | HandCloseRatio: 1
Loop timing - LowState age: 1.99ms, Streaming data mean delay: 0ms, Streaming data std delay: 0ms, IMU age: 1.934ms, Obs: 195us, Policy: 205us, Obs 2 Motor Command: 401us, Post processing: 23us, Planner - Gather Input: 62us, Model: 5220us, Convert50Hz: 45us, Total: 5329us | HandCloseRatio: 1
Loop timing - LowState age: 10.953ms, Streaming data mean delay: 0ms, Streaming data std delay: 0ms, IMU age: 10.923ms, Obs: 195us, Policy: 200us, Obs 2 Motor Command: 395us, Post processing: 18us, Planner - Gather Input: 62us, Model: 5220us, Convert50Hz: 45us, Total: 5329us | HandCloseRatio: 1
Loop timing - LowState age: 3.533ms, Streaming data mean delay: 0ms, Streaming data std delay: 0ms, IMU age: 3.515ms, Obs: 264us, Policy: 237us, Obs 2 Motor Command: 502us, Post processing: 31us, Planner - Gather Input: 62us, Model: 5220us, Convert50Hz: 45us, Total: 5329us | HandCloseRatio: 1
Loop timing - LowState age: 6.301ms, Streaming data mean delay: 0ms, Streaming data std delay: 0ms, IMU age: 6.321ms, Obs: 289us, Policy: 207us, Obs 2 Motor Command: 497us, Post processing: 29us, Planner - Gather Input: 62us, Model: 5220us, Convert50Hz: 45us, Total: 5329us | HandCloseRatio: 1
Loop timing - LowState age: 0.563ms, Streaming data mean delay: 0ms, Streaming data std delay: 0ms, IMU age: 0.563ms, Obs: 236us, Policy: 210us, Obs 2 Motor Command: 446us, Post processing: 67us, Planner - Gather Input: 62us, Model: 5220us, Convert50Hz: 45us, Total: 5329us | HandCloseRatio: 1
Loop timing - LowState age: 1.415ms, Streaming data mean delay: 0ms, Streaming data std delay: 0ms, IMU age: 1.406ms, Obs: 158us, Policy: 197us, Obs 2 Motor Command: 355us, Post processing: 15us, Planner - Gather Input: 62us, Model: 5220us, Convert50Hz: 45us, Total: 5329us | HandCloseRatio: 1
Loop timing - LowState age: 3.812ms, Streaming data mean delay: 0ms, Streaming data std delay: 0ms, IMU age: 3.779ms, Obs: 310us, Policy: 209us, Obs 2 Motor Command: 520us, Post processing: 30us, Planner - Gather Input: 62us, Model: 5220us, Convert50Hz: 45us, Total: 5329us | HandCloseRatio: 1
Loop timing - LowState age: 0.995ms, Streaming data mean delay: 0ms, Streaming data std delay: 0ms, IMU age: 0.98ms, Obs: 312us, Policy: 214us, Obs 2 Motor Command: 527us, Post processing: 28us, Planner - Gather Input: 62us, Model: 5220us, Convert50Hz: 45us, Total: 5329us | HandCloseRatio: 1
Loop timing - LowState age: 1.514ms, Streaming data mean delay: 0ms, Streaming data std delay: 0ms, IMU age: 1.506ms, Obs: 354us, Policy: 215us, Obs 2 Motor Command: 569us, Post processing: 30us, Planner - Gather Input: 62us, Model: 5220us, Convert50Hz: 45us, Total: 5329us | HandCloseRatio: 1
Loop timing - LowState age: 1.003ms, Streaming data mean delay: 0ms, Streaming data std delay: 0ms, IMU age: 0.639ms, Obs: 309us, Policy: 209us, Obs 2 Motor Command: 518us, Post processing: 28us, Planner - Gather Input: 62us, Model: 5220us, Convert50Hz: 45us, Total: 5329us | HandCloseRatio: 1
Loop timing - LowState age: 3.53ms, Streaming data mean delay: 0ms, Streaming data std delay: 0ms, IMU age: 3.459ms, Obs: 227us, Policy: 211us, Obs 2 Motor Command: 438us, Post processing: 55us, Planner - Gather Input: 62us, Model: 5220us, Convert50Hz: 45us, Total: 5329us | HandCloseRatio: 1
Loop timing - LowState age: 2.847ms, Streaming data mean delay: 0ms, Streaming data std delay: 0ms, IMU age: 2.832ms, Obs: 316us, Policy: 209us, Obs 2 Motor Command: 526us, Post processing: 27us, Planner - Gather Input: 62us, Model: 5220us, Convert50Hz: 45us, Total: 5329us | HandCloseRatio: 1
Loop timing - LowState age: 2.368ms, Streaming data mean delay: 0ms, Streaming data std delay: 0ms, IMU age: 2.346ms, Obs: 241us, Policy: 206us, Obs 2 Motor Command: 447us, Post processing: 64us, Planner - Gather Input: 62us, Model: 5220us, Convert50Hz: 45us, Total: 5329us | HandCloseRatio: 1
Loop timing - LowState age: 5.132ms, Streaming data mean delay: 0ms, Streaming data std delay: 0ms, IMU age: 5.006ms, Obs: 312us, Policy: 2635us, Obs 2 Motor Command: 2948us, Post processing: 32us, Planner - Gather Input: 62us, Model: 5220us, Convert50Hz: 45us, Total: 5329us | HandCloseRatio: 1
Loop timing - LowState age: 0.537ms, Streaming data mean delay: 0ms, Streaming data std delay: 0ms, IMU age: 0.535ms, Obs: 238us, Policy: 207us, Obs 2 Motor Command: 446us, Post processing: 58us, Planner - Gather Input: 62us, Model: 5220us, Convert50Hz: 45us, Total: 5329us | HandCloseRatio: 1
Loop timing - LowState age: 2.241ms, Streaming data mean delay: 0ms, Streaming data std delay: 0ms, IMU age: 2.223ms, Obs: 268us, Policy: 222us, Obs 2 Motor Command: 490us, Post processing: 19us, Planner - Gather Input: 62us, Model: 5220us, Convert50Hz: 45us, Total: 5329us | HandCloseRatio: 1
Loop timing - LowState age: 2.158ms, Streaming data mean delay: 0ms, Streaming data std delay: 0ms, IMU age: 2.161ms, Obs: 313us, Policy: 209us, Obs 2 Motor Command: 523us, Post processing: 31us, Planner - Gather Input: 62us, Model: 5220us, Convert50Hz: 45us, Total: 5329us | HandCloseRatio: 1
Loop timing - LowState age: 9.442ms, Streaming data mean delay: 0ms, Streaming data std delay: 0ms, IMU age: 9.424ms, Obs: 240us, Policy: 280us, Obs 2 Motor Command: 520us, Post processing: 18us, Planner - Gather Input: 62us, Model: 5220us, Convert50Hz: 45us, Total: 5329us | HandCloseRatio: 1
Loop timing - LowState age: 0.542ms, Streaming data mean delay: 0ms, Streaming data std delay: 0ms, IMU age: 0.543ms, Obs: 236us, Policy: 212us, Obs 2 Motor Command: 449us, Post processing: 61us, Planner - Gather Input: 62us, Model: 5220us, Convert50Hz: 45us, Total: 5329us | HandCloseRatio: 1
Loop timing - LowState age: 0.85ms, Streaming data mean delay: 0ms, Streaming data std delay: 0ms, IMU age: 0.761ms, Obs: 168us, Policy: 198us, Obs 2 Motor Command: 366us, Post processing: 15us, Planner - Gather Input: 62us, Model: 5220us, Convert50Hz: 45us, Total: 5329us | HandCloseRatio: 1
Loop timing - LowState age: 1.803ms, Streaming data mean delay: 0ms, Streaming data std delay: 0ms, IMU age: 1.825ms, Obs: 234us, Policy: 207us, Obs 2 Motor Command: 441us, Post processing: 18us, Planner - Gather Input: 62us, Model: 5220us, Convert50Hz: 45us, Total: 5329us | HandCloseRatio: 1
Loop timing - LowState age: 2.486ms, Streaming data mean delay: 0ms, Streaming data std delay: 0ms, IMU age: 2.447ms, Obs: 255us, Policy: 229us, Obs 2 Motor Command: 484us, Post processing: 27us, Planner - Gather Input: 62us, Model: 5220us, Convert50Hz: 45us, Total: 5329us | HandCloseRatio: 1
Loop timing - LowState age: 1.895ms, Streaming data mean delay: 0ms, Streaming data std delay: 0ms, IMU age: 1.817ms, Obs: 208us, Policy: 204us, Obs 2 Motor Command: 412us, Post processing: 25us, Planner - Gather Input: 62us, Model: 5220us, Convert50Hz: 45us, Total: 5329us | HandCloseRatio: 1
Loop timing - LowState age: 5.508ms, Streaming data mean delay: 0ms, Streaming data std delay: 0ms, IMU age: 5.439ms, Obs: 226us, Policy: 201us, Obs 2 Motor Command: 427us, Post processing: 14us, Planner - Gather Input: 62us, Model: 5220us, Convert50Hz: 45us, Total: 5329us | HandCloseRatio: 1
Loop timing - LowState age: 3.134ms, Streaming data mean delay: 0ms, Streaming data std delay: 0ms, IMU age: 3.106ms, Obs: 259us, Policy: 222us, Obs 2 Motor Command: 481us, Post processing: 30us, Planner - Gather Input: 62us, Model: 5220us, Convert50Hz: 45us, Total: 5329us | HandCloseRatio: 1
Loop timing - LowState age: 10.586ms, Streaming data mean delay: 0ms, Streaming data std delay: 0ms, IMU age: 10.563ms, Obs: 213us, Policy: 203us, Obs 2 Motor Command: 416us, Post processing: 27us, Planner - Gather Input: 62us, Model: 5220us, Convert50Hz: 45us, Total: 5329us | HandCloseRatio: 1
Loop timing - LowState age: 7.099ms, Streaming data mean delay: 0ms, Streaming data std delay: 0ms, IMU age: 7.095ms, Obs: 237us, Policy: 219us, Obs 2 Motor Command: 457us, Post processing: 75us, Planner - Gather Input: 62us, Model: 5220us, Convert50Hz: 45us, Total: 5329us | HandCloseRatio: 1
Loop timing - LowState age: 1.127ms, Streaming data mean delay: 0ms, Streaming data std delay: 0ms, IMU age: 1.117ms, Obs: 215us, Policy: 210us, Obs 2 Motor Command: 425us, Post processing: 58us, Planner - Gather Input: 62us, Model: 5220us, Convert50Hz: 45us, Total: 5329us | HandCloseRatio: 1
Loop timing - LowState age: 1.566ms, Streaming data mean delay: 0ms, Streaming data std delay: 0ms, IMU age: 1.464ms, Obs: 226us, Policy: 205us, Obs 2 Motor Command: 431us, Post processing: 57us, Planner - Gather Input: 62us, Model: 5220us, Convert50Hz: 45us, Total: 5329us | HandCloseRatio: 1
Loop timing - LowState age: 9.832ms, Streaming data mean delay: 0ms, Streaming data std delay: 0ms, IMU age: 9.745ms, Obs: 305us, Policy: 218us, Obs 2 Motor Command: 524us, Post processing: 30us, Planner - Gather Input: 62us, Model: 5220us, Convert50Hz: 45us, Total: 5329us | HandCloseRatio: 1
Loop timing - LowState age: 1.921ms, Streaming data mean delay: 0ms, Streaming data std delay: 0ms, IMU age: 1.884ms, Obs: 161us, Policy: 198us, Obs 2 Motor Command: 360us, Post processing: 17us, Planner - Gather Input: 62us, Model: 5220us, Convert50Hz: 45us, Total: 5329us | HandCloseRatio: 1
Loop timing - LowState age: 8.937ms, Streaming data mean delay: 0ms, Streaming data std delay: 0ms, IMU age: 8.814ms, Obs: 180us, Policy: 203us, Obs 2 Motor Command: 383us, Post processing: 19us, Planner - Gather Input: 62us, Model: 5220us, Convert50Hz: 45us, Total: 5329us | HandCloseRatio: 1
Loop timing - LowState age: 12.562ms, Streaming data mean delay: 0ms, Streaming data std delay: 0ms, IMU age: 12.539ms, Obs: 285us, Policy: 213us, Obs 2 Motor Command: 499us, Post processing: 27us, Planner - Gather Input: 62us, Model: 5220us, Convert50Hz: 45us, Total: 5329us | HandCloseRatio: 1
Loop timing - LowState age: 1.76ms, Streaming data mean delay: 0ms, Streaming data std delay: 0ms, IMU age: 1.73ms, Obs: 222us, Policy: 208us, Obs 2 Motor Command: 430us, Post processing: 55us, Planner - Gather Input: 62us, Model: 5220us, Convert50Hz: 45us, Total: 5329us | HandCloseRatio: 1
Loop timing - LowState age: 7.004ms, Streaming data mean delay: 0ms, Streaming data std delay: 0ms, IMU age: 6.985ms, Obs: 236us, Policy: 211us, Obs 2 Motor Command: 447us, Post processing: 59us, Planner - Gather Input: 62us, Model: 5220us, Convert50Hz: 45us, Total: 5329us | HandCloseRatio: 1
Loop timing - LowState age: 2.636ms, Streaming data mean delay: 0ms, Streaming data std delay: 0ms, IMU age: 2.62ms, Obs: 240us, Policy: 209us, Obs 2 Motor Command: 449us, Post processing: 62us, Planner - Gather Input: 62us, Model: 5220us, Convert50Hz: 45us, Total: 5329us | HandCloseRatio: 1
Loop timing - LowState age: 8.036ms, Streaming data mean delay: 0ms, Streaming data std delay: 0ms, IMU age: 7.927ms, Obs: 245us, Policy: 206us, Obs 2 Motor Command: 451us, Post processing: 55us, Planner - Gather Input: 62us, Model: 5220us, Convert50Hz: 45us, Total: 5329us | HandCloseRatio: 1
Loop timing - LowState age: 2.972ms, Streaming data mean delay: 0ms, Streaming data std delay: 0ms, IMU age: 2.98ms, Obs: 302us, Policy: 1527us, Obs 2 Motor Command: 1830us, Post processing: 30us, Planner - Gather Input: 62us, Model: 5220us, Convert50Hz: 45us, Total: 5329us | HandCloseRatio: 1
Loop timing - LowState age: 1.752ms, Streaming data mean delay: 0ms, Streaming data std delay: 0ms, IMU age: 1.751ms, Obs: 253us, Policy: 210us, Obs 2 Motor Command: 463us, Post processing: 16us, Planner - Gather Input: 62us, Model: 5220us, Convert50Hz: 45us, Total: 5329us | HandCloseRatio: 1
Loop timing - LowState age: 1.173ms, Streaming data mean delay: 0ms, Streaming data std delay: 0ms, IMU age: 1.162ms, Obs: 185us, Policy: 200us, Obs 2 Motor Command: 385us, Post processing: 16us, Planner - Gather Input: 62us, Model: 5220us, Convert50Hz: 45us, Total: 5329us | HandCloseRatio: 1
Loop timing - LowState age: 0.79ms, Streaming data mean delay: 0ms, Streaming data std delay: 0ms, IMU age: 0.81ms, Obs: 174us, Policy: 207us, Obs 2 Motor Command: 382us, Post processing: 21us, Planner - Gather Input: 62us, Model: 5220us, Convert50Hz: 45us, Total: 5329us | HandCloseRatio: 1
Loop timing - LowState age: 0.68ms, Streaming data mean delay: 0ms, Streaming data std delay: 0ms, IMU age: 1.164ms, Obs: 305us, Policy: 219us, Obs 2 Motor Command: 525us, Post processing: 31us, Planner - Gather Input: 62us, Model: 5220us, Convert50Hz: 45us, Total: 5329us | HandCloseRatio: 1
Loop timing - LowState age: 2.437ms, Streaming data mean delay: 0ms, Streaming data std delay: 0ms, IMU age: 2.436ms, Obs: 159us, Policy: 203us, Obs 2 Motor Command: 362us, Post processing: 17us, Planner - Gather Input: 62us, Model: 5220us, Convert50Hz: 45us, Total: 5329us | HandCloseRatio: 1
Loop timing - LowState age: 12.511ms, Streaming data mean delay: 0ms, Streaming data std delay: 0ms, IMU age: 12.517ms, Obs: 343us, Policy: 216us, Obs 2 Motor Command: 560us, Post processing: 43us, Planner - Gather Input: 62us, Model: 5220us, Convert50Hz: 45us, Total: 5329us | HandCloseRatio: 1
Loop timing - LowState age: 4.219ms, Streaming data mean delay: 0ms, Streaming data std delay: 0ms, IMU age: 4.223ms, Obs: 198us, Policy: 209us, Obs 2 Motor Command: 407us, Post processing: 24us, Planner - Gather Input: 62us, Model: 5220us, Convert50Hz: 45us, Total: 5329us | HandCloseRatio: 1
Loop timing - LowState age: 7.33ms, Streaming data mean delay: 0ms, Streaming data std delay: 0ms, IMU age: 7.308ms, Obs: 248us, Policy: 210us, Obs 2 Motor Command: 458us, Post processing: 35us, Planner - Gather Input: 62us, Model: 5220us, Convert50Hz: 45us, Total: 5329us | HandCloseRatio: 1
Loop timing - LowState age: 8.907ms, Streaming data mean delay: 0ms, Streaming data std delay: 0ms, IMU age: 8.905ms, Obs: 251us, Policy: 208us, Obs 2 Motor Command: 459us, Post processing: 65us, Planner - Gather Input: 62us, Model: 5220us, Convert50Hz: 45us, Total: 5329us | HandCloseRatio: 1
Loop timing - LowState age: 1.67ms, Streaming data mean delay: 0ms, Streaming data std delay: 0ms, IMU age: 1.592ms, Obs: 199us, Policy: 203us, Obs 2 Motor Command: 402us, Post processing: 23us, Planner - Gather Input: 62us, Model: 5220us, Convert50Hz: 45us, Total: 5329us | HandCloseRatio: 1
Loop timing - LowState age: 3.017ms, Streaming data mean delay: 0ms, Streaming data std delay: 0ms, IMU age: 3.019ms, Obs: 183us, Policy: 206us, Obs 2 Motor Command: 390us, Post processing: 19us, Planner - Gather Input: 62us, Model: 5220us, Convert50Hz: 45us, Total: 5329us | HandCloseRatio: 1
Loop timing - LowState age: 0.793ms, Streaming data mean delay: 0ms, Streaming data std delay: 0ms, IMU age: 0.76ms, Obs: 209us, Policy: 204us, Obs 2 Motor Command: 414us, Post processing: 24us, Planner - Gather Input: 62us, Model: 5220us, Convert50Hz: 45us, Total: 5329us | HandCloseRatio: 1
Loop timing - LowState age: 3.984ms, Streaming data mean delay: 0ms, Streaming data std delay: 0ms, IMU age: 3.973ms, Obs: 179us, Policy: 204us, Obs 2 Motor Command: 384us, Post processing: 17us, Planner - Gather Input: 62us, Model: 5220us, Convert50Hz: 45us, Total: 5329us | HandCloseRatio: 1
Loop timing - LowState age: 1.965ms, Streaming data mean delay: 0ms, Streaming data std delay: 0ms, IMU age: 1.926ms, Obs: 157us, Policy: 200us, Obs 2 Motor Command: 358us, Post processing: 16us, Planner - Gather Input: 62us, Model: 5220us, Convert50Hz: 45us, Total: 5329us | HandCloseRatio: 1
Loop timing - LowState age: 6.051ms, Streaming data mean delay: 0ms, Streaming data std delay: 0ms, IMU age: 5.985ms, Obs: 166us, Policy: 207us, Obs 2 Motor Command: 373us, Post processing: 19us, Planner - Gather Input: 62us, Model: 5220us, Convert50Hz: 45us, Total: 5329us | HandCloseRatio: 1
Loop timing - LowState age: 3.838ms, Streaming data mean delay: 0ms, Streaming data std delay: 0ms, IMU age: 3.797ms, Obs: 160us, Policy: 204us, Obs 2 Motor Command: 364us, Post processing: 15us, Planner - Gather Input: 62us, Model: 5220us, Convert50Hz: 45us, Total: 5329us | HandCloseRatio: 1
Loop timing - LowState age: 1.411ms, Streaming data mean delay: 0ms, Streaming data std delay: 0ms, IMU age: 1.345ms, Obs: 245us, Policy: 236us, Obs 2 Motor Command: 482us, Post processing: 29us, Planner - Gather Input: 62us, Model: 5220us, Convert50Hz: 45us, Total: 5329us | HandCloseRatio: 1
Loop timing - LowState age: 15.559ms, Streaming data mean delay: 0ms, Streaming data std delay: 0ms, IMU age: 15.526ms, Obs: 928us, Policy: 215us, Obs 2 Motor Command: 1143us, Post processing: 24us, Planner - Gather Input: 62us, Model: 5220us, Convert50Hz: 45us, Total: 5329us | HandCloseRatio: 1
Loop timing - LowState age: 3.718ms, Streaming data mean delay: 0ms, Streaming data std delay: 0ms, IMU age: 3.645ms, Obs: 322us, Policy: 211us, Obs 2 Motor Command: 533us, Post processing: 29us, Planner - Gather Input: 62us, Model: 5220us, Convert50Hz: 45us, Total: 5329us | HandCloseRatio: 1
Loop timing - LowState age: 0.602ms, Streaming data mean delay: 0ms, Streaming data std delay: 0ms, IMU age: 0.593ms, Obs: 232us, Policy: 208us, Obs 2 Motor Command: 441us, Post processing: 55us, Planner - Gather Input: 62us, Model: 5220us, Convert50Hz: 45us, Total: 5329us | HandCloseRatio: 1
Loop timing - LowState age: 1.449ms, Streaming data mean delay: 0ms, Streaming data std delay: 0ms, IMU age: 1.381ms, Obs: 221us, Policy: 206us, Obs 2 Motor Command: 428us, Post processing: 55us, Planner - Gather Input: 62us, Model: 5220us, Convert50Hz: 45us, Total: 5329us | HandCloseRatio: 1
Loop timing - LowState age: 2.749ms, Streaming data mean delay: 0ms, Streaming data std delay: 0ms, IMU age: 2.732ms, Obs: 240us, Policy: 207us, Obs 2 Motor Command: 447us, Post processing: 53us, Planner - Gather Input: 62us, Model: 5220us, Convert50Hz: 45us, Total: 5329us | HandCloseRatio: 1
Loop timing - LowState age: 2.162ms, Streaming data mean delay: 0ms, Streaming data std delay: 0ms, IMU age: 2.17ms, Obs: 229us, Policy: 205us, Obs 2 Motor Command: 434us, Post processing: 54us, Planner - Gather Input: 62us, Model: 5220us, Convert50Hz: 45us, Total: 5329us | HandCloseRatio: 1
Loop timing - LowState age: 5.035ms, Streaming data mean delay: 0ms, Streaming data std delay: 0ms, IMU age: 4.958ms, Obs: 285us, Policy: 206us, Obs 2 Motor Command: 492us, Post processing: 28us, Planner - Gather Input: 62us, Model: 5220us, Convert50Hz: 45us, Total: 5329us | HandCloseRatio: 1
Loop timing - LowState age: 3.584ms, Streaming data mean delay: 0ms, Streaming data std delay: 0ms, IMU age: 3.556ms, Obs: 245us, Policy: 234us, Obs 2 Motor Command: 479us, Post processing: 29us, Planner - Gather Input: 62us, Model: 5220us, Convert50Hz: 45us, Total: 5329us | HandCloseRatio: 1
Loop timing - LowState age: 1.349ms, Streaming data mean delay: 0ms, Streaming data std delay: 0ms, IMU age: 1.273ms, Obs: 194us, Policy: 202us, Obs 2 Motor Command: 396us, Post processing: 22us, Planner - Gather Input: 62us, Model: 5220us, Convert50Hz: 45us, Total: 5329us | HandCloseRatio: 1
Loop timing - LowState age: 7.899ms, Streaming data mean delay: 0ms, Streaming data std delay: 0ms, IMU age: 7.882ms, Obs: 246us, Policy: 256us, Obs 2 Motor Command: 502us, Post processing: 31us, Planner - Gather Input: 62us, Model: 5220us, Convert50Hz: 45us, Total: 5329us | HandCloseRatio: 1
Loop timing - LowState age: 6.078ms, Streaming data mean delay: 0ms, Streaming data std delay: 0ms, IMU age: 6.04ms, Obs: 394us, Policy: 224us, Obs 2 Motor Command: 619us, Post processing: 32us, Planner - Gather Input: 62us, Model: 5220us, Convert50Hz: 45us, Total: 5329us | HandCloseRatio: 1
Loop timing - LowState age: 4.626ms, Streaming data mean delay: 0ms, Streaming data std delay: 0ms, IMU age: 4.575ms, Obs: 230us, Policy: 212us, Obs 2 Motor Command: 442us, Post processing: 56us, Planner - Gather Input: 62us, Model: 5220us, Convert50Hz: 45us, Total: 5329us | HandCloseRatio: 1
Loop timing - LowState age: 3.201ms, Streaming data mean delay: 0ms, Streaming data std delay: 0ms, IMU age: 3.098ms, Obs: 217us, Policy: 206us, Obs 2 Motor Command: 423us, Post processing: 51us, Planner - Gather Input: 62us, Model: 5220us, Convert50Hz: 45us, Total: 5329us | HandCloseRatio: 1
Loop timing - LowState age: 2.175ms, Streaming data mean delay: 0ms, Streaming data std delay: 0ms, IMU age: 2.166ms, Obs: 291us, Policy: 216us, Obs 2 Motor Command: 507us, Post processing: 28us, Planner - Gather Input: 62us, Model: 5220us, Convert50Hz: 45us, Total: 5329us | HandCloseRatio: 1
Loop timing - LowState age: 1.343ms, Streaming data mean delay: 0ms, Streaming data std delay: 0ms, IMU age: 1.347ms, Obs: 324us, Policy: 213us, Obs 2 Motor Command: 537us, Post processing: 31us, Planner - Gather Input: 62us, Model: 5220us, Convert50Hz: 45us, Total: 5329us | HandCloseRatio: 1
Loop timing - LowState age: 1.684ms, Streaming data mean delay: 0ms, Streaming data std delay: 0ms, IMU age: 1.748ms, Obs: 330us, Policy: 227us, Obs 2 Motor Command: 558us, Post processing: 28us, Planner - Gather Input: 62us, Model: 5220us, Convert50Hz: 45us, Total: 5329us | HandCloseRatio: 1
Loop timing - LowState age: 1.807ms, Streaming data mean delay: 0ms, Streaming data std delay: 0ms, IMU age: 1.796ms, Obs: 229us, Policy: 206us, Obs 2 Motor Command: 436us, Post processing: 58us, Planner - Gather Input: 62us, Model: 5220us, Convert50Hz: 45us, Total: 5329us | HandCloseRatio: 1
Loop timing - LowState age: 12.499ms, Streaming data mean delay: 0ms, Streaming data std delay: 0ms, IMU age: 12.434ms, Obs: 295us, Policy: 206us, Obs 2 Motor Command: 501us, Post processing: 26us, Planner - Gather Input: 62us, Model: 5220us, Convert50Hz: 45us, Total: 5329us | HandCloseRatio: 1
Loop timing - LowState age: 35.188ms, Streaming data mean delay: 0ms, Streaming data std delay: 0ms, IMU age: 35.172ms, Obs: 226us, Policy: 211us, Obs 2 Motor Command: 437us, Post processing: 52us, Planner - Gather Input: 62us, Model: 5220us, Convert50Hz: 45us, Total: 5329us | HandCloseRatio: 1
Loop timing - LowState age: 7.04ms, Streaming data mean delay: 0ms, Streaming data std delay: 0ms, IMU age: 6.975ms, Obs: 182us, Policy: 203us, Obs 2 Motor Command: 385us, Post processing: 18us, Planner - Gather Input: 62us, Model: 5220us, Convert50Hz: 45us, Total: 5329us | HandCloseRatio: 1
Loop timing - LowState age: 9.202ms, Streaming data mean delay: 0ms, Streaming data std delay: 0ms, IMU age: 9.204ms, Obs: 271us, Policy: 262us, Obs 2 Motor Command: 533us, Post processing: 28us, Planner - Gather Input: 62us, Model: 5220us, Convert50Hz: 45us, Total: 5329us | HandCloseRatio: 1
Loop timing - LowState age: 1.651ms, Streaming data mean delay: 0ms, Streaming data std delay: 0ms, IMU age: 1.635ms, Obs: 327us, Policy: 224us, Obs 2 Motor Command: 551us, Post processing: 37us, Planner - Gather Input: 62us, Model: 5220us, Convert50Hz: 45us, Total: 5329us | HandCloseRatio: 1
Loop timing - LowState age: 12.771ms, Streaming data mean delay: 0ms, Streaming data std delay: 0ms, IMU age: 12.746ms, Obs: 252us, Policy: 222us, Obs 2 Motor Command: 475us, Post processing: 32us, Planner - Gather Input: 62us, Model: 5220us, Convert50Hz: 45us, Total: 5329us | HandCloseRatio: 1
Loop timing - LowState age: 0.688ms, Streaming data mean delay: 0ms, Streaming data std delay: 0ms, IMU age: 3.295ms, Obs: 417us, Policy: 207us, Obs 2 Motor Command: 624us, Post processing: 29us, Planner - Gather Input: 62us, Model: 5220us, Convert50Hz: 45us, Total: 5329us | HandCloseRatio: 1
Loop timing - LowState age: 2.161ms, Streaming data mean delay: 0ms, Streaming data std delay: 0ms, IMU age: 2.064ms, Obs: 296us, Policy: 208us, Obs 2 Motor Command: 505us, Post processing: 24us, Planner - Gather Input: 62us, Model: 5220us, Convert50Hz: 45us, Total: 5329us | HandCloseRatio: 1
Loop timing - LowState age: 1.275ms, Streaming data mean delay: 0ms, Streaming data std delay: 0ms, IMU age: 1.992ms, Obs: 228us, Policy: 207us, Obs 2 Motor Command: 436us, Post processing: 23us, Planner - Gather Input: 62us, Model: 5220us, Convert50Hz: 45us, Total: 5329us | HandCloseRatio: 1
Loop timing - LowState age: 3.684ms, Streaming data mean delay: 0ms, Streaming data std delay: 0ms, IMU age: 3.611ms, Obs: 237us, Policy: 205us, Obs 2 Motor Command: 443us, Post processing: 82us, Planner - Gather Input: 62us, Model: 5220us, Convert50Hz: 45us, Total: 5329us | HandCloseRatio: 1
Loop timing - LowState age: 5.624ms, Streaming data mean delay: 0ms, Streaming data std delay: 0ms, IMU age: 5.623ms, Obs: 168us, Policy: 202us, Obs 2 Motor Command: 371us, Post processing: 18us, Planner - Gather Input: 62us, Model: 5220us, Convert50Hz: 45us, Total: 5329us | HandCloseRatio: 1
Loop timing - LowState age: 2.608ms, Streaming data mean delay: 0ms, Streaming data std delay: 0ms, IMU age: 2.564ms, Obs: 233us, Policy: 205us, Obs 2 Motor Command: 439us, Post processing: 62us, Planner - Gather Input: 62us, Model: 5220us, Convert50Hz: 45us, Total: 5329us | HandCloseRatio: 1
Loop timing - LowState age: 3.41ms, Streaming data mean delay: 0ms, Streaming data std delay: 0ms, IMU age: 3.359ms, Obs: 189us, Policy: 206us, Obs 2 Motor Command: 395us, Post processing: 21us, Planner - Gather Input: 62us, Model: 5220us, Convert50Hz: 45us, Total: 5329us | HandCloseRatio: 1
Loop timing - LowState age: 9.159ms, Streaming data mean delay: 0ms, Streaming data std delay: 0ms, IMU age: 9.15ms, Obs: 253us, Policy: 211us, Obs 2 Motor Command: 464us, Post processing: 77us, Planner - Gather Input: 62us, Model: 5220us, Convert50Hz: 45us, Total: 5329us | HandCloseRatio: 1
Loop timing - LowState age: 1.241ms, Streaming data mean delay: 0ms, Streaming data std delay: 0ms, IMU age: 1.248ms, Obs: 209us, Policy: 207us, Obs 2 Motor Command: 417us, Post processing: 25us, Planner - Gather Input: 62us, Model: 5220us, Convert50Hz: 45us, Total: 5329us | HandCloseRatio: 1
Loop timing - LowState age: 0.705ms, Streaming data mean delay: 0ms, Streaming data std delay: 0ms, IMU age: 0.684ms, Obs: 305us, Policy: 206us, Obs 2 Motor Command: 511us, Post processing: 28us, Planner - Gather Input: 62us, Model: 5220us, Convert50Hz: 45us, Total: 5329us | HandCloseRatio: 1
Loop timing - LowState age: 3.267ms, Streaming data mean delay: 0ms, Streaming data std delay: 0ms, IMU age: 3.279ms, Obs: 160us, Policy: 205us, Obs 2 Motor Command: 365us, Post processing: 16us, Planner - Gather Input: 62us, Model: 5220us, Convert50Hz: 45us, Total: 5329us | HandCloseRatio: 1
Loop timing - LowState age: 8.59ms, Streaming data mean delay: 0ms, Streaming data std delay: 0ms, IMU age: 8.595ms, Obs: 263us, Policy: 244us, Obs 2 Motor Command: 508us, Post processing: 33us, Planner - Gather Input: 62us, Model: 5220us, Convert50Hz: 45us, Total: 5329us | HandCloseRatio: 1
Loop timing - LowState age: 2.548ms, Streaming data mean delay: 0ms, Streaming data std delay: 0ms, IMU age: 2.486ms, Obs: 291us, Policy: 208us, Obs 2 Motor Command: 500us, Post processing: 30us, Planner - Gather Input: 62us, Model: 5220us, Convert50Hz: 45us, Total: 5329us | HandCloseRatio: 1
Loop timing - LowState age: 5.427ms, Streaming data mean delay: 0ms, Streaming data std delay: 0ms, IMU age: 5.42ms, Obs: 270us, Policy: 215us, Obs 2 Motor Command: 486us, Post processing: 42us, Planner - Gather Input: 62us, Model: 5220us, Convert50Hz: 45us, Total: 5329us | HandCloseRatio: 1
Loop timing - LowState age: 4.12ms, Streaming data mean delay: 0ms, Streaming data std delay: 0ms, IMU age: 4.108ms, Obs: 237us, Policy: 205us, Obs 2 Motor Command: 443us, Post processing: 54us, Planner - Gather Input: 62us, Model: 5220us, Convert50Hz: 45us, Total: 5329us | HandCloseRatio: 1
Loop timing - LowState age: 3.136ms, Streaming data mean delay: 0ms, Streaming data std delay: 0ms, IMU age: 3.113ms, Obs: 233us, Policy: 206us, Obs 2 Motor Command: 439us, Post processing: 57us, Planner - Gather Input: 62us, Model: 5220us, Convert50Hz: 45us, Total: 5329us | HandCloseRatio: 1
Loop timing - LowState age: 2.397ms, Streaming data mean delay: 0ms, Streaming data std delay: 0ms, IMU age: 2.285ms, Obs: 1320us, Policy: 216us, Obs 2 Motor Command: 1537us, Post processing: 19us, Planner - Gather Input: 62us, Model: 5220us, Convert50Hz: 45us, Total: 5329us | HandCloseRatio: 1
Loop timing - LowState age: 2.856ms, Streaming data mean delay: 0ms, Streaming data std delay: 0ms, IMU age: 2.82ms, Obs: 161us, Policy: 205us, Obs 2 Motor Command: 366us, Post processing: 20us, Planner - Gather Input: 62us, Model: 5220us, Convert50Hz: 45us, Total: 5329us | HandCloseRatio: 1
Loop timing - LowState age: 16.868ms, Streaming data mean delay: 0ms, Streaming data std delay: 0ms, IMU age: 16.782ms, Obs: 270us, Policy: 207us, Obs 2 Motor Command: 478us, Post processing: 24us, Planner - Gather Input: 62us, Model: 5220us, Convert50Hz: 45us, Total: 5329us | HandCloseRatio: 1
Loop timing - LowState age: 1.66ms, Streaming data mean delay: 0ms, Streaming data std delay: 0ms, IMU age: 1.69ms, Obs: 219us, Policy: 207us, Obs 2 Motor Command: 426us, Post processing: 27us, Planner - Gather Input: 62us, Model: 5220us, Convert50Hz: 45us, Total: 5329us | HandCloseRatio: 1
Loop timing - LowState age: 1.044ms, Streaming data mean delay: 0ms, Streaming data std delay: 0ms, IMU age: 1.03ms, Obs: 164us, Policy: 203us, Obs 2 Motor Command: 367us, Post processing: 18us, Planner - Gather Input: 62us, Model: 5220us, Convert50Hz: 45us, Total: 5329us | HandCloseRatio: 1
Loop timing - LowState age: 0.723ms, Streaming data mean delay: 0ms, Streaming data std delay: 0ms, IMU age: 0.685ms, Obs: 159us, Policy: 198us, Obs 2 Motor Command: 358us, Post processing: 16us, Planner - Gather Input: 62us, Model: 5220us, Convert50Hz: 45us, Total: 5329us | HandCloseRatio: 1
Loop timing - LowState age: 5.982ms, Streaming data mean delay: 0ms, Streaming data std delay: 0ms, IMU age: 5.869ms, Obs: 152us, Policy: 199us, Obs 2 Motor Command: 351us, Post processing: 16us, Planner - Gather Input: 62us, Model: 5220us, Convert50Hz: 45us, Total: 5329us | HandCloseRatio: 1
Loop timing - LowState age: 1.907ms, Streaming data mean delay: 0ms, Streaming data std delay: 0ms, IMU age: 1.928ms, Obs: 205us, Policy: 209us, Obs 2 Motor Command: 415us, Post processing: 24us, Planner - Gather Input: 62us, Model: 5220us, Convert50Hz: 45us, Total: 5329us | HandCloseRatio: 1
Loop timing - LowState age: 2.284ms, Streaming data mean delay: 0ms, Streaming data std delay: 0ms, IMU age: 2.289ms, Obs: 216us, Policy: 210us, Obs 2 Motor Command: 426us, Post processing: 27us, Planner - Gather Input: 62us, Model: 5220us, Convert50Hz: 45us, Total: 5329us | HandCloseRatio: 1
Loop timing - LowState age: 2.885ms, Streaming data mean delay: 0ms, Streaming data std delay: 0ms, IMU age: 2.856ms, Obs: 157us, Policy: 200us, Obs 2 Motor Command: 358us, Post processing: 16us, Planner - Gather Input: 62us, Model: 5220us, Convert50Hz: 45us, Total: 5329us | HandCloseRatio: 1
Loop timing - LowState age: 7.829ms, Streaming data mean delay: 0ms, Streaming data std delay: 0ms, IMU age: 7.815ms, Obs: 150us, Policy: 198us, Obs 2 Motor Command: 348us, Post processing: 14us, Planner - Gather Input: 62us, Model: 5220us, Convert50Hz: 45us, Total: 5329us | HandCloseRatio: 1
Loop timing - LowState age: 1.695ms, Streaming data mean delay: 0ms, Streaming data std delay: 0ms, IMU age: 1.695ms, Obs: 219us, Policy: 204us, Obs 2 Motor Command: 424us, Post processing: 59us, Planner - Gather Input: 62us, Model: 5220us, Convert50Hz: 45us, Total: 5329us | HandCloseRatio: 1
Loop timing - LowState age: 4.038ms, Streaming data mean delay: 0ms, Streaming data std delay: 0ms, IMU age: 3.96ms, Obs: 219us, Policy: 203us, Obs 2 Motor Command: 423us, Post processing: 26us, Planner - Gather Input: 62us, Model: 5220us, Convert50Hz: 45us, Total: 5329us | HandCloseRatio: 1
Loop timing - LowState age: 2.043ms, Streaming data mean delay: 0ms, Streaming data std delay: 0ms, IMU age: 2.035ms, Obs: 164us, Policy: 199us, Obs 2 Motor Command: 364us, Post processing: 18us, Planner - Gather Input: 62us, Model: 5220us, Convert50Hz: 45us, Total: 5329us | HandCloseRatio: 1
Loop timing - LowState age: 7.774ms, Streaming data mean delay: 0ms, Streaming data std delay: 0ms, IMU age: 7.707ms, Obs: 266us, Policy: 218us, Obs 2 Motor Command: 485us, Post processing: 24us, Planner - Gather Input: 62us, Model: 5220us, Convert50Hz: 45us, Total: 5329us | HandCloseRatio: 1
Loop timing - LowState age: 0.623ms, Streaming data mean delay: 0ms, Streaming data std delay: 0ms, IMU age: 0.594ms, Obs: 288us, Policy: 207us, Obs 2 Motor Command: 495us, Post processing: 29us, Planner - Gather Input: 62us, Model: 5220us, Convert50Hz: 45us, Total: 5329us | HandCloseRatio: 1
Loop timing - LowState age: 1.61ms, Streaming data mean delay: 0ms, Streaming data std delay: 0ms, IMU age: 1.435ms, Obs: 238us, Policy: 203us, Obs 2 Motor Command: 441us, Post processing: 19us, Planner - Gather Input: 62us, Model: 5220us, Convert50Hz: 45us, Total: 5329us | HandCloseRatio: 1
Loop timing - LowState age: 6.329ms, Streaming data mean delay: 0ms, Streaming data std delay: 0ms, IMU age: 6.333ms, Obs: 211us, Policy: 211us, Obs 2 Motor Command: 423us, Post processing: 27us, Planner - Gather Input: 62us, Model: 5220us, Convert50Hz: 45us, Total: 5329us | HandCloseRatio: 1
Loop timing - LowState age: 0.893ms, Streaming data mean delay: 0ms, Streaming data std delay: 0ms, IMU age: 0.895ms, Obs: 299us, Policy: 210us, Obs 2 Motor Command: 509us, Post processing: 26us, Planner - Gather Input: 62us, Model: 5220us, Convert50Hz: 45us, Total: 5329us | HandCloseRatio: 1
Loop timing - LowState age: 5.619ms, Streaming data mean delay: 0ms, Streaming data std delay: 0ms, IMU age: 5.613ms, Obs: 219us, Policy: 205us, Obs 2 Motor Command: 424us, Post processing: 61us, Planner - Gather Input: 62us, Model: 5220us, Convert50Hz: 45us, Total: 5329us | HandCloseRatio: 1
Loop timing - LowState age: 1.705ms, Streaming data mean delay: 0ms, Streaming data std delay: 0ms, IMU age: 1.679ms, Obs: 162us, Policy: 203us, Obs 2 Motor Command: 366us, Post processing: 17us, Planner - Gather Input: 62us, Model: 5220us, Convert50Hz: 45us, Total: 5329us | HandCloseRatio: 1
Loop timing - LowState age: 3.195ms, Streaming data mean delay: 0ms, Streaming data std delay: 0ms, IMU age: 3.188ms, Obs: 264us, Policy: 204us, Obs 2 Motor Command: 469us, Post processing: 34us, Planner - Gather Input: 62us, Model: 5220us, Convert50Hz: 45us, Total: 5329us | HandCloseRatio: 1
Loop timing - LowState age: 4.179ms, Streaming data mean delay: 0ms, Streaming data std delay: 0ms, IMU age: 4.163ms, Obs: 166us, Policy: 206us, Obs 2 Motor Command: 373us, Post processing: 18us, Planner - Gather Input: 62us, Model: 5220us, Convert50Hz: 45us, Total: 5329us | HandCloseRatio: 1
Loop timing - LowState age: 0.828ms, Streaming data mean delay: 0ms, Streaming data std delay: 0ms, IMU age: 0.841ms, Obs: 174us, Policy: 199us, Obs 2 Motor Command: 374us, Post processing: 18us, Planner - Gather Input: 62us, Model: 5220us, Convert50Hz: 45us, Total: 5329us | HandCloseRatio: 1
Loop timing - LowState age: 1.641ms, Streaming data mean delay: 0ms, Streaming data std delay: 0ms, IMU age: 1.62ms, Obs: 554us, Policy: 218us, Obs 2 Motor Command: 773us, Post processing: 30us, Planner - Gather Input: 62us, Model: 5220us, Convert50Hz: 45us, Total: 5329us | HandCloseRatio: 1
Loop timing - LowState age: 1.903ms, Streaming data mean delay: 0ms, Streaming data std delay: 0ms, IMU age: 1.889ms, Obs: 231us, Policy: 200us, Obs 2 Motor Command: 431us, Post processing: 39us, Planner - Gather Input: 62us, Model: 5220us, Convert50Hz: 45us, Total: 5329us | HandCloseRatio: 1
Loop timing - LowState age: 16.793ms, Streaming data mean delay: 0ms, Streaming data std delay: 0ms, IMU age: 16.601ms, Obs: 621us, Policy: 253us, Obs 2 Motor Command: 874us, Post processing: 21us, Planner - Gather Input: 62us, Model: 5220us, Convert50Hz: 45us, Total: 5329us | HandCloseRatio: 1
Loop timing - LowState age: 0.651ms, Streaming data mean delay: 0ms, Streaming data std delay: 0ms, IMU age: 2.16ms, Obs: 369us, Policy: 209us, Obs 2 Motor Command: 579us, Post processing: 48us, Planner - Gather Input: 62us, Model: 5220us, Convert50Hz: 45us, Total: 5329us | HandCloseRatio: 1
Loop timing - LowState age: 8.632ms, Streaming data mean delay: 0ms, Streaming data std delay: 0ms, IMU age: 8.541ms, Obs: 280us, Policy: 213us, Obs 2 Motor Command: 494us, Post processing: 25us, Planner - Gather Input: 62us, Model: 5220us, Convert50Hz: 45us, Total: 5329us | HandCloseRatio: 1
Loop timing - LowState age: 8.75ms, Streaming data mean delay: 0ms, Streaming data std delay: 0ms, IMU age: 8.741ms, Obs: 159us, Policy: 200us, Obs 2 Motor Command: 359us, Post processing: 17us, Planner - Gather Input: 62us, Model: 5220us, Convert50Hz: 45us, Total: 5329us | HandCloseRatio: 1
Loop timing - LowState age: 1.967ms, Streaming data mean delay: 0ms, Streaming data std delay: 0ms, IMU age: 1.956ms, Obs: 222us, Policy: 209us, Obs 2 Motor Command: 432us, Post processing: 66us, Planner - Gather Input: 62us, Model: 5220us, Convert50Hz: 45us, Total: 5329us | HandCloseRatio: 1
Loop timing - LowState age: 2.65ms, Streaming data mean delay: 0ms, Streaming data std delay: 0ms, IMU age: 2.63ms, Obs: 215us, Policy: 205us, Obs 2 Motor Command: 420us, Post processing: 26us, Planner - Gather Input: 62us, Model: 5220us, Convert50Hz: 45us, Total: 5329us | HandCloseRatio: 1
Loop timing - LowState age: 0.859ms, Streaming data mean delay: 0ms, Streaming data std delay: 0ms, IMU age: 0.897ms, Obs: 204us, Policy: 205us, Obs 2 Motor Command: 409us, Post processing: 24us, Planner - Gather Input: 62us, Model: 5220us, Convert50Hz: 45us, Total: 5329us | HandCloseRatio: 1
Loop timing - LowState age: 2.97ms, Streaming data mean delay: 0ms, Streaming data std delay: 0ms, IMU age: 2.937ms, Obs: 223us, Policy: 201us, Obs 2 Motor Command: 425us, Post processing: 14us, Planner - Gather Input: 62us, Model: 5220us, Convert50Hz: 45us, Total: 5329us | HandCloseRatio: 1
Loop timing - LowState age: 7.177ms, Streaming data mean delay: 0ms, Streaming data std delay: 0ms, IMU age: 7.023ms, Obs: 214us, Policy: 213us, Obs 2 Motor Command: 427us, Post processing: 26us, Planner - Gather Input: 62us, Model: 5220us, Convert50Hz: 45us, Total: 5329us | HandCloseRatio: 1
Loop timing - LowState age: 5.074ms, Streaming data mean delay: 0ms, Streaming data std delay: 0ms, IMU age: 4.995ms, Obs: 2030us, Policy: 1266us, Obs 2 Motor Command: 3297us, Post processing: 26us, Planner - Gather Input: 62us, Model: 5220us, Convert50Hz: 45us, Total: 5329us | HandCloseRatio: 1
Loop timing - LowState age: 4.808ms, Streaming data mean delay: 0ms, Streaming data std delay: 0ms, IMU age: 4.828ms, Obs: 1850us, Policy: 1277us, Obs 2 Motor Command: 3127us, Post processing: 24us, Planner - Gather Input: 62us, Model: 5220us, Convert50Hz: 45us, Total: 5329us | HandCloseRatio: 1
Loop timing - LowState age: 10.49ms, Streaming data mean delay: 0ms, Streaming data std delay: 0ms, IMU age: 10.381ms, Obs: 164us, Policy: 205us, Obs 2 Motor Command: 370us, Post processing: 17us, Planner - Gather Input: 62us, Model: 5220us, Convert50Hz: 45us, Total: 5329us | HandCloseRatio: 1
Loop timing - LowState age: 1.847ms, Streaming data mean delay: 0ms, Streaming data std delay: 0ms, IMU age: 1.858ms, Obs: 205us, Policy: 207us, Obs 2 Motor Command: 412us, Post processing: 25us, Planner - Gather Input: 62us, Model: 5220us, Convert50Hz: 45us, Total: 5329us | HandCloseRatio: 1
Loop timing - LowState age: 2.564ms, Streaming data mean delay: 0ms, Streaming data std delay: 0ms, IMU age: 2.48ms, Obs: 1954us, Policy: 282us, Obs 2 Motor Command: 2237us, Post processing: 29us, Planner - Gather Input: 62us, Model: 5220us, Convert50Hz: 45us, Total: 5329us | HandCloseRatio: 1
Loop timing - LowState age: 0.771ms, Streaming data mean delay: 0ms, Streaming data std delay: 0ms, IMU age: 0.754ms, Obs: 208us, Policy: 205us, Obs 2 Motor Command: 413us, Post processing: 27us, Planner - Gather Input: 62us, Model: 5220us, Convert50Hz: 45us, Total: 5329us | HandCloseRatio: 1
Loop timing - LowState age: 0.872ms, Streaming data mean delay: 0ms, Streaming data std delay: 0ms, IMU age: 0.862ms, Obs: 159us, Policy: 205us, Obs 2 Motor Command: 365us, Post processing: 16us, Planner - Gather Input: 62us, Model: 5220us, Convert50Hz: 45us, Total: 5329us | HandCloseRatio: 1
Loop timing - LowState age: 2.862ms, Streaming data mean delay: 0ms, Streaming data std delay: 0ms, IMU age: 2.785ms, Obs: 213us, Policy: 203us, Obs 2 Motor Command: 417us, Post processing: 27us, Planner - Gather Input: 62us, Model: 5220us, Convert50Hz: 45us, Total: 5329us | HandCloseRatio: 1
Loop timing - LowState age: 12.609ms, Streaming data mean delay: 0ms, Streaming data std delay: 0ms, IMU age: 12.537ms, Obs: 303us, Policy: 215us, Obs 2 Motor Command: 518us, Post processing: 31us, Planner - Gather Input: 62us, Model: 5220us, Convert50Hz: 45us, Total: 5329us | HandCloseRatio: 1
