Authorization required, but no authorization protocol specified

Authorization required, but no authorization protocol specified

Authorization required, but no authorization protocol specified

Authorization required, but no authorization protocol specified

Authorization required, but no authorization protocol specified

cat: '/sys/devices/system/cpu/cpu*/cpufreq/scaling_governor': No such file or directory
Authorization required, but no authorization protocol specified

Authorization required, but no authorization protocol specified

[Info] [carb] Logging to file: /isaac-sim/kit/logs/Kit/Isaac-Sim Python/5.1/kit_20260822_044010.log
[0.139s] [ext: omni.kit.async_engine-0.0.3] startup
[1.035s] [ext: omni.metrics.core-0.0.3] startup
[1.035s] [ext: omni.client.lib-1.1.0] startup
[1.073s] [ext: omni.blobkey-1.1.2] startup
[1.073s] [ext: omni.stats-1.0.1] startup
[1.081s] [ext: omni.datastore-0.0.0] startup
[1.088s] [ext: omni.client-1.3.0] startup
[1.095s] [ext: omni.ujitso.default-1.0.0] startup
[1.098s] [ext: omni.hsscclient-1.1.2] startup
[1.118s] [ext: omni.gpu_foundation.shadercache.vulkan-1.0.0] startup
[1.148s] [ext: omni.assets.plugins-0.0.0] startup
[1.150s] [ext: omni.gpu_foundation-0.0.0] startup
[1.162s] [ext: carb.windowing.plugins-1.0.0] startup
2026-08-22T04:40:11Z [1,116ms] [Warning] [carb.windowing-glfw.plugin] GLFW initialization failed.
2026-08-22T04:40:11Z [1,116ms] [Warning] [carb] Failed to startup plugin carb.windowing-glfw.plugin (interfaces: [carb::windowing::IGLContext v1.0],[carb::windowing::IWindowing v1.5]) (impl: carb.windowing-glfw.plugin)
[1.164s] [ext: omni.kit.renderer.init-0.0.0] startup
2026-08-22T04:40:11Z [1,171ms] [Warning] [omni.platforminfo.plugin] failed to open the default display.  Can't verify X Server version.
2026-08-22T04:40:11Z [1,416ms] [Warning] [carb.windowing-glfw.plugin] GLFW initialization failed.
2026-08-22T04:40:11Z [1,416ms] [Warning] [carb] Failed to startup plugin carb.windowing-glfw.plugin (interfaces: [carb::windowing::IGLContext v1.0],[carb::windowing::IWindowing v1.5]) (impl: carb.windowing-glfw.plugin)

|---------------------------------------------------------------------------------------------|
| Driver Version: 580.105.08    | Graphics API: Vulkan
|=============================================================================================|
| GPU | Name                             | Active | LDA | GPU Memory | Vendor-ID | LUID       |
|     |                                  |        |     |            | Device-ID | UUID       |
|     |                                  |        |     |            | Bus-ID    |            |
|---------------------------------------------------------------------------------------------|
| 0   | NVIDIA GeForce RTX 4090          | Yes: 0 |     | 24810   MB | 10de      | 0          |
|     |                                  |        |     |            | 2684      | ea3ff652.. |
|     |                                  |        |     |            | 0         |            |
|=============================================================================================|
| OS: 24.04.2 LTS (Noble Numbat) ubuntu, Version: 24.04.2, Kernel: 6.8.0-87-generic
| Processor: AMD EPYC 7713 64-Core Processor
| Cores: 40 | Logical Cores: 40
|---------------------------------------------------------------------------------------------|
| Total Memory (MB): 135018 | Free Memory: 127937
| Total Page/Swap (MB): 0 | Free Page/Swap: 0
|---------------------------------------------------------------------------------------------|
[2.294s] [ext: omni.kit.pipapi-0.0.0] startup
[2.308s] [ext: omni.kit.pip_archive-0.0.0] startup
[2.317s] [ext: omni.pip.compute-1.6.3] startup
[2.325s] [ext: omni.materialx.libs-1.0.7] startup
[2.342s] [ext: omni.pip.cloud-1.4.3] startup
[2.375s] [ext: omni.isaac.core_archive-3.0.0] startup
[2.384s] [ext: omni.usd.config-1.0.6] startup
[2.399s] [ext: omni.gpucompute.plugins-0.0.0] startup
[2.400s] [ext: omni.usd.libs-1.0.1] startup
[2.502s] [ext: omni.kit.telemetry-0.5.2] startup
[2.589s] [ext: omni.mdl-56.0.3] startup
[3.156s] [ext: omni.iray.libs-0.0.0] startup
[3.164s] [ext: omni.mdl.neuraylib-0.2.12] startup
[3.183s] [ext: omni.kit.usd.mdl-1.1.5] startup
[3.354s] [ext: omni.isaac.ml_archive-3.0.4] startup
[3.362s] [ext: omni.kit.loop-isaac-1.3.7] startup
[3.376s] [ext: omni.kit.test-2.0.1] startup
[3.743s] [ext: omni.appwindow-1.1.10] startup
2026-08-22T04:40:13Z [3,697ms] [Warning] [carb.windowing-glfw.plugin] GLFW initialization failed.
2026-08-22T04:40:13Z [3,697ms] [Warning] [carb] Failed to startup plugin carb.windowing-glfw.plugin (interfaces: [carb::windowing::IGLContext v1.0],[carb::windowing::IWindowing v1.5]) (impl: carb.windowing-glfw.plugin)
Authorization required, but no authorization protocol specified

2026-08-22T04:40:13Z [3,699ms] [Warning] [carb.windowing-glfw.plugin] GLFW initialization failed.
2026-08-22T04:40:13Z [3,699ms] [Warning] [carb] Failed to startup plugin carb.windowing-glfw.plugin (interfaces: [carb::windowing::IGLContext v1.0],[carb::windowing::IWindowing v1.5]) (impl: carb.windowing-glfw.plugin)
2026-08-22T04:40:13Z [3,699ms] [Error] [omni.appwindow.plugin] Failed to acquire IWindowing interface
2026-08-22T04:40:13Z [3,699ms] [Error] [omni.appwindow.plugin] IAppWindow::startup failed
Authorization required, but no authorization protocol specified

Authorization required, but no authorization protocol specified

[3.754s] [ext: omni.kit.renderer.core-1.1.0] startup
2026-08-22T04:40:13Z [3,731ms] [Warning] [carb.windowing-glfw.plugin] GLFW initialization failed.
2026-08-22T04:40:13Z [3,731ms] [Warning] [carb] Failed to startup plugin carb.windowing-glfw.plugin (interfaces: [carb::windowing::IGLContext v1.0],[carb::windowing::IWindowing v1.5]) (impl: carb.windowing-glfw.plugin)
[3.791s] [ext: omni.kit.renderer.capture-0.0.0] startup
[3.814s] [ext: omni.kit.renderer.imgui-2.0.5] startup
2026-08-22T04:40:13Z [3,773ms] [Warning] [carb.windowing-glfw.plugin] GLFW initialization failed.
2026-08-22T04:40:13Z [3,773ms] [Warning] [carb] Failed to startup plugin carb.windowing-glfw.plugin (interfaces: [carb::windowing::IGLContext v1.0],[carb::windowing::IWindowing v1.5]) (impl: carb.windowing-glfw.plugin)
2026-08-22T04:40:13Z [3,773ms] [Warning] [omni.ui.windowmanager.plugin] Failed to set app window for default window set!
[3.832s] [ext: omni.ui-2.27.1] startup
[3.859s] [ext: omni.kit.mainwindow-1.0.3] startup
[3.872s] [ext: carb.audio-0.1.0] startup
[3.879s] [ext: omni.uiaudio-1.0.0] startup
[3.888s] [ext: omni.kit.uiapp-0.0.0] startup
[3.888s] [ext: omni.usd.schema.metrics.assembler-107.3.1] startup
[3.904s] [ext: omni.usd.schema.audio-0.0.0] startup
[3.918s] [ext: omni.anim.graph.schema-107.3.3] startup
[3.946s] [ext: omni.usd_resolver-1.0.0] startup
[3.965s] [ext: omni.usd.core-1.5.3] startup
[3.970s] [ext: omni.usd.schema.render_settings.rtx-0.0.0] startup
[4.101s] [ext: omni.usd.schema.semantics-0.0.0] startup
[4.118s] [ext: isaacsim.robot.schema-3.6.0] startup
[4.160s] [ext: omni.usd.schema.geospatial-0.0.0] startup
[4.176s] [ext: omni.usd.schema.anim-0.0.0] startup
[4.233s] [ext: omni.kit.window.popup_dialog-2.0.24] startup
[4.267s] [ext: usdrt.scenegraph-7.6.1] startup
[4.419s] [ext: omni.timeline-1.0.14] startup
[4.432s] [ext: omni.resourcemonitor-107.0.1] startup
[4.452s] [ext: omni.activity.core-1.0.3] startup
[4.464s] [ext: omni.kit.widget.nucleus_connector-2.0.1] startup
[4.500s] [ext: omni.hydra.usdrt_delegate-7.5.1] startup
[4.526s] [ext: omni.kit.actions.core-1.0.0] startup
[4.547s] [ext: omni.graph.exec-0.9.6] startup
[4.548s] [ext: omni.kit.commands-1.4.10] startup
[4.590s] [ext: omni.kit.usd_undo-0.1.8] startup
[4.602s] [ext: omni.kit.exec.core-0.13.4] startup
[4.621s] [ext: omni.kit.audiodeviceenum-1.0.2] startup
[4.634s] [ext: omni.hydra.scene_delegate-0.3.4] startup
[4.645s] [ext: omni.usd-1.13.10] startup
[4.790s] [ext: omni.kit.asset_converter-5.0.17] startup
[4.826s] [ext: omni.usd.schema.flow-107.1.1] startup
[4.834s] [ext: omni.usd.schema.omnigraph-1.0.0] startup
[4.854s] [ext: omni.usd.schema.omni_sensors-0.0.0] startup
[4.864s] [ext: omni.anim.navigation.schema-107.3.3] startup
[4.879s] [ext: omni.inspect-1.0.2] startup
[4.887s] [ext: omni.kit.notification_manager-1.0.10] startup
[4.902s] [ext: omni.graph.core-2.184.5] startup
[4.905s] [ext: isaacsim.core.deprecation_manager-0.2.7] startup
[4.915s] [ext: omni.usd.schema.physx-107.3.26] startup
[4.971s] [ext: omni.usd.schema.isaac-3.0.5] startup
[4.971s] [ext: omni.usd.schema.omniscripting-1.0.0] startup
[4.989s] [ext: omni.usd.schema.omni_lens_distortion-0.0.0] startup
[4.999s] [ext: omni.kvdb-107.3.26] startup
[5.009s] [ext: omni.usdphysics-107.3.26] startup
[5.020s] [ext: omni.physx.foundation-107.3.26] startup
[5.030s] [ext: omni.localcache-107.3.26] startup
[5.040s] [ext: omni.convexdecomposition-107.3.26] startup
[5.051s] [ext: omni.physx.cooking-107.3.26] startup
[5.063s] [ext: omni.physx-107.3.26] startup
[5.089s] [ext: omni.physics-107.3.26] startup
[5.103s] [ext: omni.kit.usd.layers-2.2.11] startup
[5.153s] [ext: omni.physics.physx-107.3.26] startup
2026-08-22T04:40:15Z [5,107ms] [Warning] [carb] Acquiring non optional plugin interface which is not listed as dependency: [omni::physx::IPhysxBenchmarks v1.0] (plugin: <default plugin>), by client: omni.physics.physx.plugin. Add it to CARB_PLUGIN_IMPL_DEPS() macro of a client.
[5.164s] [ext: omni.physics.stageupdate-107.3.26] startup
[5.180s] [ext: omni.kit.numpy.common-0.1.3] startup
[5.194s] [ext: isaacsim.core.version-2.0.6] startup
[5.207s] [ext: omni.isaac.dynamic_control-2.0.7] startup
2026-08-22T04:40:15Z [5,184ms] [Warning] [omni.isaac.dynamic_control] omni.isaac.dynamic_control is deprecated as of Isaac Sim 4.5. No action is needed from end-users.
[5.235s] [ext: isaacsim.storage.native-1.5.1] startup
[5.261s] [ext: omni.kit.menu.core-1.1.2] startup
[5.279s] [ext: omni.kit.helper.file_utils-0.1.9] startup
[5.299s] [ext: omni.usd.metrics.assembler-107.3.1] startup
[5.330s] [ext: omni.kit.widget.context_menu-1.2.5] startup
[5.352s] [ext: omni.warp.core-1.8.2] startup
[5.877s] [ext: omni.usd.metrics.assembler.physics-107.3.26] startup
[5.905s] [ext: omni.physics.tensors-107.3.26] startup
[5.940s] [ext: omni.kit.context_menu-1.8.6] startup
[5.963s] [ext: omni.kit.clipboard-1.0.5] startup
[5.972s] [ext: isaacsim.core.utils-3.5.1] startup
[5.994s] [ext: omni.kit.widget.filebrowser-2.12.3] startup
[6.040s] [ext: omni.kit.widget.options_menu-1.1.6] startup
[6.064s] [ext: omni.kit.widget.path_field-2.0.11] startup
[6.080s] [ext: omni.index.libs-380600.8087.0] startup
[6.080s] [ext: omni.ui.scene-1.11.5] startup
[6.092s] [ext: omni.kit.widget.options_button-1.0.3] startup
[6.105s] [ext: omni.kit.widget.browser_bar-2.0.10] startup
[6.118s] [ext: omni.index-1.0.1] startup
[6.119s] [ext: omni.hydra.rtx.shadercache.vulkan-1.0.0] startup
[6.131s] [ext: omni.kit.window.filepicker-2.13.4] startup
[6.263s] [ext: omni.volume-0.5.2] startup
[6.273s] [ext: omni.ujitso.client-0.0.0] startup
[6.274s] [ext: omni.graph.tools-1.79.2] startup
[6.454s] [ext: omni.graph.image.core-0.6.1] startup
[6.455s] [ext: omni.hydra.rtx-1.0.0] startup
2026-08-22T04:40:16Z [6,428ms] [Warning] [omni.log] Source: omni.hydra was already registered.
[6.497s] [ext: omni.kit.window.file_importer-1.1.18] startup
[6.514s] [ext: omni.kit.menu.utils-2.0.5] startup
[6.580s] [ext: omni.graph.image.nodes-1.3.1] startup
[6.581s] [ext: omni.kit.widget.searchable_combobox-1.0.6] startup
[6.597s] [ext: omni.kit.hydra_texture-1.4.6] startup
[6.613s] [ext: omni.kit.material.library-2.0.7] startup
[6.659s] [ext: omni.hydra.engine.stats-1.0.3] startup
[6.671s] [ext: omni.kit.viewport.scene_camera_model-1.0.6] startup
[6.686s] [ext: omni.kit.widget.settings-1.2.6] startup
[6.710s] [ext: omni.kit.viewport.legacy_gizmos-1.0.19] startup
[6.723s] [ext: omni.kit.widget.viewport-107.1.3] startup
[6.763s] [ext: omni.kit.viewport.registry-104.0.6] startup
[6.775s] [ext: omni.kit.raycast.query-1.1.0] startup
[6.793s] [ext: omni.physx.tensors-107.3.26] startup
[6.798s] [ext: omni.kit.window.drop_support-1.0.5] startup
[6.810s] [ext: omni.kit.primitive.mesh-1.0.17] startup
[6.844s] [ext: omni.kit.viewport.window-107.2.0] startup
2026-08-22T04:40:16Z [6,837ms] [Error] [omni.kit.window.drop_support.drop_support] Cannot setup ExternalDragDrop without a default window
2026-08-22T04:40:16Z [6,837ms] [Error] [omni.ui.python] AttributeError: 'NoneType' object has no attribute 'get_window_minimize_event_stream'

At:
  /isaac-sim/extscache/omni.kit.viewport.window-107.2.0+69cbf6ad/omni/kit/viewport/window/window.py(136): __init__
  /isaac-sim/extscache/omni.kit.viewport.window-107.2.0+69cbf6ad/omni/kit/viewport/window/menu_entry.py(203): __show_window
  /isaac-sim/extscache/omni.kit.viewport.window-107.2.0+69cbf6ad/omni/kit/viewport/window/menu_entry.py(139): <lambda>
  /isaac-sim/extscache/omni.kit.viewport.window-107.2.0+69cbf6ad/omni/kit/viewport/window/menu_entry.py(141): __init__
  /isaac-sim/extscache/omni.kit.viewport.window-107.2.0+69cbf6ad/omni/kit/viewport/window/menu_entry.py(250): <listcomp>
  /isaac-sim/extscache/omni.kit.viewport.window-107.2.0+69cbf6ad/omni/kit/viewport/window/menu_entry.py(249): create_viewport_window_menu
  /isaac-sim/extscache/omni.kit.viewport.window-107.2.0+69cbf6ad/omni/kit/viewport/window/extension.py(37): on_startup
  /isaac-sim/kit/kernel/py/omni/ext/_impl/_internal.py(173): _startup_ext
  /isaac-sim/kit/kernel/py/omni/ext/_impl/_internal.py(233): startup
  /isaac-sim/kit/kernel/py/omni/ext/_impl/_internal.py(337): startup_extension
  PythonExtension.cpp::startup()(2): <module>
  /isaac-sim/exts/isaacsim.simulation_app/isaacsim/simulation_app/simulation_app.py(534): _start_app
  /isaac-sim/exts/isaacsim.simulation_app/isaacsim/simulation_app/simulation_app.py(270): __init__
  /workspace/ferox_isaac/run.py(32): <module>

[6.934s] [ext: omni.kit.window.preferences-1.8.0] startup
[6.981s] [ext: isaacsim.core.simulation_manager-1.4.4] startup
[11.459s] [ext: omni.graph.action_core-1.1.7] startup
[11.471s] [ext: omni.graph-1.141.2] startup
[11.669s] [ext: omni.kit.viewport.utility-1.1.2] startup
[11.683s] [ext: omni.kit.viewport.menubar.core-107.2.1] startup
[11.765s] [ext: isaacsim.core.prims-0.6.1] startup
[11.912s] [ext: omni.graph.action_nodes-1.50.4] startup
[11.927s] [ext: omni.kit.stage_template.core-1.1.22] startup
[11.949s] [ext: omni.syntheticdata-0.6.13] startup
[12.237s] [ext: omni.graph.nodes-1.170.10] startup
[12.278s] [ext: omni.graph.action-1.130.0] startup
[12.287s] [ext: omni.kit.stage_templates-2.0.0] startup
[12.348s] [ext: omni.kit.widget.filter-1.1.4] startup
[12.365s] [ext: omni.kit.widget.graph-2.0.0] startup
[12.451s] [ext: omni.kit.property.adapter.core-1.0.2] startup
[12.472s] [ext: omni.kit.window.file_exporter-1.0.33] startup
[12.487s] [ext: omni.kit.widget.searchfield-1.1.8] startup
[12.503s] [ext: omni.kit.hotkeys.core-1.3.10] startup
[12.506s] [ext: omni.kit.graph.delegate.default-1.2.3] startup
[12.519s] [ext: omni.kit.property.adapter.fabric-1.0.3] startup
[12.538s] [ext: omni.kit.widget.stage-3.1.4] startup
[12.619s] [ext: omni.kit.property.adapter.usd-1.0.2] startup
[12.637s] [ext: omni.kit.graph.editor.core-1.5.3] startup
[12.667s] [ext: omni.kit.widget.material_preview-1.0.16] startup
[12.685s] [ext: omni.kit.widget.highlight_label-1.0.3] startup
[12.699s] [ext: omni.kit.window.file-2.0.5] startup
[12.727s] [ext: omni.kit.window.content_browser_registry-0.0.6] startup
[12.738s] [ext: omni.kit.window.property-1.12.1] startup
[12.765s] [ext: omni.kit.window.content_browser-3.1.3] startup
2026-08-22T04:40:22Z [12,758ms] [Error] [omni.kit.window.drop_support.drop_support] Cannot setup ExternalDragDrop without a default window
[12.806s] [ext: omni.kit.graph.usd.commands-1.3.1] startup
[12.820s] [ext: omni.kit.property.usd-4.5.12] startup
[12.929s] [ext: omni.graph.ui_nodes-1.50.5] startup
[12.945s] [ext: omni.videoencoding-0.1.2] startup
[12.961s] [ext: omni.kit.window.material_graph-1.9.1] startup
[13.047s] [ext: omni.warp-1.8.2] startup
[13.113s] [ext: isaacsim.core.api-4.8.0] startup
[13.370s] [ext: omni.graph.scriptnode-1.50.0] startup
[13.394s] [ext: isaacsim.test.docstring-1.1.0] startup
[13.445s] [ext: isaacsim.core.experimental.utils-0.3.0] startup
[13.514s] [ext: omni.replicator.core-1.12.27] startup
2026-08-22T04:40:23Z [13,616ms] [Warning] [pxr.Semantics] pxr.Semantics is deprecated - please use Semantics instead
2026-08-22T04:40:24Z [14,009ms] [Warning] [omni.graph.core.plugin] Found duplicate of category 'Replicator' - was 'Annotators', adding 'Fabric Reader'
2026-08-22T04:40:24Z [14,009ms] [Warning] [omni.graph.core.plugin] Category 'Replicator' not accepted on node type 'omni.replicator.core.FabricReader' in extension 'omni.replicator.core'
2026-08-22T04:40:24Z [14,010ms] [Warning] [omni.replicator.core.scripts.extension] No material configuration file, adding configuration to material settings directly.
[14.063s] [ext: isaacsim.core.experimental.prims-0.8.1] startup
[14.226s] [ext: omni.kit.window.extensions-1.4.27] startup
[14.359s] [ext: isaacsim.core.experimental.objects-0.4.0] startup
[14.487s] [ext: omni.ui_query-1.1.8] startup
[14.511s] [ext: omni.kit.manipulator.viewport-107.0.1] startup
[14.533s] [ext: isaacsim.robot.surface_gripper-3.3.1] startup
[14.574s] [ext: omni.kit.ui_test-1.3.7] startup
[14.614s] [ext: omni.graph.visualization.nodes-2.1.3] startup
[14.718s] [ext: isaacsim.robot_motion.lula-4.0.8] startup
[14.767s] [ext: isaacsim.core.nodes-3.4.3] startup
[14.847s] [ext: isaacsim.gui.components-1.2.1] startup
[14.968s] [ext: isaacsim.robot_motion.motion_generation-8.0.26] startup
[15.247s] [ext: isaacsim.robot.manipulators-3.3.6] startup
[15.347s] [ext: isaacsim.core.experimental.materials-0.4.0] startup
[15.610s] [ext: isaacsim.robot.manipulators.examples-1.1.2] startup
[15.662s] [ext: isaacsim.cortex.framework-1.0.12] startup
[15.692s] [ext: isaacsim.cortex.behaviors-2.0.14] startup
[15.719s] [ext: omni.isaac.cortex.sample_behaviors-2.0.5] startup
2026-08-22T04:40:25Z [15,707ms] [Warning] [omni.isaac.cortex] omni.isaac.cortex has been deprecated in favor of isaacsim.cortex.framework. Please update your code accordingly.
2026-08-22T04:40:25Z [15,731ms] [Warning] [omni.isaac.cortex.sample_behaviors] omni.isaac.cortex.sample_behaviors has been deprecated in favor of isaacsim.cortex.behaviors. Please update your code accordingly.
[15.779s] [ext: omni.kit.widget.zoombar-1.0.6] startup
[15.839s] [ext: isaacsim.gui.content_browser-0.1.11] startup
[15.893s] [ext: omni.kit.browser.core-2.3.13] startup
[15.994s] [ext: omni.kit.widget.stage_icons-1.0.8] startup
[16.012s] [ext: omni.kit.widget.prompt-1.0.7] startup
[16.029s] [ext: omni.kit.usd.collect-2.4.5] startup
[16.077s] [ext: omni.kit.browser.folder.core-1.10.9] startup
[16.205s] [ext: omni.kit.window.stage-2.6.1] startup
[16.408s] [ext: omni.kit.usdz_export-1.0.9] startup
[16.491s] [ext: omni.kit.tool.collect-2.2.18] startup
[16.622s] [ext: omni.kit.menu.stage-1.2.7] startup
[16.737s] [ext: omni.kit.tool.asset_importer-4.3.2] startup
[17.082s] [ext: isaacsim.robot.wheeled_robots-4.0.24] startup
[17.532s] [ext: isaacsim.examples.browser-0.2.1] startup
[17.852s] [ext: isaacsim.asset.importer.urdf-2.4.30] startup
[18.877s] [ext: omni.isaac.wheeled_robots-3.0.7] startup
2026-08-22T04:40:28Z [18,846ms] [Warning] [omni.isaac.wheeled_robots] omni.isaac.wheeled_robots has been deprecated in favor of isaacsim.robot.wheeled_robots. Please update your code accordingly.
2026-08-22T04:40:28Z [18,856ms] [Warning] [omni.isaac.wheeled_robots.controllers] omni.isaac.wheeled_robots has been deprecated in favor of isaacsim.robot.wheeled_robots. Please update your code accordingly.
2026-08-22T04:40:28Z [18,857ms] [Warning] [omni.isaac.wheeled_robots.controllers.ackermann_controller] omni.isaac.wheeled_robots has been deprecated in favor of isaacsim.robot.wheeled_robots. Please update your code accordingly.
2026-08-22T04:40:28Z [18,858ms] [Warning] [omni.isaac.wheeled_robots.controllers.differential_controller] omni.isaac.wheeled_robots has been deprecated in favor of isaacsim.robot.wheeled_robots. Please update your code accordingly.
2026-08-22T04:40:28Z [18,859ms] [Warning] [omni.isaac.wheeled_robots.controllers.holonomic_controller] omni.isaac.wheeled_robots has been deprecated in favor of isaacsim.robot.wheeled_robots. Please update your code accordingly.
2026-08-22T04:40:28Z [18,860ms] [Warning] [omni.isaac.wheeled_robots.controllers.quintic_path_planner] omni.isaac.wheeled_robots has been deprecated in favor of isaacsim.robot.wheeled_robots. Please update your code accordingly.
2026-08-22T04:40:28Z [18,861ms] [Warning] [omni.isaac.wheeled_robots.controllers.stanley_control] omni.isaac.wheeled_robots has been deprecated in favor of isaacsim.robot.wheeled_robots. Please update your code accordingly.
2026-08-22T04:40:28Z [18,862ms] [Warning] [omni.isaac.wheeled_robots.controllers.wheel_base_pose_controller] omni.isaac.wheeled_robots has been deprecated in favor of isaacsim.robot.wheeled_robots. Please update your code accordingly.
2026-08-22T04:40:28Z [18,865ms] [Warning] [omni.isaac.wheeled_robots.impl] omni.isaac.wheeled_robots has been deprecated in favor of isaacsim.robot.wheeled_robots. Please update your code accordingly.
2026-08-22T04:40:28Z [18,868ms] [Warning] [omni.isaac.wheeled_robots.robots] omni.isaac.wheeled_robots has been deprecated in favor of isaacsim.robot.wheeled_robots. Please update your code accordingly.
2026-08-22T04:40:28Z [18,869ms] [Warning] [omni.isaac.wheeled_robots.robots.holonomic_robot_usd_setup] omni.isaac.wheeled_robots has been deprecated in favor of isaacsim.robot.wheeled_robots. Please update your code accordingly.
2026-08-22T04:40:28Z [18,870ms] [Warning] [omni.isaac.wheeled_robots.robots.wheeled_robot] omni.isaac.wheeled_robots has been deprecated in favor of isaacsim.robot.wheeled_robots. Please update your code accordingly.
[18.921s] [ext: isaacsim.simulation_app-2.12.2] startup
[18.927s] [ext: omni.isaac.franka-1.0.7] startup
2026-08-22T04:40:28Z [18,891ms] [Warning] [omni.isaac.franka] omni.isaac.franka has been deprecated in favor of isaacsim.robot.manipulators.examples.franka. Please update your code accordingly.
2026-08-22T04:40:28Z [18,892ms] [Warning] [omni.isaac.franka.franka] omni.isaac.franka has been deprecated in favor of isaacsim.robot.manipulators.examples.franka. Please update your code accordingly.
2026-08-22T04:40:29Z [18,976ms] [Warning] [omni.isaac.franka.kinematics_solver] omni.isaac.franka has been deprecated in favor of isaacsim.robot.manipulators.examples.franka. Please update your code accordingly.
[19.024s] [ext: omni.isaac.kit-2.0.6] startup
2026-08-22T04:40:29Z [18,991ms] [Warning] [omni.isaac.kit] omni.isaac.kit has been deprecated in favor of isaacsim.simulation_app. Please update your code accordingly.
[19.039s] [ext: omni.kit.selection-0.1.6] startup
[19.058s] [ext: omni.isaac.lula-4.0.6] startup
2026-08-22T04:40:29Z [19,020ms] [Warning] [omni.isaac.lula] omni.isaac.lula has been deprecated in favor of isaacsim.robot_motion.lula. Please update your code accordingly.
[19.071s] [ext: isaacsim.robot_motion.lula_test_widget-1.0.12] startup
[19.103s] [ext: isaacsim.asset.browser-1.3.23] startup
[19.399s] [ext: omni.kit.viewport.actions-107.0.2] startup
[19.423s] [ext: isaacsim.gui.menu-2.4.4] startup
[19.463s] [ext: omni.isaac.manipulators-3.0.7] startup
2026-08-22T04:40:29Z [19,426ms] [Warning] [omni.isaac.manipulators] omni.isaac.manipulators has been deprecated in favor of isaacsim.robot.manipulators. Please update your code accordingly.
2026-08-22T04:40:29Z [19,428ms] [Warning] [omni.isaac.manipulators.controllers] omni.isaac.manipulators has been deprecated in favor of isaacsim.robot.manipulators. Please update your code accordingly.
2026-08-22T04:40:29Z [19,429ms] [Warning] [omni.isaac.manipulators.controllers.pick_place_controller] omni.isaac.manipulators has been deprecated in favor of isaacsim.robot.manipulators. Please update your code accordingly.
2026-08-22T04:40:29Z [19,433ms] [Warning] [omni.isaac.manipulators.controllers.stacking_controller] omni.isaac.manipulators has been deprecated in favor of isaacsim.robot.manipulators. Please update your code accordingly.
2026-08-22T04:40:29Z [19,435ms] [Warning] [omni.isaac.manipulators.grippers] omni.isaac.manipulators has been deprecated in favor of isaacsim.robot.manipulators. Please update your code accordingly.
2026-08-22T04:40:29Z [19,436ms] [Warning] [omni.isaac.manipulators.grippers.gripper] omni.isaac.manipulators has been deprecated in favor of isaacsim.robot.manipulators. Please update your code accordingly.
2026-08-22T04:40:29Z [19,436ms] [Warning] [omni.isaac.manipulators.grippers.parallel_gripper] omni.isaac.manipulators has been deprecated in favor of isaacsim.robot.manipulators. Please update your code accordingly.
2026-08-22T04:40:29Z [19,436ms] [Warning] [omni.isaac.manipulators.grippers.surface_gripper] omni.isaac.manipulators has been deprecated in favor of isaacsim.robot.manipulators. Please update your code accordingly.
2026-08-22T04:40:29Z [19,438ms] [Warning] [omni.isaac.manipulators.manipulators] omni.isaac.manipulators has been deprecated in favor of isaacsim.robot.manipulators. Please update your code accordingly.
2026-08-22T04:40:29Z [19,439ms] [Warning] [omni.isaac.manipulators.manipulators.single_manipulator] omni.isaac.manipulators has been deprecated in favor of isaacsim.robot.manipulators. Please update your code accordingly.
[19.489s] [ext: omni.isaac.lula_test_widget-1.0.6] startup
2026-08-22T04:40:29Z [19,451ms] [Warning] [omni.isaac.lula_test_widget] omni.isaac.lula_test_widget has been deprecated in favor of isaacsim.robot_motion.lula_test_widget. Please update your code accordingly.
[19.499s] [ext: omni.isaac.asset_browser-1.0.6] startup
2026-08-22T04:40:29Z [19,460ms] [Warning] [omni.isaac.asset_browser] omni.isaac.asset_browser has been deprecated in favor of isaacsim.asset.browser. Please update your code accordingly.
[19.510s] [ext: omni.kit.viewport.menubar.display-107.0.3] startup
[19.530s] [ext: omni.isaac.menu-1.0.6] startup
2026-08-22T04:40:29Z [19,490ms] [Warning] [omni.isaac.menu] omni.isaac.menu has been deprecated in favor of isaacsim.gui.menu. Please update your code accordingly.
[19.540s] [ext: omni.isaac.motion_generation-8.0.7] startup
2026-08-22T04:40:29Z [19,502ms] [Warning] [omni.isaac.motion_generation] omni.isaac.motion_generation has been deprecated in favor of isaacsim.robot_motion.motion_generation. Please update your code accordingly.
2026-08-22T04:40:29Z [19,503ms] [Warning] [omni.isaac.motion_generation.articulation_kinematics_solver] omni.isaac.motion_generation has been deprecated in favor of isaacsim.robot_motion.motion_generation. Please update your code accordingly.
2026-08-22T04:40:29Z [19,503ms] [Warning] [omni.isaac.motion_generation.articulation_motion_policy] omni.isaac.motion_generation has been deprecated in favor of isaacsim.robot_motion.motion_generation. Please update your code accordingly.
2026-08-22T04:40:29Z [19,504ms] [Warning] [omni.isaac.motion_generation.articulation_trajectory] omni.isaac.motion_generation has been deprecated in favor of isaacsim.robot_motion.motion_generation. Please update your code accordingly.
2026-08-22T04:40:29Z [19,504ms] [Warning] [omni.isaac.motion_generation.kinematics_interface] omni.isaac.motion_generation has been deprecated in favor of isaacsim.robot_motion.motion_generation. Please update your code accordingly.
2026-08-22T04:40:29Z [19,506ms] [Warning] [omni.isaac.motion_generation.lula] omni.isaac.motion_generation has been deprecated in favor of isaacsim.robot_motion.motion_generation. Please update your code accordingly.
2026-08-22T04:40:29Z [19,506ms] [Warning] [omni.isaac.motion_generation.lula.kinematics] omni.isaac.motion_generation has been deprecated in favor of isaacsim.robot_motion.motion_generation. Please update your code accordingly.
2026-08-22T04:40:29Z [19,507ms] [Warning] [omni.isaac.motion_generation.lula.motion_policies] omni.isaac.motion_generation has been deprecated in favor of isaacsim.robot_motion.motion_generation. Please update your code accordingly.
2026-08-22T04:40:29Z [19,507ms] [Warning] [omni.isaac.motion_generation.lula.path_planners] omni.isaac.motion_generation has been deprecated in favor of isaacsim.robot_motion.motion_generation. Please update your code accordingly.
2026-08-22T04:40:29Z [19,508ms] [Warning] [omni.isaac.motion_generation.lula.trajectory_generator] omni.isaac.motion_generation has been deprecated in favor of isaacsim.robot_motion.motion_generation. Please update your code accordingly.
2026-08-22T04:40:29Z [19,508ms] [Warning] [omni.isaac.motion_generation.motion_policy_controller] omni.isaac.motion_generation has been deprecated in favor of isaacsim.robot_motion.motion_generation. Please update your code accordingly.
2026-08-22T04:40:29Z [19,509ms] [Warning] [omni.isaac.motion_generation.motion_policy_interface] omni.isaac.motion_generation has been deprecated in favor of isaacsim.robot_motion.motion_generation. Please update your code accordingly.
2026-08-22T04:40:29Z [19,509ms] [Warning] [omni.isaac.motion_generation.path_planner_visualizer] omni.isaac.motion_generation has been deprecated in favor of isaacsim.robot_motion.motion_generation. Please update your code accordingly.
2026-08-22T04:40:29Z [19,509ms] [Warning] [omni.isaac.motion_generation.path_planning_interface] omni.isaac.motion_generation has been deprecated in favor of isaacsim.robot_motion.motion_generation. Please update your code accordingly.
2026-08-22T04:40:29Z [19,510ms] [Warning] [omni.isaac.motion_generation.trajectory] omni.isaac.motion_generation has been deprecated in favor of isaacsim.robot_motion.motion_generation. Please update your code accordingly.
2026-08-22T04:40:29Z [19,510ms] [Warning] [omni.isaac.motion_generation.world_interface] omni.isaac.motion_generation has been deprecated in favor of isaacsim.robot_motion.motion_generation. Please update your code accordingly.
[19.560s] [ext: omni.isaac.assets_check-0.3.13] startup
2026-08-22T04:40:29Z [19,522ms] [Warning] [omni.isaac.assets_check] omni.isaac.assets_check has been deprecated in favor of isaacsim.asset.browser. Please update your code accordingly.
[19.569s] [ext: isaacsim.gui.sensors.icon-2.0.3] startup
[19.678s] [ext: isaacsim.asset.importer.mjcf-2.5.13] startup
[19.715s] [ext: omni.sensors.nv.common-3.0.0] startup
[19.739s] [ext: isaacsim.sensors.physics-0.4.3] startup
[19.763s] [ext: omni.sensors.net-1.0.0] startup
[19.775s] [ext: omni.isaac.nucleus-1.0.6] startup
2026-08-22T04:40:29Z [19,739ms] [Warning] [omni.isaac.nucleus] omni.isaac.nucleus has been deprecated in favor of isaacsim.storage.native. Please update your code accordingly.
2026-08-22T04:40:29Z [19,743ms] [Warning] [omni.isaac.nucleus.nucleus] omni.isaac.nucleus.nucleus has been deprecated in favor of isaacsim.storage.native. Please update your code accordingly.
[19.793s] [ext: omni.sensors.nv.materials-2.0.0] startup
[19.811s] [ext: isaacsim.robot.policy.examples-4.1.11] startup
[19.823s] [ext: omni.sensors.nv.wpm-3.0.0] startup
[19.830s] [ext: omni.sensors.nv.lidar-3.0.0] startup
[19.849s] [ext: isaacsim.util.debug_draw-3.1.0] startup
[19.863s] [ext: omni.sensors.nv.radar-3.0.0] startup
[19.870s] [ext: omni.sensors.nv.ids-2.0.0] startup
[19.873s] [ext: isaacsim.core.cloner-1.4.10] startup
[19.889s] [ext: isaacsim.sensors.physx-2.3.2] startup
[19.911s] [ext: isaacsim.sensors.rtx-15.8.4] startup
[19.941s] [ext: isaacsim.sensors.camera-1.3.6] startup
[19.992s] [ext: omni.isaac.quadruped-3.0.7] startup
2026-08-22T04:40:30Z [19,953ms] [Warning] [omni.isaac.quadruped] omni.isaac.quadruped has been deprecated in favor of isaacsim.robot.policy.examples. Please update your code accordingly.
[20.003s] [ext: omni.isaac.cloner-1.0.7] startup
2026-08-22T04:40:30Z [19,968ms] [Warning] [omni.isaac.cloner] omni.isaac.cloner has been deprecated in favor of isaacsim.core.cloner. Please update your code accordingly.
[20.017s] [ext: omni.isaac.range_sensor-4.0.6] startup
2026-08-22T04:40:30Z [19,980ms] [Warning] [omni.isaac.range_sensor] omni.isaac.range_sensor has been deprecated in favor of isaacsim.sensors.physx. Please update your code accordingly.
2026-08-22T04:40:30Z [19,980ms] [Warning] [omni.isaac.range_sensor.commands] omni.isaac.range_sensor.commands has been deprecated in favor of isaacsim.sensors.physx.commands. Please update your code accordingly.
[20.030s] [ext: omni.isaac.sensor-13.0.7] startup
2026-08-22T04:40:30Z [19,993ms] [Warning] [omni.isaac.sensor] omni.isaac.sensor has been deprecated in favor of isaacsim.sensors.camera, isaacsim.sensors.physics, isaacsim.sensors.physx, and isaacsim.sensors.rtx. Please update your code accordingly.
2026-08-22T04:40:30Z [19,993ms] [Warning] [omni.isaac.sensor.camera] omni.isaac.sensor.camera has been deprecated in favor of isaacsim.sensors.camera.camera. Please update your code accordingly.
2026-08-22T04:40:30Z [19,993ms] [Warning] [omni.isaac.sensor.camera_view] omni.isaac.sensor.camera_view has been deprecated in favor of isaacsim.sensors.camera.camera_view. Please update your code accordingly.
2026-08-22T04:40:30Z [19,994ms] [Warning] [omni.isaac.sensor.commands] omni.isaac.sensor.commands has been deprecated in favor of isaacsim.sensors.physics.commands, isaacsim.sensors.physx.commands, and isaacsim.sensors.rtx.commands. Please update your code accordingly.
2026-08-22T04:40:30Z [19,994ms] [Warning] [omni.isaac.sensor.contact_sensor] omni.isaac.sensor.contact_sensor has been deprecated in favor of isaacsim.sensors.physics.contact_sensor. Please update your code accordingly.
2026-08-22T04:40:30Z [19,995ms] [Warning] [omni.isaac.sensor.imu_sensor] omni.isaac.sensor.imu_sensor has been deprecated in favor of isaacsim.sensors.physics.imu_sensor. Please update your code accordingly.
2026-08-22T04:40:30Z [19,995ms] [Warning] [omni.isaac.sensor.lidar_rtx] omni.isaac.sensor.lidar_rtx has been deprecated in favor of isaacsim.sensors.rtx.lidar_rtx. Please update your code accordingly.
2026-08-22T04:40:30Z [19,996ms] [Warning] [omni.isaac.sensor.rotating_lidar_physX] omni.isaac.sensor.imu_sensor has been deprecated in favor of isaacsim.sensors.physix.rotating_lidar_physX. Please update your code accordingly.
2026-08-22T04:40:30Z [19,999ms] [Warning] [omni.isaac.sensor.scripts.samples.contact_sensor] omni.isaac.sensor.scripts.samples.contact_sensor has been deprecated in favor of isaacsim.sensors.physics.scripts.samples.contact_sensor. Please update your code accordingly.
2026-08-22T04:40:30Z [20,000ms] [Warning] [omni.isaac.sensor.scripts.samples.imu_sensor] omni.isaac.sensor.scripts.samples.imu_sensor has been deprecated in favor of isaacsim.sensors.physics.scripts.samples.imu_sensor. Please update your code accordingly.
2026-08-22T04:40:30Z [20,000ms] [Warning] [omni.isaac.sensor.scripts.samples.lightbeam_sensor] omni.isaac.sensor.scripts.samples.lightbeam_sensor has been deprecated in favor of isaacsim.sensors.physx.scripts.samples.lightbeam_sensor. Please update your code accordingly.
[20.050s] [ext: omni.kit.menu.create-2.0.1] startup
[20.071s] [ext: omni.kit.widget.toolbar-2.0.1] startup
[20.110s] [ext: omni.kit.manipulator.transform-107.0.0] startup
[20.148s] [ext: omni.isaac.core-4.0.7] startup
2026-08-22T04:40:30Z [20,111ms] [Warning] [omni.isaac.core.physics_context.physics_context] omni.isaac.core.physics_context.physics_context has been deprecated in favor of isaacsim.core.api.physics_context.physics_context. Please update your code accordingly.
2026-08-22T04:40:30Z [20,113ms] [Warning] [omni.isaac.core.simulation_context.simulation_context] omni.isaac.core.simulation_context.simulation_context has been deprecated in favor of isaacsim.core.api.simulation_context.simulation_context. Please update your code accordingly.
2026-08-22T04:40:30Z [20,116ms] [Warning] [omni.isaac.core.world.world] omni.isaac.core.world.world has been deprecated in favor of isaacsim.core.api.world.world. Please update your code accordingly.
2026-08-22T04:40:30Z [20,116ms] [Warning] [omni.isaac.core] omni.isaac.core has been deprecated in favor of isaacsim.core.api. Please update your code accordingly.
[20.165s] [ext: omni.kit.scripting-107.3.2] startup
[20.202s] [ext: omni.kit.manipulator.tool.snap-1.5.13] startup
[20.233s] [ext: omni.kit.manipulator.selector-1.1.3] startup
[20.252s] [ext: isaacsim.app.about-2.0.11] startup
[20.277s] [ext: isaacsim.replicator.behavior-1.1.16] startup
[20.290s] [ext: omni.kit.viewport.manipulator.transform-107.0.4] startup
[20.317s] [ext: omni.isaac.window.about-2.0.7] startup
2026-08-22T04:40:30Z [20,284ms] [Warning] [omni.isaac.window.about] omni.isaac.window.about has been deprecated in favor of isaacsim.app.about. Please update your code accordingly.
2026-08-22T04:40:30Z [20,285ms] [Warning] [omni.isaac.window.about.about] omni.isaac.window.about.about has been deprecated in favor of isaacsim.app.about.about. Please update your code accordingly.
[20.336s] [ext: omni.fabric.commands-1.1.6] startup
[20.367s] [ext: omni.kit.manipulator.prim.core-107.0.8] startup
[20.416s] [ext: omni.kit.property.audio-1.0.16] startup
[20.444s] [ext: omni.kit.property.camera-1.0.10] startup
[20.463s] [ext: omni.kit.property.geometry-2.0.4] startup
[20.492s] [ext: omni.hydra.scene_api-0.1.2] startup
[20.507s] [ext: omni.kit.property.light-1.0.12] startup
[20.554s] [ext: omni.kit.manipulator.prim.fabric-107.0.4] startup
[20.589s] [ext: omni.kit.manipulator.prim.usd-107.0.3] startup
[20.614s] [ext: omni.kit.property.material-1.11.9] startup
[20.716s] [ext: omni.kit.property.render-1.2.1] startup
[20.738s] [ext: omni.kit.property.transform-1.5.13] startup
[20.829s] [ext: isaacsim.gui.property-1.1.3] startup
[20.865s] [ext: omni.kit.manipulator.camera-106.0.4] startup
[20.935s] [ext: omni.kit.manipulator.prim-107.0.0] startup
[20.937s] [ext: omni.isaac.surface_gripper-2.0.6] startup
2026-08-22T04:40:30Z [20,907ms] [Warning] [omni.isaac.surface_gripper] omni.isaac.surface_gripper has been deprecated in favor of isaacsim.robot.surface_gripper. Please update your code accordingly.
[20.960s] [ext: omni.kit.manipulator.selection-106.0.1] startup
[20.989s] [ext: omni.kit.property.bundle-1.4.1] startup
[21.018s] [ext: omni.kit.property.isaac-1.0.6] startup
2026-08-22T04:40:31Z [20,994ms] [Warning] [omni.kit.property.isaac] omni.kit.property.isaac has been deprecated in favor of isaacsim.gui.property. Please update your code accordingly.
2026-08-22T04:40:31Z [20,995ms] [Warning] [omni.kit.property.isaac.widgets] omni.kit.property.isaac.widgets has been deprecated in favor of isaacsim.gui.property.widgets. Please update your code accordingly.
[21.043s] [ext: omni.isaac.universal_robots-1.0.6] startup
2026-08-22T04:40:31Z [21,013ms] [Warning] [omni.isaac.universal_robots] omni.isaac.universal_robots has been deprecated in favor of isaacsim.robot.manipulators.examples.universal_robots. Please update your code accordingly.
2026-08-22T04:40:31Z [21,014ms] [Warning] [omni.isaac.universal_robots.kinematics_solver] omni.isaac.franka has been deprecated in favor of isaacsim.robot.manipulators.examples.universal_robots. Please update your code accordingly.
2026-08-22T04:40:31Z [21,029ms] [Warning] [omni.isaac.universal_robots.ur10] omni.isaac.franka has been deprecated in favor of isaacsim.robot.manipulators.examples.universal_robots. Please update your code accordingly.
[21.077s] [ext: omni.isaac.core_nodes-2.0.6] startup
2026-08-22T04:40:31Z [21,057ms] [Warning] [omni.isaac.core_nodes] omni.isaac.core_nodes has been deprecated in favor of isaacsim.core.nodes. Please update your code accordingly.
[21.108s] [ext: omni.kit.viewport.menubar.camera-107.0.6] startup
[21.193s] [ext: omni.kit.viewport.menubar.lighting-107.3.1] startup
[21.246s] [ext: isaacsim.replicator.writers-1.0.17] startup
[21.463s] [ext: omni.kit.viewport.menubar.render-107.0.10] startup
[21.567s] [ext: omni.kit.viewport.menubar.settings-107.0.3] startup
[21.640s] [ext: omni.kit.window.console-1.1.4] startup
[21.693s] [ext: isaacsim.replicator.domain_randomization-1.0.16] startup
[21.728s] [ext: isaacsim.replicator.examples-1.3.6] startup
[21.763s] [ext: omni.ocio-0.1.1] startup
[21.785s] [ext: omni.rtx.window.settings-0.6.19] startup
[21.902s] [ext: omni.kit.window.status_bar-0.1.9] startup
[21.946s] [ext: omni.kit.window.toolbar-2.0.0] startup
[21.977s] [ext: omni.replicator.isaac-2.0.8] startup
2026-08-22T04:40:32Z [21,944ms] [Warning] [omni.replicator.isaac] omni.replicator.isaac has been deprecated in favor of isaacsim.replicator.domain_randomization, isaacsim.replicator.examples, isaacsim.replicator.writers. Please update your code accordingly.
[21.996s] [ext: omni.replicator.replicator_yaml-2.0.11] startup
[22.137s] [ext: omni.rtx.settings.core-0.6.5] startup
[22.206s] [ext: omni.usd.metrics.assembler.ui-107.3.1] startup
[22.239s] [ext: omni.isaac.utils-2.0.6] startup
[22.264s] [ext: semantics.schema.editor-2.0.2] startup
[22.292s] [ext: omni.kit.ui.actions-1.0.5] startup
[22.313s] [ext: semantics.schema.property-2.0.1] startup
[22.334s] [ext: omni.isaac.version-2.0.7] startup
2026-08-22T04:40:32Z [22,301ms] [Warning] [omni.isaac.version] omni.isaac.version has been deprecated in favor of isaacsim.core.version. Please update your code accordingly.
[22.353s] [ext: omni.isaac.cortex-1.0.5] startup
[22.353s] [ext: omni.anim.curve.core-1.3.1] startup
[22.418s] [ext: isaacsim.core.throttling-2.2.2] startup
[22.436s] [ext: omni.kit.menu.common-2.0.1] startup
[22.452s] [ext: isaacsim.exp.base-5.1.0] startup
[22.454s] [ext: isaacsim.exp.base.python-5.1.0] startup
[22.457s] Simulation App Starting
2026-08-22T04:40:32Z [22,570ms] [Error] [omni.kit.window.drop_support.drop_support] Cannot setup ExternalDragDrop without a default window
2026-08-22T04:40:32Z [22,579ms] [Warning] [omni.fabric.plugin] Warning: attribute viewportHandle not found for bucket id 9

[22.647s] app ready
2026-08-22T04:40:33Z [22,962ms] [Error] [omni.kit.menu.utils.app_menu] Hotkeys cannot be setup without a default window
Starting kit application with the following args:  ['/isaac-sim/exts/isaacsim.simulation_app/isaacsim/simulation_app/simulation_app.py', '/isaac-sim/apps/isaacsim.exp.base.python.kit', '--/app/tokens/exe-path=/isaac-sim/kit', '--/persistent/app/viewport/displayOptions=3094', '--/rtx/materialDb/syncLoads=True', '--/rtx/hydra/materialSyncLoads=True', '--/omni.kit.plugin/syncUsdLoads=True', '--/app/renderer/resolution/width=1280', '--/app/renderer/resolution/height=720', '--/app/window/width=1440', '--/app/window/height=900', '--/renderer/multiGpu/enabled=True', '--/app/fastShutdown=True', '--/app/installSignalHandlers=0', '--ext-folder', '/isaac-sim/exts', '--ext-folder', '/isaac-sim/apps', '--/physics/cudaDevice=0', '--/plugins/carb.tasking.plugin/threadCount=32', '--/plugins/omni.tbb.globalcontrol/maxThreadCount=32', '--portable']
Passing the following args to the base kit application:  ['--robot_type', 'g1', '--cmd_vel_topic', '/ferox/g1_01/cmd_vel', '--ros_namespace', '/ferox/g1_01', '--no_keyboard', '--render_dt', '0.02']
Warp 1.8.2 initialized:
   CUDA Toolkit 12.8, Driver 13.0
   Devices:
     "cpu"      : "x86_64"
     "cuda:0"   : "NVIDIA GeForce RTX 4090" (24 GiB, sm_89, mempool enabled)
   Kernel cache:
     /isaac-sim/.cache/warp/1.8.2
Warp DeprecationWarning: The `warp.sim` module is deprecated and will be removed in v1.10. Please transition to using the forthcoming Newton library instead.
[PANTHERA-MARK] before RobotRosRunner()
[PANTHERA-MARK] camera ros_namespace = '/ferox/g1_01'
[World] SIM_WORLD=hospital -> https://omniverse-content-production.s3-us-west-2.amazonaws.com/Assets/Isaac/5.1/Isaac/Environments/Hospital/hospital.usd
[World] spawn pos=[7.800000190734863, 2.0, 0.800000011920929] yaw=1.570rad (robot=g1)
[PANTHERA-MARK] RobotRosRunner constructed, before reset
[PANTHERA-MARK] A: app.update done, calling _world.reset()
[PANTHERA-MARK] B: world.reset() done
[PANTHERA-MARK] C: app.update done, calling setup()
[PANTHERA-MARK] D: setup() done
[lowlevel-sim] hands: [] (none -- HAND=none)
[lowlevel-sim] rig yaw overridden to 0.0000 rad (quat w=1.0000) -- C-39 A/B
[lowlevel-sim] TEST RIG ACTIVE: base pinned to spawn pose (C-30)
[lowlevel-sim] spawn base_z=0.7975 hold_pose=spawn q_hold[:6]=[-0.10000000149011612, 0.0, 0.0, 0.30000001192092896, -0.20000000298023224, 0.0]
[lowlevel-sim][trace] set_gains
[lowlevel-sim][trace] set_effort_modes
[lowlevel-sim][trace] switch_control_mode(effort)
[lowlevel-sim][trace] control mode set
[lowlevel-sim] physics 1000.0 Hz, PD every 2 step(s) -> 500.0 Hz, timeout 85 ms
[PANTHERA-MARK] low-level bridge attached (G1_CONTROL=lowcmd)
[lowlevel-sim][GT] t=0.001 quat=[1.0, 0.0, 0.0, 0.0] angvel=[0.0, 0.0, 0.0] linvel=[0.0, 0.0, 0.0] z=0.7975
[PANTHERA-MARK] E: app.update done, SKIPPING setup_ros() entirely
[PANTHERA-MARK] E1: entered setup_ros() body
[PANTHERA-MARK] E2: self._cmd_vel_topic = /ferox/g1_01/cmd_vel
[PANTHERA] executor spinning on dedicated thread
[PANTHERA] cmd_vel subscriber active on /ferox/g1_01/cmd_vel (rclpy bypass)
[PANTHERA] reset subscriber active on /twin/reset
[lowlevel-sim][GT] t=0.051 quat=[1.0, 0.0, 0.0, 0.0] angvel=[0.0, 0.0, 0.0] linvel=[0.0, 0.0, 0.0] z=0.7975
[lowlevel-sim][GT] t=0.101 quat=[1.0, 0.0, 0.0, 0.0] angvel=[0.0, 0.0, 0.0] linvel=[0.0, 0.0, 0.0] z=0.7975
[lowlevel-sim][GT] t=0.151 quat=[1.0, 0.0, 0.0, 0.0] angvel=[0.0, 0.0, 0.0] linvel=[0.0, 0.0, 0.0] z=0.7975
[lowlevel-sim][GT] t=0.201 quat=[1.0, 0.0, 0.0, 0.0] angvel=[0.0, 0.0, 0.0] linvel=[0.0, 0.0, 0.0] z=0.7975
[TWIN] contract /workspace/ferox_isaac/twin/g1_contract.yaml
[TWIN] namespace /ferox/g1_01  CAMERA_TF=0
[TWIN] Mid-360 SKIPPED (TWIN_LIDAR=0) -- device only, contract untouched
[TWIN] camera SKIPPED (TWIN_CAMERA=0) -- C-23, device only, contract untouched
[lowlevel-sim][GT] t=0.251 quat=[1.0, 0.0, 0.0, 0.0] angvel=[0.0, 0.0, 0.0] linvel=[0.0, 0.0, 0.0] z=0.7975
[lowlevel-sim][GT] t=0.301 quat=[1.0, 0.0, 0.0, 0.0] angvel=[0.0, 0.0, 0.0] linvel=[0.0, 0.0, 0.0] z=0.7975
[TWIN] /tf_static: 6 edges (base_link->dog_imu_link, livox_frame->livox_imu, camera_link->camera_color_frame, camera_color_frame->camera_color_optical_frame, camera_link->camera_depth_frame, camera_depth_frame->camera_depth_optical_frame)
[TWIN] rendering_dt=0.020000s (50.00 Hz) requested 0.020000s
[TWIN] lidar cloud publisher SKIPPED (TWIN_LIDAR=0)
[TWIN] IMU -> /ferox/g1_01/imu/data (frame dog_imu_link, 93.7 Hz, rclpy)
[TWIN] IMU -> /livox/imu (frame livox_frame, 200.0 Hz, rclpy)
[TWIN] odom -> /ferox/g1_01/odom
[TWIN] interface up
[PANTHERA-MARK] F: setup_ros() done
[lowlevel-sim][GT] t=0.351 quat=[1.0, 0.0, 0.0, 0.0] angvel=[0.0, 0.0, 0.0] linvel=[0.0, 0.0, 0.0] z=0.7975
[PANTHERA-MARK] G: before runner.run() — entering main loop
[lowlevel-sim][GT] t=0.401 quat=[1.0, 0.0, 0.0, 0.0] angvel=[0.0, 0.0, 0.0] linvel=[0.0, 0.0, 0.0] z=0.7975
[lowlevel-sim][GT] t=0.451 quat=[1.0, 0.0, 0.0, 0.0] angvel=[0.0, 0.0, 0.0] linvel=[0.0, 0.0, 0.0] z=0.7975
[lowlevel-sim] t=   0.50 mode=hold       pd=499 hold=499 failclosed=0 rtf=0.193 base_z=+0.798 pitch=+0.000 roll=+0.000 |tau|max= 35.00 sat=5/29 knee_L=+0.300 hip_p_L=-0.100 torn=499
[lowlevel-sim][GT] t=0.501 quat=[1.0, 0.0, 0.0, 0.0] angvel=[0.0, 0.0, 0.0] linvel=[0.0, 0.0, 0.0] z=0.7975
[lowlevel-sim][GT] t=0.551 quat=[1.0, 0.0, 0.0, 0.0] angvel=[0.0, 0.0, 0.0] linvel=[0.0, 0.0, 0.0] z=0.7975
[lowlevel-sim][GT] t=0.601 quat=[1.0, 0.0, 0.0, 0.0] angvel=[0.0, 0.0, 0.0] linvel=[0.0, 0.0, 0.0] z=0.7975
[lowlevel-sim][GT] t=0.651 quat=[1.0, 0.0, 0.0, 0.0] angvel=[0.0, 0.0, 0.0] linvel=[0.0, 0.0, 0.0] z=0.7975
[lowlevel-sim][GT] t=0.701 quat=[1.0, 0.0, 0.0, 0.0] angvel=[0.0, 0.0, 0.0] linvel=[0.0, 0.0, 0.0] z=0.7975
[lowlevel-sim][GT] t=0.751 quat=[1.0, 0.0, 0.0, 0.0] angvel=[0.0, 0.0, 0.0] linvel=[0.0, 0.0, 0.0] z=0.7975
[lowlevel-sim][GT] t=0.801 quat=[1.0, 0.0, 0.0, 0.0] angvel=[0.0, 0.0, 0.0] linvel=[0.0, 0.0, 0.0] z=0.7975
[lowlevel-sim][GT] t=0.851 quat=[1.0, 0.0, 0.0, 0.0] angvel=[0.0, 0.0, 0.0] linvel=[0.0, 0.0, 0.0] z=0.7975
[lowlevel-sim][GT] t=0.901 quat=[1.0, 0.0, 0.0, 0.0] angvel=[0.0, 0.0, 0.0] linvel=[0.0, 0.0, 0.0] z=0.7975
[lowlevel-sim][GT] t=0.951 quat=[1.0, 0.0, 0.0, 0.0] angvel=[0.0, 0.0, 0.0] linvel=[0.0, 0.0, 0.0] z=0.7975
[lowlevel-sim] t=   1.00 mode=hold       pd=999 hold=999 failclosed=0 rtf=0.201 base_z=+0.798 pitch=+0.000 roll=+0.000 |tau|max= 35.00 sat=5/29 knee_L=+0.300 hip_p_L=-0.100 torn=999
[lowlevel-sim][GT] t=1.001 quat=[1.0, 0.0, 0.0, 0.0] angvel=[0.0, 0.0, 0.0] linvel=[0.0, 0.0, 0.0] z=0.7975
[lowlevel-sim][GT] t=1.051 quat=[1.0, 0.0, 0.0, 0.0] angvel=[0.0, 0.0, 0.0] linvel=[0.0, 0.0, 0.0] z=0.7975
[lowlevel-sim][GT] t=1.101 quat=[1.0, 0.0, 0.0, 0.0] angvel=[0.0, 0.0, 0.0] linvel=[0.0, 0.0, 0.0] z=0.7975
[lowlevel-sim][GT] t=1.151 quat=[1.0, 0.0, 0.0, 0.0] angvel=[0.0, 0.0, 0.0] linvel=[0.0, 0.0, 0.0] z=0.7975
[lowlevel-sim][GT] t=1.201 quat=[1.0, 0.0, 0.0, 0.0] angvel=[0.0, 0.0, 0.0] linvel=[0.0, 0.0, 0.0] z=0.7975
[lowlevel-sim][GT] t=1.251 quat=[1.0, 0.0, 0.0, 0.0] angvel=[0.0, 0.0, 0.0] linvel=[0.0, 0.0, 0.0] z=0.7975
[lowlevel-sim][GT] t=1.301 quat=[1.0, 0.0, 0.0, 0.0] angvel=[0.0, 0.0, 0.0] linvel=[0.0, 0.0, 0.0] z=0.7975
[lowlevel-sim][GT] t=1.351 quat=[1.0, 0.0, 0.0, 0.0] angvel=[0.0, 0.0, 0.0] linvel=[0.0, 0.0, 0.0] z=0.7975
[lowlevel-sim][GT] t=1.401 quat=[1.0, 0.0, 0.0, 0.0] angvel=[0.0, 0.0, 0.0] linvel=[0.0, 0.0, 0.0] z=0.7975
[lowlevel-sim][GT] t=1.451 quat=[1.0, 0.0, 0.0, 0.0] angvel=[0.0, 0.0, 0.0] linvel=[0.0, 0.0, 0.0] z=0.7975
[lowlevel-sim] t=   1.50 mode=hold       pd=1499 hold=1499 failclosed=0 rtf=0.209 base_z=+0.798 pitch=+0.000 roll=+0.000 |tau|max= 35.00 sat=5/29 knee_L=+0.300 hip_p_L=-0.100 torn=1499
[lowlevel-sim][GT] t=1.501 quat=[1.0, 0.0, 0.0, 0.0] angvel=[0.0, 0.0, 0.0] linvel=[0.0, 0.0, 0.0] z=0.7975
[lowlevel-sim][GT] t=1.551 quat=[1.0, 0.0, 0.0, 0.0] angvel=[0.0, 0.0, 0.0] linvel=[0.0, 0.0, 0.0] z=0.7975
[lowlevel-sim][GT] t=1.601 quat=[1.0, 0.0, 0.0, 0.0] angvel=[0.0, 0.0, 0.0] linvel=[0.0, 0.0, 0.0] z=0.7975
[lowlevel-sim][GT] t=1.651 quat=[1.0, 0.0, 0.0, 0.0] angvel=[0.0, 0.0, 0.0] linvel=[0.0, 0.0, 0.0] z=0.7975
[lowlevel-sim][GT] t=1.701 quat=[1.0, 0.0, 0.0, 0.0] angvel=[0.0, 0.0, 0.0] linvel=[0.0, 0.0, 0.0] z=0.7975
[lowlevel-sim][GT] t=1.751 quat=[1.0, 0.0, 0.0, 0.0] angvel=[0.0, 0.0, 0.0] linvel=[0.0, 0.0, 0.0] z=0.7975
[lowlevel-sim][GT] t=1.801 quat=[1.0, 0.0, 0.0, 0.0] angvel=[0.0, 0.0, 0.0] linvel=[0.0, 0.0, 0.0] z=0.7975
[lowlevel-sim][GT] t=1.851 quat=[1.0, 0.0, 0.0, 0.0] angvel=[0.0, 0.0, 0.0] linvel=[0.0, 0.0, 0.0] z=0.7975
[lowlevel-sim][GT] t=1.901 quat=[1.0, 0.0, 0.0, 0.0] angvel=[0.0, 0.0, 0.0] linvel=[0.0, 0.0, 0.0] z=0.7975
[lowlevel-sim][GT] t=1.951 quat=[1.0, 0.0, 0.0, 0.0] angvel=[0.0, 0.0, 0.0] linvel=[0.0, 0.0, 0.0] z=0.7975
[lowlevel-sim] t=   2.00 mode=hold       pd=1999 hold=1999 failclosed=0 rtf=0.219 base_z=+0.798 pitch=+0.000 roll=+0.000 |tau|max= 35.00 sat=5/29 knee_L=+0.300 hip_p_L=-0.100 torn=1999
[lowlevel-sim][GT] t=2.001 quat=[1.0, 0.0, 0.0, 0.0] angvel=[0.0, 0.0, 0.0] linvel=[0.0, 0.0, 0.0] z=0.7975
[lowlevel-sim][GT] t=2.051 quat=[1.0, 0.0, 0.0, 0.0] angvel=[0.0, 0.0, 0.0] linvel=[0.0, 0.0, 0.0] z=0.7975
[lowlevel-sim][GT] t=2.101 quat=[1.0, 0.0, 0.0, 0.0] angvel=[0.0, 0.0, 0.0] linvel=[0.0, 0.0, 0.0] z=0.7975
[lowlevel-sim][GT] t=2.151 quat=[1.0, 0.0, 0.0, 0.0] angvel=[0.0, 0.0, 0.0] linvel=[0.0, 0.0, 0.0] z=0.7975
[lowlevel-sim][GT] t=2.201 quat=[1.0, 0.0, 0.0, 0.0] angvel=[0.0, 0.0, 0.0] linvel=[0.0, 0.0, 0.0] z=0.7975
[lowlevel-sim][GT] t=2.251 quat=[1.0, 0.0, 0.0, 0.0] angvel=[0.0, 0.0, 0.0] linvel=[0.0, 0.0, 0.0] z=0.7975
[lowlevel-sim][GT] t=2.301 quat=[1.0, 0.0, 0.0, 0.0] angvel=[0.0, 0.0, 0.0] linvel=[0.0, 0.0, 0.0] z=0.7975
[lowlevel-sim][GT] t=2.351 quat=[1.0, 0.0, 0.0, 0.0] angvel=[0.0, 0.0, 0.0] linvel=[0.0, 0.0, 0.0] z=0.7975
[lowlevel-sim][GT] t=2.401 quat=[1.0, 0.0, 0.0, 0.0] angvel=[0.0, 0.0, 0.0] linvel=[0.0, 0.0, 0.0] z=0.7975
[lowlevel-sim][GT] t=2.451 quat=[1.0, 0.0, 0.0, 0.0] angvel=[0.0, 0.0, 0.0] linvel=[0.0, 0.0, 0.0] z=0.7975
[lowlevel-sim] t=   2.50 mode=hold       pd=2499 hold=2499 failclosed=0 rtf=0.229 base_z=+0.798 pitch=+0.000 roll=+0.000 |tau|max= 35.00 sat=5/29 knee_L=+0.300 hip_p_L=-0.100 torn=2499
[lowlevel-sim][GT] t=2.501 quat=[1.0, 0.0, 0.0, 0.0] angvel=[0.0, 0.0, 0.0] linvel=[0.0, 0.0, 0.0] z=0.7975
[lowlevel-sim][GT] t=2.551 quat=[1.0, 0.0, 0.0, 0.0] angvel=[0.0, 0.0, 0.0] linvel=[0.0, 0.0, 0.0] z=0.7975
[lowlevel-sim][GT] t=2.601 quat=[1.0, 0.0, 0.0, 0.0] angvel=[0.0, 0.0, 0.0] linvel=[0.0, 0.0, 0.0] z=0.7975
[lowlevel-sim][GT] t=2.651 quat=[1.0, 0.0, 0.0, 0.0] angvel=[0.0, 0.0, 0.0] linvel=[0.0, 0.0, 0.0] z=0.7975
[lowlevel-sim][GT] t=2.701 quat=[1.0, 0.0, 0.0, 0.0] angvel=[0.0, 0.0, 0.0] linvel=[0.0, 0.0, 0.0] z=0.7975
[lowlevel-sim][GT] t=2.751 quat=[1.0, 0.0, 0.0, 0.0] angvel=[0.0, 0.0, 0.0] linvel=[0.0, 0.0, 0.0] z=0.7975
[lowlevel-sim][GT] t=2.801 quat=[1.0, 0.0, 0.0, 0.0] angvel=[0.0, 0.0, 0.0] linvel=[0.0, 0.0, 0.0] z=0.7975
[lowlevel-sim][GT] t=2.851 quat=[1.0, 0.0, 0.0, 0.0] angvel=[0.0, 0.0, 0.0] linvel=[0.0, 0.0, 0.0] z=0.7975
[lowlevel-sim][GT] t=2.901 quat=[1.0, 0.0, 0.0, 0.0] angvel=[0.0, 0.0, 0.0] linvel=[0.0, 0.0, 0.0] z=0.7975
[lowlevel-sim][GT] t=2.951 quat=[1.0, 0.0, 0.0, 0.0] angvel=[0.0, 0.0, 0.0] linvel=[0.0, 0.0, 0.0] z=0.7975
[lowlevel-sim] t=   3.00 mode=hold       pd=2999 hold=2999 failclosed=0 rtf=0.236 base_z=+0.798 pitch=+0.000 roll=+0.000 |tau|max= 35.00 sat=5/29 knee_L=+0.300 hip_p_L=-0.100 torn=2999
[lowlevel-sim][GT] t=3.001 quat=[1.0, 0.0, 0.0, 0.0] angvel=[0.0, 0.0, 0.0] linvel=[0.0, 0.0, 0.0] z=0.7975
[lowlevel-sim][GT] t=3.051 quat=[1.0, 0.0, 0.0, 0.0] angvel=[0.0, 0.0, 0.0] linvel=[0.0, 0.0, 0.0] z=0.7975
[lowlevel-sim][GT] t=3.101 quat=[1.0, 0.0, 0.0, 0.0] angvel=[0.0, 0.0, 0.0] linvel=[0.0, 0.0, 0.0] z=0.7975
[lowlevel-sim][GT] t=3.151 quat=[1.0, 0.0, 0.0, 0.0] angvel=[0.0, 0.0, 0.0] linvel=[0.0, 0.0, 0.0] z=0.7975
[lowlevel-sim][GT] t=3.201 quat=[1.0, 0.0, 0.0, 0.0] angvel=[0.0, 0.0, 0.0] linvel=[0.0, 0.0, 0.0] z=0.7975
[lowlevel-sim][GT] t=3.251 quat=[1.0, 0.0, 0.0, 0.0] angvel=[0.0, 0.0, 0.0] linvel=[0.0, 0.0, 0.0] z=0.7975
[lowlevel-sim][GT] t=3.301 quat=[1.0, 0.0, 0.0, 0.0] angvel=[0.0, 0.0, 0.0] linvel=[0.0, 0.0, 0.0] z=0.7975
[lowlevel-sim][GT] t=3.351 quat=[1.0, 0.0, 0.0, 0.0] angvel=[0.0, 0.0, 0.0] linvel=[0.0, 0.0, 0.0] z=0.7975
[lowlevel-sim][GT] t=3.401 quat=[1.0, 0.0, 0.0, 0.0] angvel=[0.0, 0.0, 0.0] linvel=[0.0, 0.0, 0.0] z=0.7975
[lowlevel-sim][GT] t=3.451 quat=[1.0, 0.0, 0.0, 0.0] angvel=[0.0, 0.0, 0.0] linvel=[0.0, 0.0, 0.0] z=0.7975
[lowlevel-sim] t=   3.50 mode=hold       pd=3499 hold=3499 failclosed=0 rtf=0.235 base_z=+0.798 pitch=+0.000 roll=+0.000 |tau|max= 35.00 sat=5/29 knee_L=+0.300 hip_p_L=-0.100 torn=3499
[lowlevel-sim][GT] t=3.501 quat=[1.0, 0.0, 0.0, 0.0] angvel=[0.0, 0.0, 0.0] linvel=[0.0, 0.0, 0.0] z=0.7975
[lowlevel-sim][GT] t=3.551 quat=[1.0, 0.0, 0.0, 0.0] angvel=[0.0, 0.0, 0.0] linvel=[0.0, 0.0, 0.0] z=0.7975
[lowlevel-sim][GT] t=3.601 quat=[1.0, 0.0, 0.0, 0.0] angvel=[0.0, 0.0, 0.0] linvel=[0.0, 0.0, 0.0] z=0.7975
[lowlevel-sim][GT] t=3.651 quat=[1.0, 0.0, 0.0, 0.0] angvel=[0.0, 0.0, 0.0] linvel=[0.0, 0.0, 0.0] z=0.7975
[lowlevel-sim][GT] t=3.701 quat=[1.0, 0.0, 0.0, 0.0] angvel=[0.0, 0.0, 0.0] linvel=[0.0, 0.0, 0.0] z=0.7975
[lowlevel-sim][GT] t=3.751 quat=[1.0, 0.0, 0.0, 0.0] angvel=[0.0, 0.0, 0.0] linvel=[0.0, 0.0, 0.0] z=0.7975
[lowlevel-sim][GT] t=3.801 quat=[1.0, 0.0, 0.0, 0.0] angvel=[0.0, 0.0, 0.0] linvel=[0.0, 0.0, 0.0] z=0.7975
[lowlevel-sim][GT] t=3.851 quat=[1.0, 0.0, 0.0, 0.0] angvel=[0.0, 0.0, 0.0] linvel=[0.0, 0.0, 0.0] z=0.7975
[lowlevel-sim][GT] t=3.901 quat=[1.0, 0.0, 0.0, 0.0] angvel=[0.0, 0.0, 0.0] linvel=[0.0, 0.0, 0.0] z=0.7975
[lowlevel-sim][GT] t=3.951 quat=[1.0, 0.0, 0.0, 0.0] angvel=[0.0, 0.0, 0.0] linvel=[0.0, 0.0, 0.0] z=0.7975
[lowlevel-sim] t=   4.00 mode=hold       pd=3999 hold=3999 failclosed=0 rtf=0.233 base_z=+0.798 pitch=+0.000 roll=+0.000 |tau|max= 35.00 sat=5/29 knee_L=+0.300 hip_p_L=-0.100 torn=3999
[lowlevel-sim][GT] t=4.001 quat=[1.0, 0.0, 0.0, 0.0] angvel=[0.0, 0.0, 0.0] linvel=[0.0, 0.0, 0.0] z=0.7975
[lowlevel-sim][GT] t=4.051 quat=[1.0, 0.0, 0.0, 0.0] angvel=[0.0, 0.0, 0.0] linvel=[0.0, 0.0, 0.0] z=0.7975
[lowlevel-sim][GT] t=4.101 quat=[1.0, 0.0, 0.0, 0.0] angvel=[0.0, 0.0, 0.0] linvel=[0.0, 0.0, 0.0] z=0.7975
[lowlevel-sim][GT] t=4.151 quat=[1.0, 0.0, 0.0, 0.0] angvel=[0.0, 0.0, 0.0] linvel=[0.0, 0.0, 0.0] z=0.7975
[lowlevel-sim][GT] t=4.201 quat=[1.0, 0.0, 0.0, 0.0] angvel=[0.0, 0.0, 0.0] linvel=[0.0, 0.0, 0.0] z=0.7975
[lowlevel-sim][GT] t=4.251 quat=[1.0, 0.0, 0.0, 0.0] angvel=[0.0, 0.0, 0.0] linvel=[0.0, 0.0, 0.0] z=0.7975
[lowlevel-sim][GT] t=4.301 quat=[1.0, 0.0, 0.0, 0.0] angvel=[0.0, 0.0, 0.0] linvel=[0.0, 0.0, 0.0] z=0.7975
[lowlevel-sim][GT] t=4.351 quat=[1.0, 0.0, 0.0, 0.0] angvel=[0.0, 0.0, 0.0] linvel=[0.0, 0.0, 0.0] z=0.7975
[lowlevel-sim][GT] t=4.401 quat=[1.0, 0.0, 0.0, 0.0] angvel=[0.0, 0.0, 0.0] linvel=[0.0, 0.0, 0.0] z=0.7975
[lowlevel-sim][GT] t=4.451 quat=[1.0, 0.0, 0.0, 0.0] angvel=[0.0, 0.0, 0.0] linvel=[0.0, 0.0, 0.0] z=0.7975
[lowlevel-sim] t=   4.50 mode=hold       pd=4499 hold=4499 failclosed=0 rtf=0.233 base_z=+0.798 pitch=+0.000 roll=+0.000 |tau|max= 35.00 sat=5/29 knee_L=+0.300 hip_p_L=-0.100 torn=4499
[lowlevel-sim][GT] t=4.501 quat=[1.0, 0.0, 0.0, 0.0] angvel=[0.0, 0.0, 0.0] linvel=[0.0, 0.0, 0.0] z=0.7975
[lowlevel-sim][GT] t=4.551 quat=[1.0, 0.0, 0.0, 0.0] angvel=[0.0, 0.0, 0.0] linvel=[0.0, 0.0, 0.0] z=0.7975
[lowlevel-sim][GT] t=4.601 quat=[1.0, 0.0, 0.0, 0.0] angvel=[0.0, 0.0, 0.0] linvel=[0.0, 0.0, 0.0] z=0.7975
[lowlevel-sim][GT] t=4.651 quat=[1.0, 0.0, 0.0, 0.0] angvel=[0.0, 0.0, 0.0] linvel=[0.0, 0.0, 0.0] z=0.7975
[lowlevel-sim][GT] t=4.701 quat=[1.0, 0.0, 0.0, 0.0] angvel=[0.0, 0.0, 0.0] linvel=[0.0, 0.0, 0.0] z=0.7975
[lowlevel-sim][GT] t=4.751 quat=[1.0, 0.0, 0.0, 0.0] angvel=[0.0, 0.0, 0.0] linvel=[0.0, 0.0, 0.0] z=0.7975
[lowlevel-sim][GT] t=4.801 quat=[1.0, 0.0, 0.0, 0.0] angvel=[0.0, 0.0, 0.0] linvel=[0.0, 0.0, 0.0] z=0.7975
[lowlevel-sim][GT] t=4.851 quat=[1.0, 0.0, 0.0, 0.0] angvel=[0.0, 0.0, 0.0] linvel=[0.0, 0.0, 0.0] z=0.7975
[lowlevel-sim][GT] t=4.901 quat=[1.0, 0.0, 0.0, 0.0] angvel=[0.0, 0.0, 0.0] linvel=[0.0, 0.0, 0.0] z=0.7975
[lowlevel-sim][GT] t=4.951 quat=[1.0, 0.0, 0.0, 0.0] angvel=[0.0, 0.0, 0.0] linvel=[0.0, 0.0, 0.0] z=0.7975
[lowlevel-sim] t=   5.00 mode=hold       pd=4999 hold=4999 failclosed=0 rtf=0.230 base_z=+0.798 pitch=+0.000 roll=+0.000 |tau|max= 35.00 sat=5/29 knee_L=+0.300 hip_p_L=-0.100 torn=4999
[lowlevel-sim][GT] t=5.001 quat=[1.0, 0.0, 0.0, 0.0] angvel=[0.0, 0.0, 0.0] linvel=[0.0, 0.0, 0.0] z=0.7975
[lowlevel-sim][GT] t=5.051 quat=[1.0, 0.0, 0.0, 0.0] angvel=[0.0, 0.0, 0.0] linvel=[0.0, 0.0, 0.0] z=0.7975
[lowlevel-sim][GT] t=5.101 quat=[1.0, 0.0, 0.0, 0.0] angvel=[0.0, 0.0, 0.0] linvel=[0.0, 0.0, 0.0] z=0.7975
[lowlevel-sim][GT] t=5.151 quat=[1.0, 0.0, 0.0, 0.0] angvel=[0.0, 0.0, 0.0] linvel=[0.0, 0.0, 0.0] z=0.7975
[lowlevel-sim][GT] t=5.201 quat=[1.0, 0.0, 0.0, 0.0] angvel=[0.0, 0.0, 0.0] linvel=[0.0, 0.0, 0.0] z=0.7975
[lowlevel-sim][GT] t=5.251 quat=[1.0, 0.0, 0.0, 0.0] angvel=[0.0, 0.0, 0.0] linvel=[0.0, 0.0, 0.0] z=0.7975
[lowlevel-sim][GT] t=5.301 quat=[1.0, 0.0, 0.0, 0.0] angvel=[0.0, 0.0, 0.0] linvel=[0.0, 0.0, 0.0] z=0.7975
[lowlevel-sim][GT] t=5.351 quat=[1.0, 0.0, 0.0, 0.0] angvel=[0.0, 0.0, 0.0] linvel=[0.0, 0.0, 0.0] z=0.7975
[lowlevel-sim][GT] t=5.401 quat=[1.0, 0.0, 0.0, 0.0] angvel=[0.0, 0.0, 0.0] linvel=[0.0, 0.0, 0.0] z=0.7975
[lowlevel-sim][GT] t=5.451 quat=[1.0, 0.0, 0.0, 0.0] angvel=[0.0, 0.0, 0.0] linvel=[0.0, 0.0, 0.0] z=0.7975
[lowlevel-sim] t=   5.50 mode=hold       pd=5499 hold=5499 failclosed=0 rtf=0.232 base_z=+0.798 pitch=+0.000 roll=+0.000 |tau|max= 35.00 sat=5/29 knee_L=+0.300 hip_p_L=-0.100 torn=5499
[lowlevel-sim][GT] t=5.501 quat=[1.0, 0.0, 0.0, 0.0] angvel=[0.0, 0.0, 0.0] linvel=[0.0, 0.0, 0.0] z=0.7975
[lowlevel-sim][GT] t=5.551 quat=[1.0, 0.0, 0.0, 0.0] angvel=[0.0, 0.0, 0.0] linvel=[0.0, 0.0, 0.0] z=0.7975
[lowlevel-sim][GT] t=5.601 quat=[1.0, 0.0, 0.0, 0.0] angvel=[0.0, 0.0, 0.0] linvel=[0.0, 0.0, 0.0] z=0.7975
[lowlevel-sim][GT] t=5.651 quat=[1.0, 0.0, 0.0, 0.0] angvel=[0.0, 0.0, 0.0] linvel=[0.0, 0.0, 0.0] z=0.7975
[lowlevel-sim][GT] t=5.701 quat=[1.0, 0.0, 0.0, 0.0] angvel=[0.0, 0.0, 0.0] linvel=[0.0, 0.0, 0.0] z=0.7975
[lowlevel-sim][GT] t=5.751 quat=[1.0, 0.0, 0.0, 0.0] angvel=[0.0, 0.0, 0.0] linvel=[0.0, 0.0, 0.0] z=0.7975
[lowlevel-sim][GT] t=5.801 quat=[1.0, 0.0, 0.0, 0.0] angvel=[0.0, 0.0, 0.0] linvel=[0.0, 0.0, 0.0] z=0.7975
[lowlevel-sim][GT] t=5.851 quat=[1.0, 0.0, 0.0, 0.0] angvel=[0.0, 0.0, 0.0] linvel=[0.0, 0.0, 0.0] z=0.7975
[lowlevel-sim][GT] t=5.901 quat=[1.0, 0.0, 0.0, 0.0] angvel=[0.0, 0.0, 0.0] linvel=[0.0, 0.0, 0.0] z=0.7975
[lowlevel-sim][GT] t=5.951 quat=[1.0, 0.0, 0.0, 0.0] angvel=[0.0, 0.0, 0.0] linvel=[0.0, 0.0, 0.0] z=0.7975
[lowlevel-sim] t=   6.00 mode=hold       pd=5999 hold=5999 failclosed=0 rtf=0.230 base_z=+0.798 pitch=+0.000 roll=+0.000 |tau|max= 35.00 sat=5/29 knee_L=+0.300 hip_p_L=-0.100 torn=5999
[lowlevel-sim][GT] t=6.001 quat=[1.0, 0.0, 0.0, 0.0] angvel=[0.0, 0.0, 0.0] linvel=[0.0, 0.0, 0.0] z=0.7975
[lowlevel-sim][GT] t=6.051 quat=[1.0, 0.0, 0.0, 0.0] angvel=[0.0, 0.0, 0.0] linvel=[0.0, 0.0, 0.0] z=0.7975
[lowlevel-sim][GT] t=6.101 quat=[1.0, 0.0, 0.0, 0.0] angvel=[0.0, 0.0, 0.0] linvel=[0.0, 0.0, 0.0] z=0.7975
[lowlevel-sim][GT] t=6.151 quat=[1.0, 0.0, 0.0, 0.0] angvel=[0.0, 0.0, 0.0] linvel=[0.0, 0.0, 0.0] z=0.7975
[lowlevel-sim][GT] t=6.201 quat=[1.0, 0.0, 0.0, 0.0] angvel=[0.0, 0.0, 0.0] linvel=[0.0, 0.0, 0.0] z=0.7975
[lowlevel-sim][GT] t=6.251 quat=[1.0, 0.0, 0.0, 0.0] angvel=[0.0, 0.0, 0.0] linvel=[0.0, 0.0, 0.0] z=0.7975
[lowlevel-sim][GT] t=6.301 quat=[1.0, 0.0, 0.0, 0.0] angvel=[0.0, 0.0, 0.0] linvel=[0.0, 0.0, 0.0] z=0.7975
[lowlevel-sim][GT] t=6.351 quat=[1.0, 0.0, 0.0, 0.0] angvel=[0.0, 0.0, 0.0] linvel=[0.0, 0.0, 0.0] z=0.7975
[lowlevel-sim][GT] t=6.401 quat=[1.0, 0.0, 0.0, 0.0] angvel=[0.0, 0.0, 0.0] linvel=[0.0, 0.0, 0.0] z=0.7975
[lowlevel-sim][GT] t=6.451 quat=[1.0, 0.0, 0.0, 0.0] angvel=[0.0, 0.0, 0.0] linvel=[0.0, 0.0, 0.0] z=0.7975
[lowlevel-sim] t=   6.50 mode=hold       pd=6499 hold=6499 failclosed=0 rtf=0.227 base_z=+0.798 pitch=+0.000 roll=+0.000 |tau|max= 35.00 sat=5/29 knee_L=+0.300 hip_p_L=-0.100 torn=6499
[lowlevel-sim][GT] t=6.501 quat=[1.0, 0.0, 0.0, 0.0] angvel=[0.0, 0.0, 0.0] linvel=[0.0, 0.0, 0.0] z=0.7975
