cat: '/sys/devices/system/cpu/cpu*/cpufreq/scaling_governor': No such file or directory
[INFO][AppLauncher]: Using device: cuda:0
[INFO][AppLauncher]: Loading experience file: /IsaacLab/apps/isaaclab.python.headless.kit
[INFO]: Parsing configuration from: unitree_rl_lab.tasks.locomotion.robots.g1.29dof.velocity_env_cfg:RobotEnvCfg

[36m======================================================================================[0m
[36m[1m[INFO][IsaacLab]: Logging to file: /tmp/isaaclab/logs/isaaclab_2026-08-19_07-26-29.log[0m
[36m======================================================================================[0m

[33m07:26:29 [simulation_context.py] WARNING: The `enable_external_forces_every_iteration` parameter in the PhysxCfg is set to False. If you are experiencing noisy velocities, consider enabling this flag. You may need to slightly increase the number of velocity iterations (setting it to 1 or 2 rather than 0), together with this flag, to improve the accuracy of velocity updates.[0m
[INFO]: Base environment:
	Environment device    : cuda:0
	Environment seed      : None
	Physics step-size     : 0.005
	Rendering step-size   : 0.02
	Environment step-size : 0.02
[INFO] Generating terrains based on curriculum took : 0.193940 seconds
[INFO]: Time taken for scene creation : 0.362912 seconds
[INFO]: Scene manager:  <class InteractiveScene>
	Number of environments: 1
	Environment spacing   : 2.5
	Source prim name      : /World/envs/env_0
	Global prim paths     : ['/World/ground']
	Replicate physics     : True
[INFO]: Starting the simulation. This may take a few seconds. Please wait...
[INFO]: Time taken for simulation start : 0.357325 seconds
[INFO] Command Manager:  <CommandManager> contains 1 active terms.
+------------------------------------------------+
|              Active Command Terms              |
+-------+---------------+------------------------+
| Index | Name          |          Type          |
+-------+---------------+------------------------+
|   0   | base_velocity | UniformVelocityCommand |
+-------+---------------+------------------------+

[INFO] Event Manager:  <EventManager> contains 3 active terms.
+---------------------------------------+
| Active Event Terms in Mode: 'startup' |
+----------+----------------------------+
|  Index   | Name                       |
+----------+----------------------------+
|    0     | physics_material           |
|    1     | add_base_mass              |
+----------+----------------------------+
+-------------------------------------+
| Active Event Terms in Mode: 'reset' |
+-------+-----------------------------+
| Index | Name                        |
+-------+-----------------------------+
|   0   | base_external_force_torque  |
|   1   | reset_base                  |
|   2   | reset_robot_joints          |
+-------+-----------------------------+
+----------------------------------------------+
|    Active Event Terms in Mode: 'interval'    |
+-------+------------+-------------------------+
| Index | Name       | Interval time range (s) |
+-------+------------+-------------------------+
|   0   | push_robot |        (5.0, 5.0)       |
+-------+------------+-------------------------+

[INFO] Recorder Manager:  <RecorderManager> contains 0 active terms.
+-----------------------+
| Active Recorder Terms |
+------------+----------+
|   Index    | Name     |
+------------+----------+
+------------+----------+

[INFO] Action Manager:  <ActionManager> contains 1 active terms.
+-----------------------------------------+
|     Active Action Terms (shape: 29)     |
+-------+---------------------+-----------+
| Index | Name                | Dimension |
+-------+---------------------+-----------+
|   0   | JointPositionAction |        29 |
+-------+---------------------+-----------+

[INFO] Observation Manager: <ObservationManager> contains 2 groups.
+-------------------------------------------------------------+
| Active Observation Terms in Group: 'policy' (shape: (480,)) |
+-----------+----------------------------------+--------------+
|   Index   | Name                             |    Shape     |
+-----------+----------------------------------+--------------+
|     0     | base_ang_vel                     |    (15,)     |
|     1     | projected_gravity                |    (15,)     |
|     2     | velocity_commands                |    (15,)     |
|     3     | joint_pos_rel                    |    (145,)    |
|     4     | joint_vel_rel                    |    (145,)    |
|     5     | last_action                      |    (145,)    |
+-----------+----------------------------------+--------------+
+-------------------------------------------------------------+
| Active Observation Terms in Group: 'critic' (shape: (495,)) |
+-----------+----------------------------------+--------------+
|   Index   | Name                             |    Shape     |
+-----------+----------------------------------+--------------+
|     0     | base_lin_vel                     |    (15,)     |
|     1     | base_ang_vel                     |    (15,)     |
|     2     | projected_gravity                |    (15,)     |
|     3     | velocity_commands                |    (15,)     |
|     4     | joint_pos_rel                    |    (145,)    |
|     5     | joint_vel_rel                    |    (145,)    |
|     6     | last_action                      |    (145,)    |
+-----------+----------------------------------+--------------+

[INFO] Termination Manager:  <TerminationManager> contains 3 active terms.
+------------------------------------+
|      Active Termination Terms      |
+-------+-----------------+----------+
| Index | Name            | Time Out |
+-------+-----------------+----------+
|   0   | time_out        |   True   |
|   1   | base_height     |  False   |
|   2   | bad_orientation |  False   |
+-------+-----------------+----------+

[INFO] Reward Manager:  <RewardManager> contains 19 active terms.
+-------------------------------------------+
|            Active Reward Terms            |
+-------+------------------------+----------+
| Index | Name                   |   Weight |
+-------+------------------------+----------+
|   0   | track_lin_vel_xy       |      1.0 |
|   1   | track_ang_vel_z        |      0.5 |
|   2   | alive                  |     0.15 |
|   3   | base_linear_velocity   |     -2.0 |
|   4   | base_angular_velocity  |    -0.05 |
|   5   | joint_vel              |   -0.001 |
|   6   | joint_acc              | -2.5e-07 |
|   7   | action_rate            |    -0.05 |
|   8   | dof_pos_limits         |     -5.0 |
|   9   | energy                 |   -2e-05 |
|   10  | joint_deviation_arms   |     -0.1 |
|   11  | joint_deviation_waists |       -1 |
|   12  | joint_deviation_legs   |     -1.0 |
|   13  | flat_orientation_l2    |     -5.0 |
|   14  | base_height            |      -10 |
|   15  | gait                   |      0.5 |
|   16  | feet_slide             |     -0.2 |
|   17  | feet_clearance         |      1.0 |
|   18  | undesired_contacts     |       -1 |
+-------+------------------------+----------+

[INFO] Curriculum Manager:  <CurriculumManager> contains 2 active terms.
+----------------------------+
|  Active Curriculum Terms   |
+-------+--------------------+
| Index | Name               |
+-------+--------------------+
|   0   | terrain_levels     |
|   1   | lin_vel_cmd_levels |
+-------+--------------------+

[INFO]: Completed setting up the environment...
[obs] shape (1, 480)
  wz=-1.00  dyaw= -4.714 rad over 8.00s  rate=-0.5893 ( +58.9%)  zmin=0.775
[obs] shape (1, 480)
  wz=+1.00  dyaw= +2.927 rad over 8.00s  rate=+0.3659 ( +36.6%)  zmin=0.772
[obs] shape (1, 480)
  wz=+0.50  dyaw= +0.196 rad over 8.00s  rate=+0.0245 (  +4.9%)  zmin=0.783
[obs] shape (1, 480)
  wz=-0.50  dyaw= -0.227 rad over 8.00s  rate=-0.0284 (  +5.7%)  zmin=0.784
Loading user config located at: '/isaac-sim/kit/data/Kit/Isaac-Sim/5.1/user.config.json'
[Info] [carb] Logging to file: /isaac-sim/kit/logs/Kit/Isaac-Sim/5.1/kit_20260819_072626.log
2026-08-19T07:26:26Z [258ms] [Warning] [omni.platforminfo.plugin] failed to open the default display.  Can't verify X Server version.
2026-08-19T07:26:26Z [260ms] [Warning] [omni.usd_config.extension] Enable omni.materialx.libs extension to use MaterialX
2026-08-19T07:26:27Z [545ms] [Warning] [carb] Acquiring non optional plugin interface which is not listed as dependency: [omni::physx::IPhysxBenchmarks v1.0] (plugin: <default plugin>), by client: omni.physics.physx.plugin. Add it to CARB_PLUGIN_IMPL_DEPS() macro of a client.
2026-08-19T07:26:27Z [681ms] [Warning] [omni.isaac.dynamic_control] omni.isaac.dynamic_control is deprecated as of Isaac Sim 4.5. No action is needed from end-users.

|---------------------------------------------------------------------------------------------|
| Driver Version: 580.105.08    | Graphics API: Vulkan
|=============================================================================================|
| GPU | Name                             | Active | LDA | GPU Memory | Vendor-ID | LUID       |
|     |                                  |        |     |            | Device-ID | UUID       |
|     |                                  |        |     |            | Bus-ID    |            |
|---------------------------------------------------------------------------------------------|
| 0   | NVIDIA GeForce RTX 4080 SUPER    | Yes: 0 |     | 16376   MB | 10de      | 0          |
|     |                                  |        |     |            | 2702      | e61c4d7d.. |
|     |                                  |        |     |            | 0         |            |
|=============================================================================================|
| OS: 24.04.2 LTS (Noble Numbat) ubuntu, Version: 24.04.2, Kernel: 6.8.0-87-generic
| Processor: AMD Ryzen 9 9950X 16-Core Processor
| Cores: 30 | Logical Cores: 30
|---------------------------------------------------------------------------------------------|
| Total Memory (MB): 48541 | Free Memory: 36980
| Total Page/Swap (MB): 0 | Free Page/Swap: 0
|---------------------------------------------------------------------------------------------|
2026-08-19T07:26:29Z [2,806ms] [Warning] [omni.kvdb.plugin] Disabling key-value database because another kit process is locking it
2026-08-19T07:26:29Z [3,016ms] [Warning] [isaaclab.envs.manager_based_env] Seed not set for the environment. The environment creation may not be deterministic.
2026-08-19T07:26:32Z [5,906ms] [Warning] [omni.physx.fabric.plugin] FabricManager::initializePointInstancer mismatched prototypes on point instancer: /Visuals/Command/velocity_goal.
2026-08-19T07:26:32Z [5,906ms] [Warning] [omni.physx.fabric.plugin] FabricManager::initializePointInstancer mismatched prototypes on point instancer: /Visuals/Command/velocity_current.
